[0.421s] DEBUG:colcon:Command line arguments: ['/usr/bin/colcon', 'build', '--packages-select', 'habitat_driver', '--symlink-install']
[0.422s] DEBUG:colcon:Parsed command line arguments: Namespace(log_base=None, log_level=None, verb_name='build', build_base='build', install_base='install', merge_install=False, symlink_install=True, test_result_base=None, continue_on_error=False, executor='parallel', parallel_workers=4, event_handlers=None, ignore_user_meta=False, metas=['./colcon.meta'], base_paths=['.'], packages_ignore=None, packages_ignore_regex=None, paths=None, packages_up_to=None, packages_up_to_regex=None, packages_above=None, packages_above_and_dependencies=None, packages_above_depth=None, packages_select_by_dep=None, packages_skip_by_dep=None, packages_skip_up_to=None, packages_select_build_failed=False, packages_skip_build_finished=False, packages_select_test_failures=False, packages_skip_test_passed=False, packages_select=['habitat_driver'], packages_skip=None, packages_select_regex=None, packages_skip_regex=None, packages_start=None, packages_end=None, cmake_args=None, cmake_target=None, cmake_target_skip_unavailable=False, cmake_clean_cache=False, cmake_clean_first=False, cmake_force_configure=False, ament_cmake_args=None, catkin_cmake_args=None, catkin_skip_building_tests=False, mixin_files=None, mixin=None, verb_parser=<colcon_mixin.mixin.mixin_argument.MixinArgumentDecorator object at 0x7fb1cba770>, verb_extension=<colcon_core.verb.build.BuildVerb object at 0x7fb1ddf940>, main=<bound method BuildVerb.main of <colcon_core.verb.build.BuildVerb object at 0x7fb1ddf940>>, mixin_verb=('build',))
[0.838s] Level 1:colcon.colcon_core.package_discovery:discover_packages(colcon_meta) check parameters
[0.840s] INFO:colcon.colcon_metadata.package_discovery.colcon_meta:Using configuration from '/root/.colcon/metadata/default/Gazebo.meta'
[0.842s] INFO:colcon.colcon_metadata.package_discovery.colcon_meta:Using configuration from '/root/.colcon/metadata/default/fastdds.meta'
[0.844s] INFO:colcon.colcon_metadata.package_discovery.colcon_meta:Using configuration from '/root/.colcon/metadata/default/fastrtps.meta'
[0.844s] Level 1:colcon.colcon_core.package_discovery:discover_packages(recursive) check parameters
[0.844s] Level 1:colcon.colcon_core.package_discovery:discover_packages(ignore) check parameters
[0.844s] Level 1:colcon.colcon_core.package_discovery:discover_packages(path) check parameters
[0.844s] Level 1:colcon.colcon_core.package_discovery:discover_packages(colcon_meta) discover
[0.845s] Level 1:colcon.colcon_core.package_discovery:discover_packages(recursive) discover
[0.845s] INFO:colcon.colcon_core.package_discovery:Crawling recursively for packages in '/home/HabitatROS'
[0.845s] Level 1:colcon.colcon_core.package_identification:_identify(.) by extensions ['ignore', 'ignore_ament_install']
[0.845s] Level 1:colcon.colcon_core.package_identification:_identify(.) by extension 'ignore'
[0.846s] Level 1:colcon.colcon_core.package_identification:_identify(.) by extension 'ignore_ament_install'
[0.846s] Level 1:colcon.colcon_core.package_identification:_identify(.) by extensions ['colcon_pkg']
[0.846s] Level 1:colcon.colcon_core.package_identification:_identify(.) by extension 'colcon_pkg'
[0.846s] Level 1:colcon.colcon_core.package_identification:_identify(.) by extensions ['colcon_meta']
[0.846s] Level 1:colcon.colcon_core.package_identification:_identify(.) by extension 'colcon_meta'
[0.846s] Level 1:colcon.colcon_core.package_identification:_identify(.) by extensions ['ros']
[0.846s] Level 1:colcon.colcon_core.package_identification:_identify(.) by extension 'ros'
[0.887s] Level 1:colcon.colcon_core.package_identification:_identify(.) by extensions ['cmake', 'python']
[0.888s] Level 1:colcon.colcon_core.package_identification:_identify(.) by extension 'cmake'
[0.888s] Level 1:colcon.colcon_core.package_identification:_identify(.) by extension 'python'
[0.888s] Level 1:colcon.colcon_core.package_identification:_identify(.) by extensions ['python_setup_py']
[0.888s] Level 1:colcon.colcon_core.package_identification:_identify(.) by extension 'python_setup_py'
[0.889s] Level 1:colcon.colcon_core.package_identification:_identify(build) by extensions ['ignore', 'ignore_ament_install']
[0.889s] Level 1:colcon.colcon_core.package_identification:_identify(build) by extension 'ignore'
[0.889s] Level 1:colcon.colcon_core.package_identification:_identify(build) ignored
[0.889s] Level 1:colcon.colcon_core.package_identification:_identify(install) by extensions ['ignore', 'ignore_ament_install']
[0.890s] Level 1:colcon.colcon_core.package_identification:_identify(install) by extension 'ignore'
[0.890s] Level 1:colcon.colcon_core.package_identification:_identify(install) ignored
[0.890s] Level 1:colcon.colcon_core.package_identification:_identify(log) by extensions ['ignore', 'ignore_ament_install']
[0.891s] Level 1:colcon.colcon_core.package_identification:_identify(log) by extension 'ignore'
[0.891s] Level 1:colcon.colcon_core.package_identification:_identify(log) ignored
[0.891s] Level 1:colcon.colcon_core.package_identification:_identify(src) by extensions ['ignore', 'ignore_ament_install']
[0.891s] Level 1:colcon.colcon_core.package_identification:_identify(src) by extension 'ignore'
[0.892s] Level 1:colcon.colcon_core.package_identification:_identify(src) by extension 'ignore_ament_install'
[0.892s] Level 1:colcon.colcon_core.package_identification:_identify(src) by extensions ['colcon_pkg']
[0.892s] Level 1:colcon.colcon_core.package_identification:_identify(src) by extension 'colcon_pkg'
[0.892s] Level 1:colcon.colcon_core.package_identification:_identify(src) by extensions ['colcon_meta']
[0.892s] Level 1:colcon.colcon_core.package_identification:_identify(src) by extension 'colcon_meta'
[0.892s] Level 1:colcon.colcon_core.package_identification:_identify(src) by extensions ['ros']
[0.892s] Level 1:colcon.colcon_core.package_identification:_identify(src) by extension 'ros'
[0.893s] Level 1:colcon.colcon_core.package_identification:_identify(src) by extensions ['cmake', 'python']
[0.893s] Level 1:colcon.colcon_core.package_identification:_identify(src) by extension 'cmake'
[0.893s] Level 1:colcon.colcon_core.package_identification:_identify(src) by extension 'python'
[0.893s] Level 1:colcon.colcon_core.package_identification:_identify(src) by extensions ['python_setup_py']
[0.893s] Level 1:colcon.colcon_core.package_identification:_identify(src) by extension 'python_setup_py'
[0.894s] Level 1:colcon.colcon_core.package_identification:_identify(src/habitat_driver) by extensions ['ignore', 'ignore_ament_install']
[0.894s] Level 1:colcon.colcon_core.package_identification:_identify(src/habitat_driver) by extension 'ignore'
[0.894s] Level 1:colcon.colcon_core.package_identification:_identify(src/habitat_driver) by extension 'ignore_ament_install'
[0.894s] Level 1:colcon.colcon_core.package_identification:_identify(src/habitat_driver) by extensions ['colcon_pkg']
[0.894s] Level 1:colcon.colcon_core.package_identification:_identify(src/habitat_driver) by extension 'colcon_pkg'
[0.894s] Level 1:colcon.colcon_core.package_identification:_identify(src/habitat_driver) by extensions ['colcon_meta']
[0.895s] Level 1:colcon.colcon_core.package_identification:_identify(src/habitat_driver) by extension 'colcon_meta'
[0.895s] Level 1:colcon.colcon_core.package_identification:_identify(src/habitat_driver) by extensions ['ros']
[0.895s] Level 1:colcon.colcon_core.package_identification:_identify(src/habitat_driver) by extension 'ros'
[0.904s] DEBUG:colcon.colcon_core.package_identification:Package 'src/habitat_driver' with type 'ros.ament_python' and name 'habitat_driver'
[0.904s] Level 1:colcon.colcon_core.package_identification:_identify(src/habitat_msgs) by extensions ['ignore', 'ignore_ament_install']
[0.905s] Level 1:colcon.colcon_core.package_identification:_identify(src/habitat_msgs) by extension 'ignore'
[0.905s] Level 1:colcon.colcon_core.package_identification:_identify(src/habitat_msgs) by extension 'ignore_ament_install'
[0.905s] Level 1:colcon.colcon_core.package_identification:_identify(src/habitat_msgs) by extensions ['colcon_pkg']
[0.905s] Level 1:colcon.colcon_core.package_identification:_identify(src/habitat_msgs) by extension 'colcon_pkg'
[0.905s] Level 1:colcon.colcon_core.package_identification:_identify(src/habitat_msgs) by extensions ['colcon_meta']
[0.905s] Level 1:colcon.colcon_core.package_identification:_identify(src/habitat_msgs) by extension 'colcon_meta'
[0.906s] Level 1:colcon.colcon_core.package_identification:_identify(src/habitat_msgs) by extensions ['ros']
[0.906s] Level 1:colcon.colcon_core.package_identification:_identify(src/habitat_msgs) by extension 'ros'
[0.908s] DEBUG:colcon.colcon_core.package_identification:Package 'src/habitat_msgs' with type 'ros.ament_cmake' and name 'habitat_msgs'
[0.908s] Level 1:colcon.colcon_core.package_discovery:discover_packages(recursive) using defaults
[0.908s] Level 1:colcon.colcon_core.package_discovery:discover_packages(ignore) discover
[0.909s] Level 1:colcon.colcon_core.package_discovery:discover_packages(ignore) using defaults
[0.909s] Level 1:colcon.colcon_core.package_discovery:discover_packages(path) discover
[0.909s] Level 1:colcon.colcon_core.package_discovery:discover_packages(path) using defaults
[0.981s] INFO:colcon.colcon_core.package_selection:Skipping not selected package 'habitat_msgs' in 'src/habitat_msgs'
[0.982s] Level 5:colcon.colcon_core.verb:set package 'habitat_driver' build argument 'cmake_args' from command line to 'None'
[0.983s] Level 5:colcon.colcon_core.verb:set package 'habitat_driver' build argument 'cmake_target' from command line to 'None'
[0.983s] Level 5:colcon.colcon_core.verb:set package 'habitat_driver' build argument 'cmake_target_skip_unavailable' from command line to 'False'
[0.983s] Level 5:colcon.colcon_core.verb:set package 'habitat_driver' build argument 'cmake_clean_cache' from command line to 'False'
[0.983s] Level 5:colcon.colcon_core.verb:set package 'habitat_driver' build argument 'cmake_clean_first' from command line to 'False'
[0.983s] Level 5:colcon.colcon_core.verb:set package 'habitat_driver' build argument 'cmake_force_configure' from command line to 'False'
[0.983s] Level 5:colcon.colcon_core.verb:set package 'habitat_driver' build argument 'ament_cmake_args' from command line to 'None'
[0.983s] Level 5:colcon.colcon_core.verb:set package 'habitat_driver' build argument 'catkin_cmake_args' from command line to 'None'
[0.983s] Level 5:colcon.colcon_core.verb:set package 'habitat_driver' build argument 'catkin_skip_building_tests' from command line to 'False'
[0.984s] DEBUG:colcon.colcon_core.verb:Building package 'habitat_driver' with the following arguments: {'ament_cmake_args': None, 'build_base': '/home/HabitatROS/build/habitat_driver', 'catkin_cmake_args': None, 'catkin_skip_building_tests': False, 'cmake_args': None, 'cmake_clean_cache': False, 'cmake_clean_first': False, 'cmake_force_configure': False, 'cmake_target': None, 'cmake_target_skip_unavailable': False, 'install_base': '/home/HabitatROS/install/habitat_driver', 'merge_install': False, 'path': '/home/HabitatROS/src/habitat_driver', 'symlink_install': True, 'test_result_base': None}
[0.984s] INFO:colcon.colcon_core.executor:Executing jobs using 'parallel' executor
[0.988s] DEBUG:colcon.colcon_parallel_executor.executor.parallel:run_until_complete
[0.988s] INFO:colcon.colcon_ros.task.ament_python.build:Building ROS package in '/home/HabitatROS/src/habitat_driver' with build type 'ament_python'
[0.989s] Level 1:colcon.colcon_core.shell:create_environment_hook('habitat_driver', 'ament_prefix_path')
[0.998s] INFO:colcon.colcon_core.plugin_system:Skipping extension 'colcon_core.shell.bat': Not used on non-Windows systems
[0.998s] INFO:colcon.colcon_core.shell:Creating environment hook '/home/HabitatROS/install/habitat_driver/share/habitat_driver/hook/ament_prefix_path.ps1'
[1.001s] INFO:colcon.colcon_core.shell:Creating environment descriptor '/home/HabitatROS/install/habitat_driver/share/habitat_driver/hook/ament_prefix_path.dsv'
[1.003s] INFO:colcon.colcon_core.shell:Creating environment hook '/home/HabitatROS/install/habitat_driver/share/habitat_driver/hook/ament_prefix_path.sh'
[1.006s] INFO:colcon.colcon_core.shell:Skip shell extension 'powershell' for command environment: Not usable outside of PowerShell
[1.007s] DEBUG:colcon.colcon_core.shell:Skip shell extension 'dsv' for command environment
[1.788s] INFO:colcon.colcon_core.task.python.build:Building Python package in '/home/HabitatROS/src/habitat_driver'
[1.789s] INFO:colcon.colcon_core.shell:Skip shell extension 'powershell' for command environment: Not usable outside of PowerShell
[1.789s] DEBUG:colcon.colcon_core.shell:Skip shell extension 'dsv' for command environment
[2.899s] DEBUG:colcon.colcon_core.task.python.build:Available setuptools commands: install_headers, symlink_data, bdist_egg, rotate, build_ext, install_lib, install_scripts, test, clean, upload, setopt, build_clib, build_scripts, develop, build, check, install_data, bdist_wheel, build_py, register, install_egg_info, easy_install, egg_info, bdist_rpm, upload_docs, install, dist_info, bdist_dumb, bdist, saveopts, sdist, alias
[3.786s] DEBUG:colcon.colcon_core.task.python.build:Available setuptools 'develop' options: --egg-path, --local-snapshots-ok, --upgrade, --index-url, --record, --script-dir, --find-links, --version, --dry-run, --uninstall, --verbose, --build-directory, --zip-ok, --quiet, --exclude-scripts, --install-layout, --always-unzip, --prefix, --install-dir, --help, --no-user-cfg, --no-find-links, --optimize, --multi-version, --allow-hosts, --no-deps, --editable, --always-copy, --force-installation-into-system-dir, --site-dirs, --user
[3.793s] DEBUG:colcon.colcon_core.event_handler.log_command:Invoking command in '/home/HabitatROS/build/habitat_driver': PYTHONPATH=/home/HabitatROS/build/habitat_driver/prefix_override:/usr/lib/python3/dist-packages/colcon_core/task/python/colcon_distutils_commands:/home/HabitatROS/install/habitat_driver/lib/python3.10/site-packages:${PYTHONPATH} /usr/bin/python3 -W ignore:setup.py install is deprecated -W ignore:easy_install command is deprecated setup.py develop --editable --build-directory /home/HabitatROS/build/habitat_driver/build --no-deps symlink_data
[5.009s] Level 1:colcon.colcon_core.shell:create_environment_hook('habitat_driver', 'pythonpath_develop')
[5.010s] INFO:colcon.colcon_core.shell:Creating environment hook '/home/HabitatROS/build/habitat_driver/share/habitat_driver/hook/pythonpath_develop.ps1'
[5.011s] DEBUG:colcon.colcon_core.event_handler.log_command:Invoked command in '/home/HabitatROS/build/habitat_driver' returned '0': PYTHONPATH=/home/HabitatROS/build/habitat_driver/prefix_override:/usr/lib/python3/dist-packages/colcon_core/task/python/colcon_distutils_commands:/home/HabitatROS/install/habitat_driver/lib/python3.10/site-packages:${PYTHONPATH} /usr/bin/python3 -W ignore:setup.py install is deprecated -W ignore:easy_install command is deprecated setup.py develop --editable --build-directory /home/HabitatROS/build/habitat_driver/build --no-deps symlink_data
[5.012s] INFO:colcon.colcon_core.shell:Creating environment descriptor '/home/HabitatROS/build/habitat_driver/share/habitat_driver/hook/pythonpath_develop.dsv'
[5.014s] INFO:colcon.colcon_core.shell:Creating environment hook '/home/HabitatROS/build/habitat_driver/share/habitat_driver/hook/pythonpath_develop.sh'
[5.026s] Level 1:colcon.colcon_core.environment:checking '/home/HabitatROS/install/habitat_driver' for CMake module files
[5.027s] Level 1:colcon.colcon_core.environment:checking '/home/HabitatROS/install/habitat_driver' for CMake config files
[5.029s] Level 1:colcon.colcon_core.environment:checking '/home/HabitatROS/install/habitat_driver/lib'
[5.030s] Level 1:colcon.colcon_core.environment:checking '/home/HabitatROS/install/habitat_driver/bin'
[5.030s] Level 1:colcon.colcon_core.environment:checking '/home/HabitatROS/install/habitat_driver/lib/pkgconfig/habitat_driver.pc'
[5.031s] Level 1:colcon.colcon_core.environment:checking '/home/HabitatROS/install/habitat_driver/lib/python3.10/site-packages'
[5.031s] Level 1:colcon.colcon_core.shell:create_environment_hook('habitat_driver', 'pythonpath')
[5.032s] INFO:colcon.colcon_core.shell:Creating environment hook '/home/HabitatROS/install/habitat_driver/share/habitat_driver/hook/pythonpath.ps1'
[5.034s] INFO:colcon.colcon_core.shell:Creating environment descriptor '/home/HabitatROS/install/habitat_driver/share/habitat_driver/hook/pythonpath.dsv'
[5.036s] INFO:colcon.colcon_core.shell:Creating environment hook '/home/HabitatROS/install/habitat_driver/share/habitat_driver/hook/pythonpath.sh'
[5.039s] Level 1:colcon.colcon_core.environment:checking '/home/HabitatROS/install/habitat_driver/bin'
[5.039s] Level 1:colcon.colcon_core.environment:create_environment_scripts_only(habitat_driver)
[5.040s] INFO:colcon.colcon_core.shell:Creating package script '/home/HabitatROS/install/habitat_driver/share/habitat_driver/package.ps1'
[5.045s] INFO:colcon.colcon_core.shell:Creating package descriptor '/home/HabitatROS/install/habitat_driver/share/habitat_driver/package.dsv'
[5.048s] INFO:colcon.colcon_core.shell:Creating package script '/home/HabitatROS/install/habitat_driver/share/habitat_driver/package.sh'
[5.051s] INFO:colcon.colcon_core.shell:Creating package script '/home/HabitatROS/install/habitat_driver/share/habitat_driver/package.bash'
[5.055s] INFO:colcon.colcon_core.shell:Creating package script '/home/HabitatROS/install/habitat_driver/share/habitat_driver/package.zsh'
[5.058s] Level 1:colcon.colcon_core.environment:create_file_with_runtime_dependencies(/home/HabitatROS/install/habitat_driver/share/colcon-core/packages/habitat_driver)
[5.059s] DEBUG:colcon.colcon_parallel_executor.executor.parallel:closing loop
[5.060s] DEBUG:colcon.colcon_parallel_executor.executor.parallel:loop closed
[5.060s] DEBUG:colcon.colcon_parallel_executor.executor.parallel:run_until_complete finished with '0'
[5.061s] DEBUG:colcon.colcon_core.event_reactor:joining thread
[5.081s] INFO:colcon.colcon_core.plugin_system:Skipping extension 'colcon_notification.desktop_notification.notify_send': Could not find 'notify-send'
[5.081s] INFO:colcon.colcon_core.plugin_system:Skipping extension 'colcon_notification.desktop_notification.terminal_notifier': Not used on non-Darwin systems
[5.081s] INFO:colcon.colcon_core.plugin_system:Skipping extension 'colcon_notification.desktop_notification.win32': Not used on non-Windows systems
[5.081s] INFO:colcon.colcon_notification.desktop_notification:Sending desktop notification using 'notify2'
[5.082s] DEBUG:colcon.colcon_notification.desktop_notification.notify2:Failed to initialize notify2: org.freedesktop.DBus.Error.NotSupported: Unable to autolaunch a dbus-daemon without a $DISPLAY for X11
[5.082s] DEBUG:colcon.colcon_core.event_reactor:joined thread
[5.083s] INFO:colcon.colcon_core.shell:Creating prefix script '/home/HabitatROS/install/local_setup.ps1'
[5.086s] INFO:colcon.colcon_core.shell:Creating prefix util module '/home/HabitatROS/install/_local_setup_util_ps1.py'
[5.092s] INFO:colcon.colcon_core.shell:Creating prefix chain script '/home/HabitatROS/install/setup.ps1'
[5.097s] INFO:colcon.colcon_core.shell:Creating prefix script '/home/HabitatROS/install/local_setup.sh'
[5.099s] INFO:colcon.colcon_core.shell:Creating prefix util module '/home/HabitatROS/install/_local_setup_util_sh.py'
[5.101s] INFO:colcon.colcon_core.shell:Creating prefix chain script '/home/HabitatROS/install/setup.sh'
[5.106s] INFO:colcon.colcon_core.shell:Creating prefix script '/home/HabitatROS/install/local_setup.bash'
[5.108s] INFO:colcon.colcon_core.shell:Creating prefix chain script '/home/HabitatROS/install/setup.bash'
[5.112s] INFO:colcon.colcon_core.shell:Creating prefix script '/home/HabitatROS/install/local_setup.zsh'
[5.114s] INFO:colcon.colcon_core.shell:Creating prefix chain script '/home/HabitatROS/install/setup.zsh'
