-- Found ament_cmake: 1.3.14 (/opt/ros/humble/share/ament_cmake/cmake)
-- Override CMake install command with custom implementation using symlinks instead of copying resources
-- Found rosidl_default_generators: 1.2.1 (/opt/ros/humble/share/rosidl_default_generators/cmake)
-- Using all available rosidl_typesupport_c: rosidl_typesupport_fastrtps_c;rosidl_typesupport_introspection_c
-- Found rosidl_adapter: 3.1.8 (/opt/ros/humble/share/rosidl_adapter/cmake)
-- Using all available rosidl_typesupport_cpp: rosidl_typesupport_fastrtps_cpp;rosidl_typesupport_introspection_cpp
-- Found std_msgs: 4.9.1 (/opt/ros/humble/share/std_msgs/cmake)
-- Found ament_cmake_ros: 0.10.0 (/opt/ros/humble/share/ament_cmake_ros/cmake)
-- Using all available rosidl_typesupport_c: rosidl_typesupport_fastrtps_c;rosidl_typesupport_introspection_c
-- Using all available rosidl_typesupport_cpp: rosidl_typesupport_fastrtps_cpp;rosidl_typesupport_introspection_cpp
-- Found python_cmake_module: 0.10.0 (/opt/ros/humble/share/python_cmake_module/cmake)
-- Using PYTHON_EXECUTABLE: /usr/bin/python3
-- Using PYTHON_INCLUDE_DIRS: /usr/include/python3.10
-- Using PYTHON_LIBRARIES: /usr/lib/aarch64-linux-gnu/libpython3.10.so
-- Configuring done
-- Generating done
-- Build files have been written to: /home/HabitatROS/build/habitat_msgs
[35m[1mConsolidate compiler generated dependencies of target habitat_msgs__rosidl_generator_c[0m
[  6%] Built target habitat_msgs__cpp
[  6%] Built target habitat_msgs__rs
[ 15%] Built target habitat_msgs__rosidl_generator_c
[ 15%] Built target ament_cmake_python_symlink_habitat_msgs
[35m[1mConsolidate compiler generated dependencies of target habitat_msgs__rosidl_typesupport_introspection_cpp[0m
[35m[1mConsolidate compiler generated dependencies of target habitat_msgs__rosidl_typesupport_cpp[0m
[35m[1mConsolidate compiler generated dependencies of target habitat_msgs__rosidl_typesupport_fastrtps_cpp[0m
[ 25%] Built target habitat_msgs__rosidl_typesupport_cpp
[ 34%] Built target habitat_msgs__rosidl_typesupport_introspection_cpp
[ 43%] Built target habitat_msgs__rosidl_typesupport_fastrtps_cpp
[35m[1mConsolidate compiler generated dependencies of target habitat_msgs__rosidl_typesupport_fastrtps_c[0m
[35m[1mConsolidate compiler generated dependencies of target habitat_msgs__rosidl_typesupport_introspection_c[0m
[35m[1mConsolidate compiler generated dependencies of target habitat_msgs__rosidl_typesupport_c[0m
[ 53%] Built target habitat_msgs__rosidl_typesupport_fastrtps_c
[ 62%] Built target habitat_msgs__rosidl_typesupport_introspection_c
[ 71%] Built target habitat_msgs__rosidl_typesupport_c
[ 71%] Built target habitat_msgs
[ 75%] Built target habitat_msgs__py
[35m[1mConsolidate compiler generated dependencies of target habitat_msgs__rosidl_generator_py[0m
[ 81%] Built target habitat_msgs__rosidl_generator_py
[35m[1mConsolidate compiler generated dependencies of target habitat_msgs__rosidl_typesupport_fastrtps_c__pyext[0m
[35m[1mConsolidate compiler generated dependencies of target habitat_msgs__rosidl_typesupport_introspection_c__pyext[0m
[35m[1mConsolidate compiler generated dependencies of target habitat_msgs__rosidl_typesupport_c__pyext[0m
[ 87%] Built target habitat_msgs__rosidl_typesupport_fastrtps_c__pyext
[ 93%] Built target habitat_msgs__rosidl_typesupport_introspection_c__pyext
[100%] Built target habitat_msgs__rosidl_typesupport_c__pyext
running egg_info
writing habitat_msgs.egg-info/PKG-INFO
writing dependency_links to habitat_msgs.egg-info/dependency_links.txt
writing top-level names to habitat_msgs.egg-info/top_level.txt
reading manifest file 'habitat_msgs.egg-info/SOURCES.txt'
writing manifest file 'habitat_msgs.egg-info/SOURCES.txt'
[100%] Built target ament_cmake_python_build_habitat_msgs_egg
-- Install configuration: ""
-- Execute custom install script
-- Up-to-date symlink: /home/HabitatROS/install/habitat_msgs/share/ament_index/resource_index/rosidl_interfaces/habitat_msgs
-- Up-to-date symlink: /home/HabitatROS/install/habitat_msgs/include/habitat_msgs/habitat_msgs/msg/detail/habitat_sensor__functions.h
-- Up-to-date symlink: /home/HabitatROS/install/habitat_msgs/include/habitat_msgs/habitat_msgs/msg/detail/habitat_sensor__struct.h
-- Up-to-date symlink: /home/HabitatROS/install/habitat_msgs/include/habitat_msgs/habitat_msgs/msg/detail/habitat_sensor__type_support.h
-- Up-to-date symlink: /home/HabitatROS/install/habitat_msgs/include/habitat_msgs/habitat_msgs/msg/habitat_sensor.h
-- Up-to-date symlink: /home/HabitatROS/install/habitat_msgs/include/habitat_msgs/habitat_msgs/msg/rosidl_generator_c__visibility_control.h
-- Up-to-date symlink: /home/HabitatROS/install/habitat_msgs/share/habitat_msgs/environment/library_path.sh
-- Up-to-date symlink: /home/HabitatROS/install/habitat_msgs/share/habitat_msgs/environment/library_path.dsv
-- Up-to-date symlink: /home/HabitatROS/install/habitat_msgs/include/habitat_msgs/habitat_msgs/msg/detail/habitat_sensor__rosidl_typesupport_fastrtps_c.h
-- Up-to-date symlink: /home/HabitatROS/install/habitat_msgs/include/habitat_msgs/habitat_msgs/msg/rosidl_typesupport_fastrtps_c__visibility_control.h
-- Up-to-date symlink: /home/HabitatROS/install/habitat_msgs/include/habitat_msgs/habitat_msgs/msg/detail/habitat_sensor__rosidl_typesupport_introspection_c.h
-- Up-to-date symlink: /home/HabitatROS/install/habitat_msgs/include/habitat_msgs/habitat_msgs/msg/rosidl_typesupport_introspection_c__visibility_control.h
-- Up-to-date symlink: /home/HabitatROS/install/habitat_msgs/include/habitat_msgs/habitat_msgs/msg/detail/habitat_sensor__builder.hpp
-- Up-to-date symlink: /home/HabitatROS/install/habitat_msgs/include/habitat_msgs/habitat_msgs/msg/detail/habitat_sensor__struct.hpp
-- Up-to-date symlink: /home/HabitatROS/install/habitat_msgs/include/habitat_msgs/habitat_msgs/msg/detail/habitat_sensor__traits.hpp
-- Up-to-date symlink: /home/HabitatROS/install/habitat_msgs/include/habitat_msgs/habitat_msgs/msg/detail/habitat_sensor__type_support.hpp
-- Up-to-date symlink: /home/HabitatROS/install/habitat_msgs/include/habitat_msgs/habitat_msgs/msg/habitat_sensor.hpp
-- Up-to-date symlink: /home/HabitatROS/install/habitat_msgs/include/habitat_msgs/habitat_msgs/msg/rosidl_generator_cpp__visibility_control.hpp
-- Up-to-date symlink: /home/HabitatROS/install/habitat_msgs/include/habitat_msgs/habitat_msgs/msg/detail/habitat_sensor__rosidl_typesupport_fastrtps_cpp.hpp
-- Up-to-date symlink: /home/HabitatROS/install/habitat_msgs/include/habitat_msgs/habitat_msgs/msg/rosidl_typesupport_fastrtps_cpp__visibility_control.h
-- Up-to-date symlink: /home/HabitatROS/install/habitat_msgs/include/habitat_msgs/habitat_msgs/msg/detail/habitat_sensor__rosidl_typesupport_introspection_cpp.hpp
-- Up-to-date symlink: /home/HabitatROS/install/habitat_msgs/share/habitat_msgs/environment/pythonpath.sh
-- Up-to-date symlink: /home/HabitatROS/install/habitat_msgs/share/habitat_msgs/environment/pythonpath.dsv
-- Up-to-date symlink: /home/HabitatROS/install/habitat_msgs/local/lib/python3.10/dist-packages/habitat_msgs-0.0.0-py3.10.egg-info/PKG-INFO
-- Up-to-date symlink: /home/HabitatROS/install/habitat_msgs/local/lib/python3.10/dist-packages/habitat_msgs-0.0.0-py3.10.egg-info/SOURCES.txt
-- Up-to-date symlink: /home/HabitatROS/install/habitat_msgs/local/lib/python3.10/dist-packages/habitat_msgs-0.0.0-py3.10.egg-info/dependency_links.txt
-- Up-to-date symlink: /home/HabitatROS/install/habitat_msgs/local/lib/python3.10/dist-packages/habitat_msgs-0.0.0-py3.10.egg-info/top_level.txt
-- Up-to-date symlink: /home/HabitatROS/install/habitat_msgs/local/lib/python3.10/dist-packages/habitat_msgs/__init__.py
-- Up-to-date symlink: /home/HabitatROS/install/habitat_msgs/local/lib/python3.10/dist-packages/habitat_msgs/_habitat_msgs_s.ep.rosidl_typesupport_c.c
-- Up-to-date symlink: /home/HabitatROS/install/habitat_msgs/local/lib/python3.10/dist-packages/habitat_msgs/_habitat_msgs_s.ep.rosidl_typesupport_fastrtps_c.c
-- Up-to-date symlink: /home/HabitatROS/install/habitat_msgs/local/lib/python3.10/dist-packages/habitat_msgs/_habitat_msgs_s.ep.rosidl_typesupport_introspection_c.c
-- Up-to-date symlink: /home/HabitatROS/install/habitat_msgs/local/lib/python3.10/dist-packages/habitat_msgs/habitat_msgs_s__rosidl_typesupport_c.cpython-310-aarch64-linux-gnu.so
-- Up-to-date symlink: /home/HabitatROS/install/habitat_msgs/local/lib/python3.10/dist-packages/habitat_msgs/habitat_msgs_s__rosidl_typesupport_fastrtps_c.cpython-310-aarch64-linux-gnu.so
-- Up-to-date symlink: /home/HabitatROS/install/habitat_msgs/local/lib/python3.10/dist-packages/habitat_msgs/habitat_msgs_s__rosidl_typesupport_introspection_c.cpython-310-aarch64-linux-gnu.so
-- Up-to-date symlink: /home/HabitatROS/install/habitat_msgs/local/lib/python3.10/dist-packages/habitat_msgs/libhabitat_msgs__rosidl_generator_py.so
-- Up-to-date symlink: /home/HabitatROS/install/habitat_msgs/local/lib/python3.10/dist-packages/habitat_msgs/msg/__init__.py
-- Up-to-date symlink: /home/HabitatROS/install/habitat_msgs/local/lib/python3.10/dist-packages/habitat_msgs/msg/_habitat_sensor.py
-- Up-to-date symlink: /home/HabitatROS/install/habitat_msgs/local/lib/python3.10/dist-packages/habitat_msgs/msg/_habitat_sensor_s.c
-- Up-to-date symlink: /home/HabitatROS/install/habitat_msgs/local/lib/python3.10/dist-packages/habitat_msgs/habitat_msgs_s__rosidl_typesupport_fastrtps_c.cpython-310-aarch64-linux-gnu.so
-- Up-to-date symlink: /home/HabitatROS/install/habitat_msgs/local/lib/python3.10/dist-packages/habitat_msgs/habitat_msgs_s__rosidl_typesupport_introspection_c.cpython-310-aarch64-linux-gnu.so
-- Up-to-date symlink: /home/HabitatROS/install/habitat_msgs/local/lib/python3.10/dist-packages/habitat_msgs/habitat_msgs_s__rosidl_typesupport_c.cpython-310-aarch64-linux-gnu.so
-- Up-to-date symlink: /home/HabitatROS/install/habitat_msgs/share/ament_index/resource_index/rust_packages/habitat_msgs
-- Up-to-date symlink: /home/HabitatROS/install/habitat_msgs/share/habitat_msgs/rust/Cargo.toml
-- Up-to-date symlink: /home/HabitatROS/install/habitat_msgs/share/habitat_msgs/rust/build.rs
-- Up-to-date symlink: /home/HabitatROS/install/habitat_msgs/share/habitat_msgs/rust/src/lib.rs
-- Up-to-date symlink: /home/HabitatROS/install/habitat_msgs/share/habitat_msgs/rust/src/msg.rs
-- Up-to-date symlink: /home/HabitatROS/install/habitat_msgs/share/habitat_msgs/rust/src/msg/rmw.rs
-- Up-to-date symlink: /home/HabitatROS/install/habitat_msgs/share/habitat_msgs/msg/HabitatSensor.idl
-- Up-to-date symlink: /home/HabitatROS/install/habitat_msgs/share/habitat_msgs/msg/HabitatSensor.msg
-- Up-to-date symlink: /home/HabitatROS/install/habitat_msgs/share/ament_index/resource_index/package_run_dependencies/habitat_msgs
-- Up-to-date symlink: /home/HabitatROS/install/habitat_msgs/share/ament_index/resource_index/parent_prefix_path/habitat_msgs
-- Up-to-date symlink: /home/HabitatROS/install/habitat_msgs/share/habitat_msgs/environment/ament_prefix_path.sh
-- Up-to-date symlink: /home/HabitatROS/install/habitat_msgs/share/habitat_msgs/environment/ament_prefix_path.dsv
-- Up-to-date symlink: /home/HabitatROS/install/habitat_msgs/share/habitat_msgs/environment/path.sh
-- Up-to-date symlink: /home/HabitatROS/install/habitat_msgs/share/habitat_msgs/environment/path.dsv
-- Up-to-date symlink: /home/HabitatROS/install/habitat_msgs/share/habitat_msgs/local_setup.bash
-- Up-to-date symlink: /home/HabitatROS/install/habitat_msgs/share/habitat_msgs/local_setup.sh
-- Up-to-date symlink: /home/HabitatROS/install/habitat_msgs/share/habitat_msgs/local_setup.zsh
-- Up-to-date symlink: /home/HabitatROS/install/habitat_msgs/share/habitat_msgs/local_setup.dsv
-- Symlinking: /home/HabitatROS/install/habitat_msgs/share/habitat_msgs/package.dsv
-- Up-to-date symlink: /home/HabitatROS/install/habitat_msgs/share/ament_index/resource_index/packages/habitat_msgs
-- Up-to-date symlink: /home/HabitatROS/install/habitat_msgs/share/habitat_msgs/cmake/rosidl_cmake-extras.cmake
-- Up-to-date symlink: /home/HabitatROS/install/habitat_msgs/share/habitat_msgs/cmake/ament_cmake_export_dependencies-extras.cmake
-- Up-to-date symlink: /home/HabitatROS/install/habitat_msgs/share/habitat_msgs/cmake/ament_cmake_export_include_directories-extras.cmake
-- Up-to-date symlink: /home/HabitatROS/install/habitat_msgs/share/habitat_msgs/cmake/ament_cmake_export_libraries-extras.cmake
-- Up-to-date symlink: /home/HabitatROS/install/habitat_msgs/share/habitat_msgs/cmake/ament_cmake_export_targets-extras.cmake
-- Up-to-date symlink: /home/HabitatROS/install/habitat_msgs/share/habitat_msgs/cmake/rosidl_cmake_export_typesupport_targets-extras.cmake
-- Up-to-date symlink: /home/HabitatROS/install/habitat_msgs/share/habitat_msgs/cmake/rosidl_cmake_export_typesupport_libraries-extras.cmake
-- Up-to-date symlink: /home/HabitatROS/install/habitat_msgs/share/habitat_msgs/cmake/habitat_msgsConfig.cmake
-- Up-to-date symlink: /home/HabitatROS/install/habitat_msgs/share/habitat_msgs/cmake/habitat_msgsConfig-version.cmake
-- Up-to-date symlink: /home/HabitatROS/install/habitat_msgs/share/habitat_msgs/package.xml
-- Up-to-date: /home/HabitatROS/install/habitat_msgs/lib/libhabitat_msgs__rosidl_generator_c.so
-- Up-to-date: /home/HabitatROS/install/habitat_msgs/lib/libhabitat_msgs__rosidl_typesupport_fastrtps_c.so
-- Up-to-date: /home/HabitatROS/install/habitat_msgs/lib/libhabitat_msgs__rosidl_typesupport_introspection_c.so
-- Up-to-date: /home/HabitatROS/install/habitat_msgs/lib/libhabitat_msgs__rosidl_typesupport_c.so
-- Up-to-date: /home/HabitatROS/install/habitat_msgs/lib/libhabitat_msgs__rosidl_typesupport_fastrtps_cpp.so
-- Up-to-date: /home/HabitatROS/install/habitat_msgs/lib/libhabitat_msgs__rosidl_typesupport_introspection_cpp.so
-- Up-to-date: /home/HabitatROS/install/habitat_msgs/lib/libhabitat_msgs__rosidl_typesupport_cpp.so
Listing '/home/HabitatROS/install/habitat_msgs/local/lib/python3.10/dist-packages/habitat_msgs'...
Compiling '/home/HabitatROS/install/habitat_msgs/local/lib/python3.10/dist-packages/habitat_msgs/__init__.py'...
Listing '/home/HabitatROS/install/habitat_msgs/local/lib/python3.10/dist-packages/habitat_msgs/msg'...
-- Up-to-date: /home/HabitatROS/install/habitat_msgs/lib/libhabitat_msgs__rosidl_generator_py.so
-- Up-to-date: /home/HabitatROS/install/habitat_msgs/share/habitat_msgs/cmake/export_habitat_msgs__rosidl_generator_cExport.cmake
-- Up-to-date: /home/HabitatROS/install/habitat_msgs/share/habitat_msgs/cmake/export_habitat_msgs__rosidl_generator_cExport-noconfig.cmake
-- Up-to-date: /home/HabitatROS/install/habitat_msgs/share/habitat_msgs/cmake/export_habitat_msgs__rosidl_typesupport_fastrtps_cExport.cmake
-- Up-to-date: /home/HabitatROS/install/habitat_msgs/share/habitat_msgs/cmake/export_habitat_msgs__rosidl_typesupport_fastrtps_cExport-noconfig.cmake
-- Up-to-date: /home/HabitatROS/install/habitat_msgs/share/habitat_msgs/cmake/habitat_msgs__rosidl_typesupport_introspection_cExport.cmake
-- Up-to-date: /home/HabitatROS/install/habitat_msgs/share/habitat_msgs/cmake/habitat_msgs__rosidl_typesupport_introspection_cExport-noconfig.cmake
-- Up-to-date: /home/HabitatROS/install/habitat_msgs/share/habitat_msgs/cmake/habitat_msgs__rosidl_typesupport_cExport.cmake
-- Up-to-date: /home/HabitatROS/install/habitat_msgs/share/habitat_msgs/cmake/habitat_msgs__rosidl_typesupport_cExport-noconfig.cmake
-- Up-to-date: /home/HabitatROS/install/habitat_msgs/share/habitat_msgs/cmake/export_habitat_msgs__rosidl_generator_cppExport.cmake
-- Up-to-date: /home/HabitatROS/install/habitat_msgs/share/habitat_msgs/cmake/export_habitat_msgs__rosidl_typesupport_fastrtps_cppExport.cmake
-- Up-to-date: /home/HabitatROS/install/habitat_msgs/share/habitat_msgs/cmake/export_habitat_msgs__rosidl_typesupport_fastrtps_cppExport-noconfig.cmake
-- Up-to-date: /home/HabitatROS/install/habitat_msgs/share/habitat_msgs/cmake/habitat_msgs__rosidl_typesupport_introspection_cppExport.cmake
-- Up-to-date: /home/HabitatROS/install/habitat_msgs/share/habitat_msgs/cmake/habitat_msgs__rosidl_typesupport_introspection_cppExport-noconfig.cmake
-- Up-to-date: /home/HabitatROS/install/habitat_msgs/share/habitat_msgs/cmake/habitat_msgs__rosidl_typesupport_cppExport.cmake
-- Up-to-date: /home/HabitatROS/install/habitat_msgs/share/habitat_msgs/cmake/habitat_msgs__rosidl_typesupport_cppExport-noconfig.cmake
-- Up-to-date: /home/HabitatROS/install/habitat_msgs/share/habitat_msgs/cmake/export_habitat_msgs__rosidl_generator_pyExport.cmake
-- Up-to-date: /home/HabitatROS/install/habitat_msgs/share/habitat_msgs/cmake/export_habitat_msgs__rosidl_generator_pyExport-noconfig.cmake
