[0.064s] Invoking command in '/home/HabitatROS/build/habitat_msgs': CMAKE_PREFIX_PATH=${CMAKE_PREFIX_PATH}:/home/HabitatROS/install/habitat_driver:/opt/ros/humble /usr/bin/cmake /home/HabitatROS/src/habitat_msgs -DCMAKE_INSTALL_PREFIX=/home/HabitatROS/install/habitat_msgs
[0.527s] -- Found ament_cmake: 1.3.14 (/opt/ros/humble/share/ament_cmake/cmake)
[0.995s] -- Override CMake install command with custom implementation using symlinks instead of copying resources
[1.060s] -- Found rosidl_default_generators: 1.2.1 (/opt/ros/humble/share/rosidl_default_generators/cmake)
[1.073s] -- Using all available rosidl_typesupport_c: rosidl_typesupport_fastrtps_c;rosidl_typesupport_introspection_c
[1.089s] -- Found rosidl_adapter: 3.1.8 (/opt/ros/humble/share/rosidl_adapter/cmake)
[1.227s] -- Using all available rosidl_typesupport_cpp: rosidl_typesupport_fastrtps_cpp;rosidl_typesupport_introspection_cpp
[1.358s] -- Found std_msgs: 4.9.1 (/opt/ros/humble/share/std_msgs/cmake)
[2.386s] -- Found ament_cmake_ros: 0.10.0 (/opt/ros/humble/share/ament_cmake_ros/cmake)
[3.092s] -- Using all available rosidl_typesupport_c: rosidl_typesupport_fastrtps_c;rosidl_typesupport_introspection_c
[4.056s] -- Using all available rosidl_typesupport_cpp: rosidl_typesupport_fastrtps_cpp;rosidl_typesupport_introspection_cpp
[4.118s] -- Found python_cmake_module: 0.10.0 (/opt/ros/humble/share/python_cmake_module/cmake)
[4.198s] -- Using PYTHON_EXECUTABLE: /usr/bin/python3
[4.198s] -- Using PYTHON_INCLUDE_DIRS: /usr/include/python3.10
[4.199s] -- Using PYTHON_LIBRARIES: /usr/lib/aarch64-linux-gnu/libpython3.10.so
[4.592s] -- Configuring done
[4.868s] -- Generating done
[4.915s] -- Build files have been written to: /home/HabitatROS/build/habitat_msgs
[4.963s] Invoked command in '/home/HabitatROS/build/habitat_msgs' returned '0': CMAKE_PREFIX_PATH=${CMAKE_PREFIX_PATH}:/home/HabitatROS/install/habitat_driver:/opt/ros/humble /usr/bin/cmake /home/HabitatROS/src/habitat_msgs -DCMAKE_INSTALL_PREFIX=/home/HabitatROS/install/habitat_msgs
[4.969s] Invoking command in '/home/HabitatROS/build/habitat_msgs': CMAKE_PREFIX_PATH=${CMAKE_PREFIX_PATH}:/home/HabitatROS/install/habitat_driver:/opt/ros/humble /usr/bin/cmake --build /home/HabitatROS/build/habitat_msgs -- -j4 -l4
[5.112s] [35m[1mConsolidate compiler generated dependencies of target habitat_msgs__rosidl_generator_c[0m
[5.146s] [  6%] Built target habitat_msgs__cpp
[5.146s] [  6%] Built target habitat_msgs__rs
[5.184s] [ 15%] Built target habitat_msgs__rosidl_generator_c
[5.184s] [ 15%] Built target ament_cmake_python_symlink_habitat_msgs
[5.188s] [35m[1mConsolidate compiler generated dependencies of target habitat_msgs__rosidl_typesupport_introspection_cpp[0m
[5.190s] [35m[1mConsolidate compiler generated dependencies of target habitat_msgs__rosidl_typesupport_cpp[0m
[5.227s] [35m[1mConsolidate compiler generated dependencies of target habitat_msgs__rosidl_typesupport_fastrtps_cpp[0m
[5.265s] [ 25%] Built target habitat_msgs__rosidl_typesupport_cpp
[5.269s] [ 34%] Built target habitat_msgs__rosidl_typesupport_introspection_cpp
[5.294s] [ 43%] Built target habitat_msgs__rosidl_typesupport_fastrtps_cpp
[5.310s] [35m[1mConsolidate compiler generated dependencies of target habitat_msgs__rosidl_typesupport_fastrtps_c[0m
[5.318s] [35m[1mConsolidate compiler generated dependencies of target habitat_msgs__rosidl_typesupport_introspection_c[0m
[5.346s] [35m[1mConsolidate compiler generated dependencies of target habitat_msgs__rosidl_typesupport_c[0m
[5.368s] [ 53%] Built target habitat_msgs__rosidl_typesupport_fastrtps_c
[5.374s] [ 62%] Built target habitat_msgs__rosidl_typesupport_introspection_c
[5.394s] [ 71%] Built target habitat_msgs__rosidl_typesupport_c
[5.464s] [ 71%] Built target habitat_msgs
[5.536s] [ 75%] Built target habitat_msgs__py
[5.575s] [35m[1mConsolidate compiler generated dependencies of target habitat_msgs__rosidl_generator_py[0m
[5.634s] [ 81%] Built target habitat_msgs__rosidl_generator_py
[5.675s] [35m[1mConsolidate compiler generated dependencies of target habitat_msgs__rosidl_typesupport_fastrtps_c__pyext[0m
[5.676s] [35m[1mConsolidate compiler generated dependencies of target habitat_msgs__rosidl_typesupport_introspection_c__pyext[0m
[5.678s] [35m[1mConsolidate compiler generated dependencies of target habitat_msgs__rosidl_typesupport_c__pyext[0m
[5.730s] [ 87%] Built target habitat_msgs__rosidl_typesupport_fastrtps_c__pyext
[5.734s] [ 93%] Built target habitat_msgs__rosidl_typesupport_introspection_c__pyext
[5.738s] [100%] Built target habitat_msgs__rosidl_typesupport_c__pyext
[6.027s] running egg_info
[6.030s] writing habitat_msgs.egg-info/PKG-INFO
[6.031s] writing dependency_links to habitat_msgs.egg-info/dependency_links.txt
[6.032s] writing top-level names to habitat_msgs.egg-info/top_level.txt
[6.043s] reading manifest file 'habitat_msgs.egg-info/SOURCES.txt'
[6.046s] writing manifest file 'habitat_msgs.egg-info/SOURCES.txt'
[6.162s] [100%] Built target ament_cmake_python_build_habitat_msgs_egg
[6.200s] Invoked command in '/home/HabitatROS/build/habitat_msgs' returned '0': CMAKE_PREFIX_PATH=${CMAKE_PREFIX_PATH}:/home/HabitatROS/install/habitat_driver:/opt/ros/humble /usr/bin/cmake --build /home/HabitatROS/build/habitat_msgs -- -j4 -l4
[6.235s] Invoking command in '/home/HabitatROS/build/habitat_msgs': CMAKE_PREFIX_PATH=${CMAKE_PREFIX_PATH}:/home/HabitatROS/install/habitat_driver:/opt/ros/humble /usr/bin/cmake --install /home/HabitatROS/build/habitat_msgs
[6.259s] -- Install configuration: ""
[6.260s] -- Execute custom install script
[6.263s] -- Up-to-date symlink: /home/HabitatROS/install/habitat_msgs/share/ament_index/resource_index/rosidl_interfaces/habitat_msgs
[6.267s] -- Up-to-date symlink: /home/HabitatROS/install/habitat_msgs/include/habitat_msgs/habitat_msgs/msg/detail/habitat_sensor__functions.h
[6.268s] -- Up-to-date symlink: /home/HabitatROS/install/habitat_msgs/include/habitat_msgs/habitat_msgs/msg/detail/habitat_sensor__struct.h
[6.269s] -- Up-to-date symlink: /home/HabitatROS/install/habitat_msgs/include/habitat_msgs/habitat_msgs/msg/detail/habitat_sensor__type_support.h
[6.270s] -- Up-to-date symlink: /home/HabitatROS/install/habitat_msgs/include/habitat_msgs/habitat_msgs/msg/habitat_sensor.h
[6.271s] -- Up-to-date symlink: /home/HabitatROS/install/habitat_msgs/include/habitat_msgs/habitat_msgs/msg/rosidl_generator_c__visibility_control.h
[6.272s] -- Up-to-date symlink: /home/HabitatROS/install/habitat_msgs/share/habitat_msgs/environment/library_path.sh
[6.273s] -- Up-to-date symlink: /home/HabitatROS/install/habitat_msgs/share/habitat_msgs/environment/library_path.dsv
[6.275s] -- Up-to-date symlink: /home/HabitatROS/install/habitat_msgs/include/habitat_msgs/habitat_msgs/msg/detail/habitat_sensor__rosidl_typesupport_fastrtps_c.h
[6.276s] -- Up-to-date symlink: /home/HabitatROS/install/habitat_msgs/include/habitat_msgs/habitat_msgs/msg/rosidl_typesupport_fastrtps_c__visibility_control.h
[6.278s] -- Up-to-date symlink: /home/HabitatROS/install/habitat_msgs/include/habitat_msgs/habitat_msgs/msg/detail/habitat_sensor__rosidl_typesupport_introspection_c.h
[6.279s] -- Up-to-date symlink: /home/HabitatROS/install/habitat_msgs/include/habitat_msgs/habitat_msgs/msg/rosidl_typesupport_introspection_c__visibility_control.h
[6.281s] -- Up-to-date symlink: /home/HabitatROS/install/habitat_msgs/include/habitat_msgs/habitat_msgs/msg/detail/habitat_sensor__builder.hpp
[6.282s] -- Up-to-date symlink: /home/HabitatROS/install/habitat_msgs/include/habitat_msgs/habitat_msgs/msg/detail/habitat_sensor__struct.hpp
[6.283s] -- Up-to-date symlink: /home/HabitatROS/install/habitat_msgs/include/habitat_msgs/habitat_msgs/msg/detail/habitat_sensor__traits.hpp
[6.284s] -- Up-to-date symlink: /home/HabitatROS/install/habitat_msgs/include/habitat_msgs/habitat_msgs/msg/detail/habitat_sensor__type_support.hpp
[6.285s] -- Up-to-date symlink: /home/HabitatROS/install/habitat_msgs/include/habitat_msgs/habitat_msgs/msg/habitat_sensor.hpp
[6.286s] -- Up-to-date symlink: /home/HabitatROS/install/habitat_msgs/include/habitat_msgs/habitat_msgs/msg/rosidl_generator_cpp__visibility_control.hpp
[6.288s] -- Up-to-date symlink: /home/HabitatROS/install/habitat_msgs/include/habitat_msgs/habitat_msgs/msg/detail/habitat_sensor__rosidl_typesupport_fastrtps_cpp.hpp
[6.289s] -- Up-to-date symlink: /home/HabitatROS/install/habitat_msgs/include/habitat_msgs/habitat_msgs/msg/rosidl_typesupport_fastrtps_cpp__visibility_control.h
[6.291s] -- Up-to-date symlink: /home/HabitatROS/install/habitat_msgs/include/habitat_msgs/habitat_msgs/msg/detail/habitat_sensor__rosidl_typesupport_introspection_cpp.hpp
[6.292s] -- Up-to-date symlink: /home/HabitatROS/install/habitat_msgs/share/habitat_msgs/environment/pythonpath.sh
[6.293s] -- Up-to-date symlink: /home/HabitatROS/install/habitat_msgs/share/habitat_msgs/environment/pythonpath.dsv
[6.294s] -- Up-to-date symlink: /home/HabitatROS/install/habitat_msgs/local/lib/python3.10/dist-packages/habitat_msgs-0.0.0-py3.10.egg-info/PKG-INFO
[6.295s] -- Up-to-date symlink: /home/HabitatROS/install/habitat_msgs/local/lib/python3.10/dist-packages/habitat_msgs-0.0.0-py3.10.egg-info/SOURCES.txt
[6.296s] -- Up-to-date symlink: /home/HabitatROS/install/habitat_msgs/local/lib/python3.10/dist-packages/habitat_msgs-0.0.0-py3.10.egg-info/dependency_links.txt
[6.297s] -- Up-to-date symlink: /home/HabitatROS/install/habitat_msgs/local/lib/python3.10/dist-packages/habitat_msgs-0.0.0-py3.10.egg-info/top_level.txt
[6.299s] -- Up-to-date symlink: /home/HabitatROS/install/habitat_msgs/local/lib/python3.10/dist-packages/habitat_msgs/__init__.py
[6.300s] -- Up-to-date symlink: /home/HabitatROS/install/habitat_msgs/local/lib/python3.10/dist-packages/habitat_msgs/_habitat_msgs_s.ep.rosidl_typesupport_c.c
[6.301s] -- Up-to-date symlink: /home/HabitatROS/install/habitat_msgs/local/lib/python3.10/dist-packages/habitat_msgs/_habitat_msgs_s.ep.rosidl_typesupport_fastrtps_c.c
[6.302s] -- Up-to-date symlink: /home/HabitatROS/install/habitat_msgs/local/lib/python3.10/dist-packages/habitat_msgs/_habitat_msgs_s.ep.rosidl_typesupport_introspection_c.c
[6.303s] -- Up-to-date symlink: /home/HabitatROS/install/habitat_msgs/local/lib/python3.10/dist-packages/habitat_msgs/habitat_msgs_s__rosidl_typesupport_c.cpython-310-aarch64-linux-gnu.so
[6.304s] -- Up-to-date symlink: /home/HabitatROS/install/habitat_msgs/local/lib/python3.10/dist-packages/habitat_msgs/habitat_msgs_s__rosidl_typesupport_fastrtps_c.cpython-310-aarch64-linux-gnu.so
[6.305s] -- Up-to-date symlink: /home/HabitatROS/install/habitat_msgs/local/lib/python3.10/dist-packages/habitat_msgs/habitat_msgs_s__rosidl_typesupport_introspection_c.cpython-310-aarch64-linux-gnu.so
[6.306s] -- Up-to-date symlink: /home/HabitatROS/install/habitat_msgs/local/lib/python3.10/dist-packages/habitat_msgs/libhabitat_msgs__rosidl_generator_py.so
[6.306s] -- Up-to-date symlink: /home/HabitatROS/install/habitat_msgs/local/lib/python3.10/dist-packages/habitat_msgs/msg/__init__.py
[6.307s] -- Up-to-date symlink: /home/HabitatROS/install/habitat_msgs/local/lib/python3.10/dist-packages/habitat_msgs/msg/_habitat_sensor.py
[6.308s] -- Up-to-date symlink: /home/HabitatROS/install/habitat_msgs/local/lib/python3.10/dist-packages/habitat_msgs/msg/_habitat_sensor_s.c
[6.309s] -- Up-to-date symlink: /home/HabitatROS/install/habitat_msgs/local/lib/python3.10/dist-packages/habitat_msgs/habitat_msgs_s__rosidl_typesupport_fastrtps_c.cpython-310-aarch64-linux-gnu.so
[6.310s] -- Up-to-date symlink: /home/HabitatROS/install/habitat_msgs/local/lib/python3.10/dist-packages/habitat_msgs/habitat_msgs_s__rosidl_typesupport_introspection_c.cpython-310-aarch64-linux-gnu.so
[6.311s] -- Up-to-date symlink: /home/HabitatROS/install/habitat_msgs/local/lib/python3.10/dist-packages/habitat_msgs/habitat_msgs_s__rosidl_typesupport_c.cpython-310-aarch64-linux-gnu.so
[6.313s] -- Up-to-date symlink: /home/HabitatROS/install/habitat_msgs/share/ament_index/resource_index/rust_packages/habitat_msgs
[6.315s] -- Up-to-date symlink: /home/HabitatROS/install/habitat_msgs/share/habitat_msgs/rust/Cargo.toml
[6.316s] -- Up-to-date symlink: /home/HabitatROS/install/habitat_msgs/share/habitat_msgs/rust/build.rs
[6.317s] -- Up-to-date symlink: /home/HabitatROS/install/habitat_msgs/share/habitat_msgs/rust/src/lib.rs
[6.318s] -- Up-to-date symlink: /home/HabitatROS/install/habitat_msgs/share/habitat_msgs/rust/src/msg.rs
[6.320s] -- Up-to-date symlink: /home/HabitatROS/install/habitat_msgs/share/habitat_msgs/rust/src/msg/rmw.rs
[6.322s] -- Up-to-date symlink: /home/HabitatROS/install/habitat_msgs/share/habitat_msgs/msg/HabitatSensor.idl
[6.322s] -- Up-to-date symlink: /home/HabitatROS/install/habitat_msgs/share/habitat_msgs/msg/HabitatSensor.msg
[6.324s] -- Up-to-date symlink: /home/HabitatROS/install/habitat_msgs/share/ament_index/resource_index/package_run_dependencies/habitat_msgs
[6.326s] -- Up-to-date symlink: /home/HabitatROS/install/habitat_msgs/share/ament_index/resource_index/parent_prefix_path/habitat_msgs
[6.327s] -- Up-to-date symlink: /home/HabitatROS/install/habitat_msgs/share/habitat_msgs/environment/ament_prefix_path.sh
[6.327s] -- Up-to-date symlink: /home/HabitatROS/install/habitat_msgs/share/habitat_msgs/environment/ament_prefix_path.dsv
[6.329s] -- Up-to-date symlink: /home/HabitatROS/install/habitat_msgs/share/habitat_msgs/environment/path.sh
[6.330s] -- Up-to-date symlink: /home/HabitatROS/install/habitat_msgs/share/habitat_msgs/environment/path.dsv
[6.331s] -- Up-to-date symlink: /home/HabitatROS/install/habitat_msgs/share/habitat_msgs/local_setup.bash
[6.332s] -- Up-to-date symlink: /home/HabitatROS/install/habitat_msgs/share/habitat_msgs/local_setup.sh
[6.333s] -- Up-to-date symlink: /home/HabitatROS/install/habitat_msgs/share/habitat_msgs/local_setup.zsh
[6.334s] -- Up-to-date symlink: /home/HabitatROS/install/habitat_msgs/share/habitat_msgs/local_setup.dsv
[6.334s] -- Symlinking: /home/HabitatROS/install/habitat_msgs/share/habitat_msgs/package.dsv
[6.363s] -- Up-to-date symlink: /home/HabitatROS/install/habitat_msgs/share/ament_index/resource_index/packages/habitat_msgs
[6.365s] -- Up-to-date symlink: /home/HabitatROS/install/habitat_msgs/share/habitat_msgs/cmake/rosidl_cmake-extras.cmake
[6.366s] -- Up-to-date symlink: /home/HabitatROS/install/habitat_msgs/share/habitat_msgs/cmake/ament_cmake_export_dependencies-extras.cmake
[6.367s] -- Up-to-date symlink: /home/HabitatROS/install/habitat_msgs/share/habitat_msgs/cmake/ament_cmake_export_include_directories-extras.cmake
[6.368s] -- Up-to-date symlink: /home/HabitatROS/install/habitat_msgs/share/habitat_msgs/cmake/ament_cmake_export_libraries-extras.cmake
[6.370s] -- Up-to-date symlink: /home/HabitatROS/install/habitat_msgs/share/habitat_msgs/cmake/ament_cmake_export_targets-extras.cmake
[6.371s] -- Up-to-date symlink: /home/HabitatROS/install/habitat_msgs/share/habitat_msgs/cmake/rosidl_cmake_export_typesupport_targets-extras.cmake
[6.372s] -- Up-to-date symlink: /home/HabitatROS/install/habitat_msgs/share/habitat_msgs/cmake/rosidl_cmake_export_typesupport_libraries-extras.cmake
[6.373s] -- Up-to-date symlink: /home/HabitatROS/install/habitat_msgs/share/habitat_msgs/cmake/habitat_msgsConfig.cmake
[6.374s] -- Up-to-date symlink: /home/HabitatROS/install/habitat_msgs/share/habitat_msgs/cmake/habitat_msgsConfig-version.cmake
[6.375s] -- Up-to-date symlink: /home/HabitatROS/install/habitat_msgs/share/habitat_msgs/package.xml
[6.376s] -- Up-to-date: /home/HabitatROS/install/habitat_msgs/lib/libhabitat_msgs__rosidl_generator_c.so
[6.377s] -- Up-to-date: /home/HabitatROS/install/habitat_msgs/lib/libhabitat_msgs__rosidl_typesupport_fastrtps_c.so
[6.378s] -- Up-to-date: /home/HabitatROS/install/habitat_msgs/lib/libhabitat_msgs__rosidl_typesupport_introspection_c.so
[6.379s] -- Up-to-date: /home/HabitatROS/install/habitat_msgs/lib/libhabitat_msgs__rosidl_typesupport_c.so
[6.382s] -- Up-to-date: /home/HabitatROS/install/habitat_msgs/lib/libhabitat_msgs__rosidl_typesupport_fastrtps_cpp.so
[6.385s] -- Up-to-date: /home/HabitatROS/install/habitat_msgs/lib/libhabitat_msgs__rosidl_typesupport_introspection_cpp.so
[6.387s] -- Up-to-date: /home/HabitatROS/install/habitat_msgs/lib/libhabitat_msgs__rosidl_typesupport_cpp.so
[6.510s] Listing '/home/HabitatROS/install/habitat_msgs/local/lib/python3.10/dist-packages/habitat_msgs'...
[6.511s] Compiling '/home/HabitatROS/install/habitat_msgs/local/lib/python3.10/dist-packages/habitat_msgs/__init__.py'...
[6.512s] Listing '/home/HabitatROS/install/habitat_msgs/local/lib/python3.10/dist-packages/habitat_msgs/msg'...
[6.535s] -- Up-to-date: /home/HabitatROS/install/habitat_msgs/lib/libhabitat_msgs__rosidl_generator_py.so
[6.537s] -- Up-to-date: /home/HabitatROS/install/habitat_msgs/share/habitat_msgs/cmake/export_habitat_msgs__rosidl_generator_cExport.cmake
[6.538s] -- Up-to-date: /home/HabitatROS/install/habitat_msgs/share/habitat_msgs/cmake/export_habitat_msgs__rosidl_generator_cExport-noconfig.cmake
[6.539s] -- Up-to-date: /home/HabitatROS/install/habitat_msgs/share/habitat_msgs/cmake/export_habitat_msgs__rosidl_typesupport_fastrtps_cExport.cmake
[6.539s] -- Up-to-date: /home/HabitatROS/install/habitat_msgs/share/habitat_msgs/cmake/export_habitat_msgs__rosidl_typesupport_fastrtps_cExport-noconfig.cmake
[6.540s] -- Up-to-date: /home/HabitatROS/install/habitat_msgs/share/habitat_msgs/cmake/habitat_msgs__rosidl_typesupport_introspection_cExport.cmake
[6.540s] -- Up-to-date: /home/HabitatROS/install/habitat_msgs/share/habitat_msgs/cmake/habitat_msgs__rosidl_typesupport_introspection_cExport-noconfig.cmake
[6.541s] -- Up-to-date: /home/HabitatROS/install/habitat_msgs/share/habitat_msgs/cmake/habitat_msgs__rosidl_typesupport_cExport.cmake
[6.542s] -- Up-to-date: /home/HabitatROS/install/habitat_msgs/share/habitat_msgs/cmake/habitat_msgs__rosidl_typesupport_cExport-noconfig.cmake
[6.542s] -- Up-to-date: /home/HabitatROS/install/habitat_msgs/share/habitat_msgs/cmake/export_habitat_msgs__rosidl_generator_cppExport.cmake
[6.543s] -- Up-to-date: /home/HabitatROS/install/habitat_msgs/share/habitat_msgs/cmake/export_habitat_msgs__rosidl_typesupport_fastrtps_cppExport.cmake
[6.544s] -- Up-to-date: /home/HabitatROS/install/habitat_msgs/share/habitat_msgs/cmake/export_habitat_msgs__rosidl_typesupport_fastrtps_cppExport-noconfig.cmake
[6.545s] -- Up-to-date: /home/HabitatROS/install/habitat_msgs/share/habitat_msgs/cmake/habitat_msgs__rosidl_typesupport_introspection_cppExport.cmake
[6.545s] -- Up-to-date: /home/HabitatROS/install/habitat_msgs/share/habitat_msgs/cmake/habitat_msgs__rosidl_typesupport_introspection_cppExport-noconfig.cmake
[6.546s] -- Up-to-date: /home/HabitatROS/install/habitat_msgs/share/habitat_msgs/cmake/habitat_msgs__rosidl_typesupport_cppExport.cmake
[6.546s] -- Up-to-date: /home/HabitatROS/install/habitat_msgs/share/habitat_msgs/cmake/habitat_msgs__rosidl_typesupport_cppExport-noconfig.cmake
[6.547s] -- Up-to-date: /home/HabitatROS/install/habitat_msgs/share/habitat_msgs/cmake/export_habitat_msgs__rosidl_generator_pyExport.cmake
[6.548s] -- Up-to-date: /home/HabitatROS/install/habitat_msgs/share/habitat_msgs/cmake/export_habitat_msgs__rosidl_generator_pyExport-noconfig.cmake
[6.554s] Invoked command in '/home/HabitatROS/build/habitat_msgs' returned '0': CMAKE_PREFIX_PATH=${CMAKE_PREFIX_PATH}:/home/HabitatROS/install/habitat_driver:/opt/ros/humble /usr/bin/cmake --install /home/HabitatROS/build/habitat_msgs
