/home/HabitatROS/install/habitat_driver/lib/python3.10/site-packages/habitat_driver/sht41_node.py
/home/HabitatROS/install/habitat_driver/lib/python3.10/site-packages/habitat_driver/sub.py
/home/HabitatROS/install/habitat_driver/lib/python3.10/site-packages/habitat_driver/sht41_node1.py
/home/HabitatROS/install/habitat_driver/lib/python3.10/site-packages/habitat_driver/ema.py
/home/HabitatROS/install/habitat_driver/lib/python3.10/site-packages/habitat_driver/__init__.py
/home/HabitatROS/install/habitat_driver/lib/python3.10/site-packages/habitat_driver/__pycache__/sht41_node.cpython-310.pyc
/home/HabitatROS/install/habitat_driver/lib/python3.10/site-packages/habitat_driver/__pycache__/sub.cpython-310.pyc
/home/HabitatROS/install/habitat_driver/lib/python3.10/site-packages/habitat_driver/__pycache__/sht41_node1.cpython-310.pyc
/home/HabitatROS/install/habitat_driver/lib/python3.10/site-packages/habitat_driver/__pycache__/ema.cpython-310.pyc
/home/HabitatROS/install/habitat_driver/lib/python3.10/site-packages/habitat_driver/__pycache__/__init__.cpython-310.pyc
/home/HabitatROS/install/habitat_driver/share/ament_index/resource_index/packages/habitat_driver
/home/HabitatROS/install/habitat_driver/share/habitat_driver/package.xml
/home/HabitatROS/install/habitat_driver/lib/python3.10/site-packages/habitat_driver-0.0.0-py3.10.egg-info/requires.txt
/home/HabitatROS/install/habitat_driver/lib/python3.10/site-packages/habitat_driver-0.0.0-py3.10.egg-info/dependency_links.txt
/home/HabitatROS/install/habitat_driver/lib/python3.10/site-packages/habitat_driver-0.0.0-py3.10.egg-info/PKG-INFO
/home/HabitatROS/install/habitat_driver/lib/python3.10/site-packages/habitat_driver-0.0.0-py3.10.egg-info/zip-safe
/home/HabitatROS/install/habitat_driver/lib/python3.10/site-packages/habitat_driver-0.0.0-py3.10.egg-info/top_level.txt
/home/HabitatROS/install/habitat_driver/lib/python3.10/site-packages/habitat_driver-0.0.0-py3.10.egg-info/SOURCES.txt
/home/HabitatROS/install/habitat_driver/lib/python3.10/site-packages/habitat_driver-0.0.0-py3.10.egg-info/entry_points.txt
/home/HabitatROS/install/habitat_driver/lib/habitat_driver/sht41_node
/home/HabitatROS/install/habitat_driver/lib/habitat_driver/sub
