[1.844s] Invoking command in '/home/HabitatROS/src/habitat_driver': PYTHONPATH=/home/HabitatROS/build/habitat_driver/prefix_override:/usr/lib/python3/dist-packages/colcon_core/task/python/colcon_distutils_commands:/home/HabitatROS/install/habitat_driver/lib/python3.10/site-packages:${PYTHONPATH} /usr/bin/python3 -W ignore:setup.py install is deprecated -W ignore:easy_install command is deprecated setup.py egg_info --egg-base ../../build/habitat_driver build --build-base /home/HabitatROS/build/habitat_driver/build install --record /home/HabitatROS/build/habitat_driver/install.log --install-scripts $base/lib/habitat_driver --single-version-externally-managed install_data
[2.513s] running egg_info
[2.516s] writing ../../build/habitat_driver/habitat_driver.egg-info/PKG-INFO
[2.517s] writing dependency_links to ../../build/habitat_driver/habitat_driver.egg-info/dependency_links.txt
[2.517s] writing entry points to ../../build/habitat_driver/habitat_driver.egg-info/entry_points.txt
[2.518s] writing requirements to ../../build/habitat_driver/habitat_driver.egg-info/requires.txt
[2.519s] writing top-level names to ../../build/habitat_driver/habitat_driver.egg-info/top_level.txt
[2.525s] reading manifest file '../../build/habitat_driver/habitat_driver.egg-info/SOURCES.txt'
[2.529s] writing manifest file '../../build/habitat_driver/habitat_driver.egg-info/SOURCES.txt'
[2.529s] running build
[2.530s] running build_py
[2.530s] copying habitat_driver/sub.py -> /home/HabitatROS/build/habitat_driver/build/lib/habitat_driver
[2.532s] running install
[2.533s] running install_lib
[2.536s] copying /home/HabitatROS/build/habitat_driver/build/lib/habitat_driver/sub.py -> /home/HabitatROS/install/habitat_driver/lib/python3.10/site-packages/habitat_driver
[2.538s] byte-compiling /home/HabitatROS/install/habitat_driver/lib/python3.10/site-packages/habitat_driver/sub.py to sub.cpython-310.pyc
[2.539s] Sorry: TabError: inconsistent use of tabs and spaces in indentation (sub.py, line 19)
[2.540s] running install_data
[2.540s] running install_egg_info
[2.550s] removing '/home/HabitatROS/install/habitat_driver/lib/python3.10/site-packages/habitat_driver-0.0.0-py3.10.egg-info' (and everything under it)
[2.551s] Copying ../../build/habitat_driver/habitat_driver.egg-info to /home/HabitatROS/install/habitat_driver/lib/python3.10/site-packages/habitat_driver-0.0.0-py3.10.egg-info
[2.555s] running install_scripts
[2.625s] Installing sht41_node script to /home/HabitatROS/install/habitat_driver/lib/habitat_driver
[2.627s] writing list of installed files to '/home/HabitatROS/build/habitat_driver/install.log'
[2.740s] Invoked command in '/home/HabitatROS/src/habitat_driver' returned '0': PYTHONPATH=/home/HabitatROS/build/habitat_driver/prefix_override:/usr/lib/python3/dist-packages/colcon_core/task/python/colcon_distutils_commands:/home/HabitatROS/install/habitat_driver/lib/python3.10/site-packages:${PYTHONPATH} /usr/bin/python3 -W ignore:setup.py install is deprecated -W ignore:easy_install command is deprecated setup.py egg_info --egg-base ../../build/habitat_driver build --build-base /home/HabitatROS/build/habitat_driver/build install --record /home/HabitatROS/build/habitat_driver/install.log --install-scripts $base/lib/habitat_driver --single-version-externally-managed install_data
