[0.041s] Invoking command in '/home/HabitatROS/build/habitat_msgs': /usr/bin/cmake --build /home/HabitatROS/build/habitat_msgs -- -j4 -l4
[0.173s] [35m[1mConsolidate compiler generated dependencies of target habitat_msgs__rosidl_generator_c[0m
[0.234s] [  3%] Built target habitat_msgs__cpp
[0.241s] [  6%] Built target habitat_msgs__rs
[0.277s] [ 15%] Built target habitat_msgs__rosidl_generator_c
[0.327s] [35m[1mConsolidate compiler generated dependencies of target habitat_msgs__rosidl_typesupport_cpp[0m
[0.340s] [35m[1mConsolidate compiler generated dependencies of target habitat_msgs__rosidl_typesupport_fastrtps_cpp[0m
[0.342s] [ 15%] Built target ament_cmake_python_copy_habitat_msgs
[0.387s] [35m[1mConsolidate compiler generated dependencies of target habitat_msgs__rosidl_typesupport_introspection_cpp[0m
[0.439s] [35m[1mConsolidate compiler generated dependencies of target habitat_msgs__rosidl_typesupport_fastrtps_c[0m
[0.446s] [ 25%] Built target habitat_msgs__rosidl_typesupport_cpp
[0.487s] [ 34%] Built target habitat_msgs__rosidl_typesupport_fastrtps_cpp
[0.529s] [ 43%] Built target habitat_msgs__rosidl_typesupport_introspection_cpp
[0.535s] [35m[1mConsolidate compiler generated dependencies of target habitat_msgs__rosidl_typesupport_c[0m
[0.575s] [ 53%] Built target habitat_msgs__rosidl_typesupport_fastrtps_c
[0.587s] [35m[1mConsolidate compiler generated dependencies of target habitat_msgs__rosidl_typesupport_introspection_c[0m
[0.649s] [ 62%] Built target habitat_msgs__rosidl_typesupport_c
[0.696s] [ 71%] Built target habitat_msgs__rosidl_typesupport_introspection_c
[0.879s] [ 71%] Built target habitat_msgs
[1.056s] [ 75%] Built target habitat_msgs__py
[1.148s] [35m[1mConsolidate compiler generated dependencies of target habitat_msgs__rosidl_generator_py[0m
[1.277s] [ 81%] Built target habitat_msgs__rosidl_generator_py
[1.373s] [35m[1mConsolidate compiler generated dependencies of target habitat_msgs__rosidl_typesupport_fastrtps_c__pyext[0m
[1.377s] [35m[1mConsolidate compiler generated dependencies of target habitat_msgs__rosidl_typesupport_introspection_c__pyext[0m
[1.379s] [35m[1mConsolidate compiler generated dependencies of target habitat_msgs__rosidl_typesupport_c__pyext[0m
[1.512s] [ 93%] Built target habitat_msgs__rosidl_typesupport_introspection_c__pyext
[1.513s] [ 93%] Built target habitat_msgs__rosidl_typesupport_fastrtps_c__pyext
[1.520s] [100%] Built target habitat_msgs__rosidl_typesupport_c__pyext
[2.460s] running egg_info
[2.466s] writing habitat_msgs.egg-info/PKG-INFO
[2.468s] writing dependency_links to habitat_msgs.egg-info/dependency_links.txt
[2.471s] writing top-level names to habitat_msgs.egg-info/top_level.txt
[2.489s] reading manifest file 'habitat_msgs.egg-info/SOURCES.txt'
[2.495s] writing manifest file 'habitat_msgs.egg-info/SOURCES.txt'
[2.725s] [100%] Built target ament_cmake_python_build_habitat_msgs_egg
[2.819s] Invoked command in '/home/HabitatROS/build/habitat_msgs' returned '0': /usr/bin/cmake --build /home/HabitatROS/build/habitat_msgs -- -j4 -l4
[2.906s] Invoking command in '/home/HabitatROS/build/habitat_msgs': /usr/bin/cmake --install /home/HabitatROS/build/habitat_msgs
[2.974s] -- Install configuration: ""
[2.977s] -- Up-to-date: /home/HabitatROS/install/habitat_msgs/share/ament_index/resource_index/rosidl_interfaces/habitat_msgs
[2.978s] -- Up-to-date: /home/HabitatROS/install/habitat_msgs/include/habitat_msgs/habitat_msgs
[2.979s] -- Up-to-date: /home/HabitatROS/install/habitat_msgs/include/habitat_msgs/habitat_msgs/msg
[2.980s] -- Up-to-date: /home/HabitatROS/install/habitat_msgs/include/habitat_msgs/habitat_msgs/msg/detail
[2.981s] -- Up-to-date: /home/HabitatROS/install/habitat_msgs/include/habitat_msgs/habitat_msgs/msg/detail/habitat_sensor__functions.h
[2.983s] -- Up-to-date: /home/HabitatROS/install/habitat_msgs/include/habitat_msgs/habitat_msgs/msg/detail/habitat_sensor__functions.c
[2.984s] -- Up-to-date: /home/HabitatROS/install/habitat_msgs/include/habitat_msgs/habitat_msgs/msg/detail/habitat_sensor__struct.h
[2.985s] -- Up-to-date: /home/HabitatROS/install/habitat_msgs/include/habitat_msgs/habitat_msgs/msg/detail/habitat_sensor__type_support.h
[2.986s] -- Up-to-date: /home/HabitatROS/install/habitat_msgs/include/habitat_msgs/habitat_msgs/msg/rosidl_generator_c__visibility_control.h
[2.988s] -- Up-to-date: /home/HabitatROS/install/habitat_msgs/include/habitat_msgs/habitat_msgs/msg/habitat_sensor.h
[2.989s] -- Up-to-date: /home/HabitatROS/install/habitat_msgs/share/habitat_msgs/environment/library_path.sh
[2.991s] -- Up-to-date: /home/HabitatROS/install/habitat_msgs/share/habitat_msgs/environment/library_path.dsv
[2.991s] -- Up-to-date: /home/HabitatROS/install/habitat_msgs/lib/libhabitat_msgs__rosidl_generator_c.so
[2.992s] -- Up-to-date: /home/HabitatROS/install/habitat_msgs/include/habitat_msgs/habitat_msgs
[2.993s] -- Up-to-date: /home/HabitatROS/install/habitat_msgs/include/habitat_msgs/habitat_msgs/msg
[2.994s] -- Up-to-date: /home/HabitatROS/install/habitat_msgs/include/habitat_msgs/habitat_msgs/msg/detail
[2.995s] -- Up-to-date: /home/HabitatROS/install/habitat_msgs/include/habitat_msgs/habitat_msgs/msg/detail/habitat_sensor__rosidl_typesupport_fastrtps_c.h
[2.998s] -- Up-to-date: /home/HabitatROS/install/habitat_msgs/include/habitat_msgs/habitat_msgs/msg/rosidl_typesupport_fastrtps_c__visibility_control.h
[3.000s] -- Up-to-date: /home/HabitatROS/install/habitat_msgs/lib/libhabitat_msgs__rosidl_typesupport_fastrtps_c.so
[3.001s] -- Up-to-date: /home/HabitatROS/install/habitat_msgs/include/habitat_msgs/habitat_msgs
[3.003s] -- Up-to-date: /home/HabitatROS/install/habitat_msgs/include/habitat_msgs/habitat_msgs/msg
[3.003s] -- Up-to-date: /home/HabitatROS/install/habitat_msgs/include/habitat_msgs/habitat_msgs/msg/rosidl_typesupport_introspection_c__visibility_control.h
[3.006s] -- Up-to-date: /home/HabitatROS/install/habitat_msgs/include/habitat_msgs/habitat_msgs/msg/detail
[3.006s] -- Up-to-date: /home/HabitatROS/install/habitat_msgs/include/habitat_msgs/habitat_msgs/msg/detail/habitat_sensor__rosidl_typesupport_introspection_c.h
[3.008s] -- Up-to-date: /home/HabitatROS/install/habitat_msgs/include/habitat_msgs/habitat_msgs/msg/detail/habitat_sensor__type_support.c
[3.009s] -- Up-to-date: /home/HabitatROS/install/habitat_msgs/lib/libhabitat_msgs__rosidl_typesupport_introspection_c.so
[3.010s] -- Up-to-date: /home/HabitatROS/install/habitat_msgs/lib/libhabitat_msgs__rosidl_typesupport_c.so
[3.011s] -- Up-to-date: /home/HabitatROS/install/habitat_msgs/include/habitat_msgs/habitat_msgs
[3.011s] -- Up-to-date: /home/HabitatROS/install/habitat_msgs/include/habitat_msgs/habitat_msgs/msg
[3.013s] -- Up-to-date: /home/HabitatROS/install/habitat_msgs/include/habitat_msgs/habitat_msgs/msg/habitat_sensor.hpp
[3.014s] -- Up-to-date: /home/HabitatROS/install/habitat_msgs/include/habitat_msgs/habitat_msgs/msg/detail
[3.015s] -- Up-to-date: /home/HabitatROS/install/habitat_msgs/include/habitat_msgs/habitat_msgs/msg/detail/habitat_sensor__builder.hpp
[3.016s] -- Up-to-date: /home/HabitatROS/install/habitat_msgs/include/habitat_msgs/habitat_msgs/msg/detail/habitat_sensor__type_support.hpp
[3.018s] -- Up-to-date: /home/HabitatROS/install/habitat_msgs/include/habitat_msgs/habitat_msgs/msg/detail/habitat_sensor__traits.hpp
[3.019s] -- Up-to-date: /home/HabitatROS/install/habitat_msgs/include/habitat_msgs/habitat_msgs/msg/detail/habitat_sensor__struct.hpp
[3.020s] -- Up-to-date: /home/HabitatROS/install/habitat_msgs/include/habitat_msgs/habitat_msgs/msg/rosidl_generator_cpp__visibility_control.hpp
[3.021s] -- Up-to-date: /home/HabitatROS/install/habitat_msgs/include/habitat_msgs/habitat_msgs
[3.022s] -- Up-to-date: /home/HabitatROS/install/habitat_msgs/include/habitat_msgs/habitat_msgs/msg
[3.025s] -- Up-to-date: /home/HabitatROS/install/habitat_msgs/include/habitat_msgs/habitat_msgs/msg/rosidl_typesupport_fastrtps_cpp__visibility_control.h
[3.026s] -- Up-to-date: /home/HabitatROS/install/habitat_msgs/include/habitat_msgs/habitat_msgs/msg/detail
[3.027s] -- Up-to-date: /home/HabitatROS/install/habitat_msgs/include/habitat_msgs/habitat_msgs/msg/detail/habitat_sensor__rosidl_typesupport_fastrtps_cpp.hpp
[3.028s] -- Up-to-date: /home/HabitatROS/install/habitat_msgs/include/habitat_msgs/habitat_msgs/msg/detail/dds_fastrtps
[3.029s] -- Up-to-date: /home/HabitatROS/install/habitat_msgs/lib/libhabitat_msgs__rosidl_typesupport_fastrtps_cpp.so
[3.031s] -- Up-to-date: /home/HabitatROS/install/habitat_msgs/include/habitat_msgs/habitat_msgs
[3.033s] -- Up-to-date: /home/HabitatROS/install/habitat_msgs/include/habitat_msgs/habitat_msgs/msg
[3.034s] -- Up-to-date: /home/HabitatROS/install/habitat_msgs/include/habitat_msgs/habitat_msgs/msg/detail
[3.034s] -- Up-to-date: /home/HabitatROS/install/habitat_msgs/include/habitat_msgs/habitat_msgs/msg/detail/habitat_sensor__type_support.cpp
[3.035s] -- Up-to-date: /home/HabitatROS/install/habitat_msgs/include/habitat_msgs/habitat_msgs/msg/detail/habitat_sensor__rosidl_typesupport_introspection_cpp.hpp
[3.036s] -- Up-to-date: /home/HabitatROS/install/habitat_msgs/lib/libhabitat_msgs__rosidl_typesupport_introspection_cpp.so
[3.037s] -- Up-to-date: /home/HabitatROS/install/habitat_msgs/lib/libhabitat_msgs__rosidl_typesupport_cpp.so
[3.038s] -- Up-to-date: /home/HabitatROS/install/habitat_msgs/share/habitat_msgs/environment/pythonpath.sh
[3.039s] -- Up-to-date: /home/HabitatROS/install/habitat_msgs/share/habitat_msgs/environment/pythonpath.dsv
[3.040s] -- Up-to-date: /home/HabitatROS/install/habitat_msgs/local/lib/python3.10/dist-packages/habitat_msgs-0.0.0-py3.10.egg-info
[3.041s] -- Installing: /home/HabitatROS/install/habitat_msgs/local/lib/python3.10/dist-packages/habitat_msgs-0.0.0-py3.10.egg-info/dependency_links.txt
[3.042s] -- Installing: /home/HabitatROS/install/habitat_msgs/local/lib/python3.10/dist-packages/habitat_msgs-0.0.0-py3.10.egg-info/PKG-INFO
[3.043s] -- Installing: /home/HabitatROS/install/habitat_msgs/local/lib/python3.10/dist-packages/habitat_msgs-0.0.0-py3.10.egg-info/top_level.txt
[3.043s] -- Installing: /home/HabitatROS/install/habitat_msgs/local/lib/python3.10/dist-packages/habitat_msgs-0.0.0-py3.10.egg-info/SOURCES.txt
[3.044s] -- Up-to-date: /home/HabitatROS/install/habitat_msgs/local/lib/python3.10/dist-packages/habitat_msgs
[3.045s] -- Up-to-date: /home/HabitatROS/install/habitat_msgs/local/lib/python3.10/dist-packages/habitat_msgs/_habitat_msgs_s.ep.rosidl_typesupport_fastrtps_c.c
[3.046s] -- Up-to-date: /home/HabitatROS/install/habitat_msgs/local/lib/python3.10/dist-packages/habitat_msgs/msg
[3.047s] -- Up-to-date: /home/HabitatROS/install/habitat_msgs/local/lib/python3.10/dist-packages/habitat_msgs/msg/_habitat_sensor.py
[3.048s] -- Up-to-date: /home/HabitatROS/install/habitat_msgs/local/lib/python3.10/dist-packages/habitat_msgs/msg/__init__.py
[3.048s] -- Up-to-date: /home/HabitatROS/install/habitat_msgs/local/lib/python3.10/dist-packages/habitat_msgs/msg/_habitat_sensor_s.c
[3.049s] -- Up-to-date: /home/HabitatROS/install/habitat_msgs/local/lib/python3.10/dist-packages/habitat_msgs/habitat_msgs_s__rosidl_typesupport_introspection_c.cpython-310-aarch64-linux-gnu.so
[3.050s] -- Up-to-date: /home/HabitatROS/install/habitat_msgs/local/lib/python3.10/dist-packages/habitat_msgs/_habitat_msgs_s.ep.rosidl_typesupport_introspection_c.c
[3.051s] -- Up-to-date: /home/HabitatROS/install/habitat_msgs/local/lib/python3.10/dist-packages/habitat_msgs/_habitat_msgs_s.ep.rosidl_typesupport_c.c
[3.052s] -- Up-to-date: /home/HabitatROS/install/habitat_msgs/local/lib/python3.10/dist-packages/habitat_msgs/habitat_msgs_s__rosidl_typesupport_c.cpython-310-aarch64-linux-gnu.so
[3.053s] -- Up-to-date: /home/HabitatROS/install/habitat_msgs/local/lib/python3.10/dist-packages/habitat_msgs/libhabitat_msgs__rosidl_generator_py.so
[3.054s] -- Up-to-date: /home/HabitatROS/install/habitat_msgs/local/lib/python3.10/dist-packages/habitat_msgs/habitat_msgs_s__rosidl_typesupport_fastrtps_c.cpython-310-aarch64-linux-gnu.so
[3.054s] -- Up-to-date: /home/HabitatROS/install/habitat_msgs/local/lib/python3.10/dist-packages/habitat_msgs/__init__.py
[3.307s] Listing '/home/HabitatROS/install/habitat_msgs/local/lib/python3.10/dist-packages/habitat_msgs'...
[3.309s] Listing '/home/HabitatROS/install/habitat_msgs/local/lib/python3.10/dist-packages/habitat_msgs/msg'...
[3.351s] -- Up-to-date: /home/HabitatROS/install/habitat_msgs/local/lib/python3.10/dist-packages/habitat_msgs/habitat_msgs_s__rosidl_typesupport_fastrtps_c.cpython-310-aarch64-linux-gnu.so
[3.354s] -- Up-to-date: /home/HabitatROS/install/habitat_msgs/local/lib/python3.10/dist-packages/habitat_msgs/habitat_msgs_s__rosidl_typesupport_introspection_c.cpython-310-aarch64-linux-gnu.so
[3.357s] -- Up-to-date: /home/HabitatROS/install/habitat_msgs/local/lib/python3.10/dist-packages/habitat_msgs/habitat_msgs_s__rosidl_typesupport_c.cpython-310-aarch64-linux-gnu.so
[3.361s] -- Up-to-date: /home/HabitatROS/install/habitat_msgs/lib/libhabitat_msgs__rosidl_generator_py.so
[3.364s] -- Up-to-date: /home/HabitatROS/install/habitat_msgs/share/ament_index/resource_index/rust_packages/habitat_msgs
[3.366s] -- Up-to-date: /home/HabitatROS/install/habitat_msgs/share/habitat_msgs/rust
[3.368s] -- Up-to-date: /home/HabitatROS/install/habitat_msgs/share/habitat_msgs/rust/build.rs
[3.370s] -- Up-to-date: /home/HabitatROS/install/habitat_msgs/share/habitat_msgs/rust/Cargo.toml
[3.371s] -- Up-to-date: /home/HabitatROS/install/habitat_msgs/share/habitat_msgs/rust/src
[3.372s] -- Up-to-date: /home/HabitatROS/install/habitat_msgs/share/habitat_msgs/rust/src/msg
[3.374s] -- Up-to-date: /home/HabitatROS/install/habitat_msgs/share/habitat_msgs/rust/src/msg/rmw.rs
[3.375s] -- Up-to-date: /home/HabitatROS/install/habitat_msgs/share/habitat_msgs/rust/src/msg.rs
[3.377s] -- Up-to-date: /home/HabitatROS/install/habitat_msgs/share/habitat_msgs/rust/src/lib.rs
[3.378s] -- Up-to-date: /home/HabitatROS/install/habitat_msgs/share/habitat_msgs/msg/HabitatSensor.idl
[3.380s] -- Up-to-date: /home/HabitatROS/install/habitat_msgs/share/habitat_msgs/msg/HabitatSensor.msg
[3.382s] -- Up-to-date: /home/HabitatROS/install/habitat_msgs/share/ament_index/resource_index/package_run_dependencies/habitat_msgs
[3.383s] -- Up-to-date: /home/HabitatROS/install/habitat_msgs/share/ament_index/resource_index/parent_prefix_path/habitat_msgs
[3.385s] -- Up-to-date: /home/HabitatROS/install/habitat_msgs/share/habitat_msgs/environment/ament_prefix_path.sh
[3.387s] -- Up-to-date: /home/HabitatROS/install/habitat_msgs/share/habitat_msgs/environment/ament_prefix_path.dsv
[3.389s] -- Up-to-date: /home/HabitatROS/install/habitat_msgs/share/habitat_msgs/environment/path.sh
[3.390s] -- Up-to-date: /home/HabitatROS/install/habitat_msgs/share/habitat_msgs/environment/path.dsv
[3.391s] -- Up-to-date: /home/HabitatROS/install/habitat_msgs/share/habitat_msgs/local_setup.bash
[3.392s] -- Up-to-date: /home/HabitatROS/install/habitat_msgs/share/habitat_msgs/local_setup.sh
[3.393s] -- Up-to-date: /home/HabitatROS/install/habitat_msgs/share/habitat_msgs/local_setup.zsh
[3.394s] -- Up-to-date: /home/HabitatROS/install/habitat_msgs/share/habitat_msgs/local_setup.dsv
[3.395s] -- Installing: /home/HabitatROS/install/habitat_msgs/share/habitat_msgs/package.dsv
[3.396s] -- Up-to-date: /home/HabitatROS/install/habitat_msgs/share/ament_index/resource_index/packages/habitat_msgs
[3.396s] -- Up-to-date: /home/HabitatROS/install/habitat_msgs/share/habitat_msgs/cmake/export_habitat_msgs__rosidl_generator_cExport.cmake
[3.397s] -- Up-to-date: /home/HabitatROS/install/habitat_msgs/share/habitat_msgs/cmake/export_habitat_msgs__rosidl_generator_cExport-noconfig.cmake
[3.398s] -- Up-to-date: /home/HabitatROS/install/habitat_msgs/share/habitat_msgs/cmake/export_habitat_msgs__rosidl_typesupport_fastrtps_cExport.cmake
[3.399s] -- Up-to-date: /home/HabitatROS/install/habitat_msgs/share/habitat_msgs/cmake/export_habitat_msgs__rosidl_typesupport_fastrtps_cExport-noconfig.cmake
[3.402s] -- Up-to-date: /home/HabitatROS/install/habitat_msgs/share/habitat_msgs/cmake/habitat_msgs__rosidl_typesupport_introspection_cExport.cmake
[3.405s] -- Up-to-date: /home/HabitatROS/install/habitat_msgs/share/habitat_msgs/cmake/habitat_msgs__rosidl_typesupport_introspection_cExport-noconfig.cmake
[3.406s] -- Up-to-date: /home/HabitatROS/install/habitat_msgs/share/habitat_msgs/cmake/habitat_msgs__rosidl_typesupport_cExport.cmake
[3.407s] -- Up-to-date: /home/HabitatROS/install/habitat_msgs/share/habitat_msgs/cmake/habitat_msgs__rosidl_typesupport_cExport-noconfig.cmake
[3.409s] -- Up-to-date: /home/HabitatROS/install/habitat_msgs/share/habitat_msgs/cmake/export_habitat_msgs__rosidl_generator_cppExport.cmake
[3.410s] -- Up-to-date: /home/HabitatROS/install/habitat_msgs/share/habitat_msgs/cmake/export_habitat_msgs__rosidl_typesupport_fastrtps_cppExport.cmake
[3.415s] -- Up-to-date: /home/HabitatROS/install/habitat_msgs/share/habitat_msgs/cmake/export_habitat_msgs__rosidl_typesupport_fastrtps_cppExport-noconfig.cmake
[3.416s] -- Up-to-date: /home/HabitatROS/install/habitat_msgs/share/habitat_msgs/cmake/habitat_msgs__rosidl_typesupport_introspection_cppExport.cmake
[3.420s] -- Up-to-date: /home/HabitatROS/install/habitat_msgs/share/habitat_msgs/cmake/habitat_msgs__rosidl_typesupport_introspection_cppExport-noconfig.cmake
[3.421s] -- Up-to-date: /home/HabitatROS/install/habitat_msgs/share/habitat_msgs/cmake/habitat_msgs__rosidl_typesupport_cppExport.cmake
[3.423s] -- Up-to-date: /home/HabitatROS/install/habitat_msgs/share/habitat_msgs/cmake/habitat_msgs__rosidl_typesupport_cppExport-noconfig.cmake
[3.425s] -- Up-to-date: /home/HabitatROS/install/habitat_msgs/share/habitat_msgs/cmake/export_habitat_msgs__rosidl_generator_pyExport.cmake
[3.428s] -- Up-to-date: /home/HabitatROS/install/habitat_msgs/share/habitat_msgs/cmake/export_habitat_msgs__rosidl_generator_pyExport-noconfig.cmake
[3.429s] -- Up-to-date: /home/HabitatROS/install/habitat_msgs/share/habitat_msgs/cmake/rosidl_cmake-extras.cmake
[3.432s] -- Up-to-date: /home/HabitatROS/install/habitat_msgs/share/habitat_msgs/cmake/ament_cmake_export_include_directories-extras.cmake
[3.442s] -- Up-to-date: /home/HabitatROS/install/habitat_msgs/share/habitat_msgs/cmake/ament_cmake_export_libraries-extras.cmake
[3.446s] -- Up-to-date: /home/HabitatROS/install/habitat_msgs/share/habitat_msgs/cmake/ament_cmake_export_targets-extras.cmake
[3.451s] -- Up-to-date: /home/HabitatROS/install/habitat_msgs/share/habitat_msgs/cmake/rosidl_cmake_export_typesupport_targets-extras.cmake
[3.453s] -- Up-to-date: /home/HabitatROS/install/habitat_msgs/share/habitat_msgs/cmake/ament_cmake_export_dependencies-extras.cmake
[3.455s] -- Up-to-date: /home/HabitatROS/install/habitat_msgs/share/habitat_msgs/cmake/rosidl_cmake_export_typesupport_libraries-extras.cmake
[3.456s] -- Up-to-date: /home/HabitatROS/install/habitat_msgs/share/habitat_msgs/cmake/habitat_msgsConfig.cmake
[3.459s] -- Up-to-date: /home/HabitatROS/install/habitat_msgs/share/habitat_msgs/cmake/habitat_msgsConfig-version.cmake
[3.460s] -- Up-to-date: /home/HabitatROS/install/habitat_msgs/share/habitat_msgs/package.xml
[3.462s] Invoked command in '/home/HabitatROS/build/habitat_msgs' returned '0': /usr/bin/cmake --install /home/HabitatROS/build/habitat_msgs
