[0.039s] Invoking command in '/home/HabitatROS/build/habitat_msgs': CMAKE_PREFIX_PATH=${CMAKE_PREFIX_PATH}:/home/HabitatROS/install/habitat_driver:/opt/ros/humble /usr/bin/cmake --build /home/HabitatROS/build/habitat_msgs -- -j4 -l4
[0.217s] [  3%] Built target habitat_msgs__cpp
[0.220s] [  6%] Built target habitat_msgs__rs
[0.223s] [ 15%] Built target habitat_msgs__rosidl_generator_c
[0.252s] [ 15%] Built target ament_cmake_python_symlink_habitat_msgs
[0.309s] [ 34%] Built target habitat_msgs__rosidl_typesupport_cpp
[0.310s] [ 34%] Built target habitat_msgs__rosidl_typesupport_introspection_cpp
[0.315s] [ 43%] Built target habitat_msgs__rosidl_typesupport_fastrtps_cpp
[0.349s] [ 53%] Built target habitat_msgs__rosidl_typesupport_fastrtps_c
[0.388s] [ 62%] Built target habitat_msgs__rosidl_typesupport_introspection_c
[0.391s] [ 71%] Built target habitat_msgs__rosidl_typesupport_c
[0.466s] [ 71%] Built target habitat_msgs
[0.542s] [ 75%] Built target habitat_msgs__py
[0.624s] [ 81%] Built target habitat_msgs__rosidl_generator_py
[0.709s] [ 90%] Built target habitat_msgs__rosidl_typesupport_fastrtps_c__pyext
[0.711s] [ 93%] Built target habitat_msgs__rosidl_typesupport_c__pyext
[0.728s] [100%] Built target habitat_msgs__rosidl_typesupport_introspection_c__pyext
[1.100s] running egg_info
[1.103s] writing habitat_msgs.egg-info/PKG-INFO
[1.104s] writing dependency_links to habitat_msgs.egg-info/dependency_links.txt
[1.105s] writing top-level names to habitat_msgs.egg-info/top_level.txt
[1.112s] reading manifest file 'habitat_msgs.egg-info/SOURCES.txt'
[1.114s] writing manifest file 'habitat_msgs.egg-info/SOURCES.txt'
[1.232s] [100%] Built target ament_cmake_python_build_habitat_msgs_egg
[1.267s] Invoked command in '/home/HabitatROS/build/habitat_msgs' returned '0': CMAKE_PREFIX_PATH=${CMAKE_PREFIX_PATH}:/home/HabitatROS/install/habitat_driver:/opt/ros/humble /usr/bin/cmake --build /home/HabitatROS/build/habitat_msgs -- -j4 -l4
[1.300s] Invoking command in '/home/HabitatROS/build/habitat_msgs': CMAKE_PREFIX_PATH=${CMAKE_PREFIX_PATH}:/home/HabitatROS/install/habitat_driver:/opt/ros/humble /usr/bin/cmake --install /home/HabitatROS/build/habitat_msgs
[1.324s] -- Install configuration: ""
[1.326s] -- Execute custom install script
[1.327s] -- Up-to-date symlink: /home/HabitatROS/install/habitat_msgs/share/ament_index/resource_index/rosidl_interfaces/habitat_msgs
[1.329s] -- Up-to-date symlink: /home/HabitatROS/install/habitat_msgs/include/habitat_msgs/habitat_msgs/msg/detail/habitat_sensor__functions.h
[1.329s] -- Up-to-date symlink: /home/HabitatROS/install/habitat_msgs/include/habitat_msgs/habitat_msgs/msg/detail/habitat_sensor__struct.h
[1.330s] -- Up-to-date symlink: /home/HabitatROS/install/habitat_msgs/include/habitat_msgs/habitat_msgs/msg/detail/habitat_sensor__type_support.h
[1.330s] -- Up-to-date symlink: /home/HabitatROS/install/habitat_msgs/include/habitat_msgs/habitat_msgs/msg/habitat_sensor.h
[1.331s] -- Up-to-date symlink: /home/HabitatROS/install/habitat_msgs/include/habitat_msgs/habitat_msgs/msg/rosidl_generator_c__visibility_control.h
[1.332s] -- Up-to-date symlink: /home/HabitatROS/install/habitat_msgs/share/habitat_msgs/environment/library_path.sh
[1.332s] -- Up-to-date symlink: /home/HabitatROS/install/habitat_msgs/share/habitat_msgs/environment/library_path.dsv
[1.334s] -- Up-to-date symlink: /home/HabitatROS/install/habitat_msgs/include/habitat_msgs/habitat_msgs/msg/detail/habitat_sensor__rosidl_typesupport_fastrtps_c.h
[1.334s] -- Up-to-date symlink: /home/HabitatROS/install/habitat_msgs/include/habitat_msgs/habitat_msgs/msg/rosidl_typesupport_fastrtps_c__visibility_control.h
[1.335s] -- Up-to-date symlink: /home/HabitatROS/install/habitat_msgs/include/habitat_msgs/habitat_msgs/msg/detail/habitat_sensor__rosidl_typesupport_introspection_c.h
[1.336s] -- Up-to-date symlink: /home/HabitatROS/install/habitat_msgs/include/habitat_msgs/habitat_msgs/msg/rosidl_typesupport_introspection_c__visibility_control.h
[1.337s] -- Up-to-date symlink: /home/HabitatROS/install/habitat_msgs/include/habitat_msgs/habitat_msgs/msg/detail/habitat_sensor__builder.hpp
[1.338s] -- Up-to-date symlink: /home/HabitatROS/install/habitat_msgs/include/habitat_msgs/habitat_msgs/msg/detail/habitat_sensor__struct.hpp
[1.338s] -- Up-to-date symlink: /home/HabitatROS/install/habitat_msgs/include/habitat_msgs/habitat_msgs/msg/detail/habitat_sensor__traits.hpp
[1.339s] -- Up-to-date symlink: /home/HabitatROS/install/habitat_msgs/include/habitat_msgs/habitat_msgs/msg/detail/habitat_sensor__type_support.hpp
[1.339s] -- Up-to-date symlink: /home/HabitatROS/install/habitat_msgs/include/habitat_msgs/habitat_msgs/msg/habitat_sensor.hpp
[1.340s] -- Up-to-date symlink: /home/HabitatROS/install/habitat_msgs/include/habitat_msgs/habitat_msgs/msg/rosidl_generator_cpp__visibility_control.hpp
[1.341s] -- Up-to-date symlink: /home/HabitatROS/install/habitat_msgs/include/habitat_msgs/habitat_msgs/msg/detail/habitat_sensor__rosidl_typesupport_fastrtps_cpp.hpp
[1.342s] -- Up-to-date symlink: /home/HabitatROS/install/habitat_msgs/include/habitat_msgs/habitat_msgs/msg/rosidl_typesupport_fastrtps_cpp__visibility_control.h
[1.343s] -- Up-to-date symlink: /home/HabitatROS/install/habitat_msgs/include/habitat_msgs/habitat_msgs/msg/detail/habitat_sensor__rosidl_typesupport_introspection_cpp.hpp
[1.343s] -- Up-to-date symlink: /home/HabitatROS/install/habitat_msgs/share/habitat_msgs/environment/pythonpath.sh
[1.344s] -- Up-to-date symlink: /home/HabitatROS/install/habitat_msgs/share/habitat_msgs/environment/pythonpath.dsv
[1.345s] -- Up-to-date symlink: /home/HabitatROS/install/habitat_msgs/local/lib/python3.10/dist-packages/habitat_msgs-0.0.0-py3.10.egg-info/PKG-INFO
[1.346s] -- Up-to-date symlink: /home/HabitatROS/install/habitat_msgs/local/lib/python3.10/dist-packages/habitat_msgs-0.0.0-py3.10.egg-info/SOURCES.txt
[1.346s] -- Up-to-date symlink: /home/HabitatROS/install/habitat_msgs/local/lib/python3.10/dist-packages/habitat_msgs-0.0.0-py3.10.egg-info/dependency_links.txt
[1.347s] -- Up-to-date symlink: /home/HabitatROS/install/habitat_msgs/local/lib/python3.10/dist-packages/habitat_msgs-0.0.0-py3.10.egg-info/top_level.txt
[1.348s] -- Up-to-date symlink: /home/HabitatROS/install/habitat_msgs/local/lib/python3.10/dist-packages/habitat_msgs/__init__.py
[1.349s] -- Up-to-date symlink: /home/HabitatROS/install/habitat_msgs/local/lib/python3.10/dist-packages/habitat_msgs/_habitat_msgs_s.ep.rosidl_typesupport_c.c
[1.349s] -- Up-to-date symlink: /home/HabitatROS/install/habitat_msgs/local/lib/python3.10/dist-packages/habitat_msgs/_habitat_msgs_s.ep.rosidl_typesupport_fastrtps_c.c
[1.350s] -- Up-to-date symlink: /home/HabitatROS/install/habitat_msgs/local/lib/python3.10/dist-packages/habitat_msgs/_habitat_msgs_s.ep.rosidl_typesupport_introspection_c.c
[1.350s] -- Up-to-date symlink: /home/HabitatROS/install/habitat_msgs/local/lib/python3.10/dist-packages/habitat_msgs/habitat_msgs_s__rosidl_typesupport_c.cpython-310-aarch64-linux-gnu.so
[1.351s] -- Up-to-date symlink: /home/HabitatROS/install/habitat_msgs/local/lib/python3.10/dist-packages/habitat_msgs/habitat_msgs_s__rosidl_typesupport_fastrtps_c.cpython-310-aarch64-linux-gnu.so
[1.351s] -- Up-to-date symlink: /home/HabitatROS/install/habitat_msgs/local/lib/python3.10/dist-packages/habitat_msgs/habitat_msgs_s__rosidl_typesupport_introspection_c.cpython-310-aarch64-linux-gnu.so
[1.352s] -- Up-to-date symlink: /home/HabitatROS/install/habitat_msgs/local/lib/python3.10/dist-packages/habitat_msgs/libhabitat_msgs__rosidl_generator_py.so
[1.352s] -- Up-to-date symlink: /home/HabitatROS/install/habitat_msgs/local/lib/python3.10/dist-packages/habitat_msgs/msg/__init__.py
[1.353s] -- Up-to-date symlink: /home/HabitatROS/install/habitat_msgs/local/lib/python3.10/dist-packages/habitat_msgs/msg/_habitat_sensor.py
[1.353s] -- Up-to-date symlink: /home/HabitatROS/install/habitat_msgs/local/lib/python3.10/dist-packages/habitat_msgs/msg/_habitat_sensor_s.c
[1.354s] -- Up-to-date symlink: /home/HabitatROS/install/habitat_msgs/local/lib/python3.10/dist-packages/habitat_msgs/habitat_msgs_s__rosidl_typesupport_fastrtps_c.cpython-310-aarch64-linux-gnu.so
[1.355s] -- Up-to-date symlink: /home/HabitatROS/install/habitat_msgs/local/lib/python3.10/dist-packages/habitat_msgs/habitat_msgs_s__rosidl_typesupport_introspection_c.cpython-310-aarch64-linux-gnu.so
[1.356s] -- Up-to-date symlink: /home/HabitatROS/install/habitat_msgs/local/lib/python3.10/dist-packages/habitat_msgs/habitat_msgs_s__rosidl_typesupport_c.cpython-310-aarch64-linux-gnu.so
[1.356s] -- Up-to-date symlink: /home/HabitatROS/install/habitat_msgs/share/ament_index/resource_index/rust_packages/habitat_msgs
[1.357s] -- Up-to-date symlink: /home/HabitatROS/install/habitat_msgs/share/habitat_msgs/rust/Cargo.toml
[1.358s] -- Up-to-date symlink: /home/HabitatROS/install/habitat_msgs/share/habitat_msgs/rust/build.rs
[1.359s] -- Up-to-date symlink: /home/HabitatROS/install/habitat_msgs/share/habitat_msgs/rust/src/lib.rs
[1.359s] -- Up-to-date symlink: /home/HabitatROS/install/habitat_msgs/share/habitat_msgs/rust/src/msg.rs
[1.359s] -- Up-to-date symlink: /home/HabitatROS/install/habitat_msgs/share/habitat_msgs/rust/src/msg/rmw.rs
[1.360s] -- Up-to-date symlink: /home/HabitatROS/install/habitat_msgs/share/habitat_msgs/msg/HabitatSensor.idl
[1.360s] -- Up-to-date symlink: /home/HabitatROS/install/habitat_msgs/share/habitat_msgs/msg/HabitatSensor.msg
[1.361s] -- Up-to-date symlink: /home/HabitatROS/install/habitat_msgs/share/ament_index/resource_index/package_run_dependencies/habitat_msgs
[1.362s] -- Up-to-date symlink: /home/HabitatROS/install/habitat_msgs/share/ament_index/resource_index/parent_prefix_path/habitat_msgs
[1.362s] -- Up-to-date symlink: /home/HabitatROS/install/habitat_msgs/share/habitat_msgs/environment/ament_prefix_path.sh
[1.363s] -- Up-to-date symlink: /home/HabitatROS/install/habitat_msgs/share/habitat_msgs/environment/ament_prefix_path.dsv
[1.364s] -- Up-to-date symlink: /home/HabitatROS/install/habitat_msgs/share/habitat_msgs/environment/path.sh
[1.364s] -- Up-to-date symlink: /home/HabitatROS/install/habitat_msgs/share/habitat_msgs/environment/path.dsv
[1.365s] -- Up-to-date symlink: /home/HabitatROS/install/habitat_msgs/share/habitat_msgs/local_setup.bash
[1.365s] -- Up-to-date symlink: /home/HabitatROS/install/habitat_msgs/share/habitat_msgs/local_setup.sh
[1.366s] -- Up-to-date symlink: /home/HabitatROS/install/habitat_msgs/share/habitat_msgs/local_setup.zsh
[1.366s] -- Up-to-date symlink: /home/HabitatROS/install/habitat_msgs/share/habitat_msgs/local_setup.dsv
[1.367s] -- Symlinking: /home/HabitatROS/install/habitat_msgs/share/habitat_msgs/package.dsv
[1.395s] -- Up-to-date symlink: /home/HabitatROS/install/habitat_msgs/share/ament_index/resource_index/packages/habitat_msgs
[1.395s] -- Up-to-date symlink: /home/HabitatROS/install/habitat_msgs/share/habitat_msgs/cmake/rosidl_cmake-extras.cmake
[1.396s] -- Up-to-date symlink: /home/HabitatROS/install/habitat_msgs/share/habitat_msgs/cmake/ament_cmake_export_dependencies-extras.cmake
[1.396s] -- Up-to-date symlink: /home/HabitatROS/install/habitat_msgs/share/habitat_msgs/cmake/ament_cmake_export_include_directories-extras.cmake
[1.397s] -- Up-to-date symlink: /home/HabitatROS/install/habitat_msgs/share/habitat_msgs/cmake/ament_cmake_export_libraries-extras.cmake
[1.398s] -- Up-to-date symlink: /home/HabitatROS/install/habitat_msgs/share/habitat_msgs/cmake/ament_cmake_export_targets-extras.cmake
[1.398s] -- Up-to-date symlink: /home/HabitatROS/install/habitat_msgs/share/habitat_msgs/cmake/rosidl_cmake_export_typesupport_targets-extras.cmake
[1.399s] -- Up-to-date symlink: /home/HabitatROS/install/habitat_msgs/share/habitat_msgs/cmake/rosidl_cmake_export_typesupport_libraries-extras.cmake
[1.399s] -- Up-to-date symlink: /home/HabitatROS/install/habitat_msgs/share/habitat_msgs/cmake/habitat_msgsConfig.cmake
[1.400s] -- Up-to-date symlink: /home/HabitatROS/install/habitat_msgs/share/habitat_msgs/cmake/habitat_msgsConfig-version.cmake
[1.400s] -- Up-to-date symlink: /home/HabitatROS/install/habitat_msgs/share/habitat_msgs/package.xml
[1.401s] -- Up-to-date: /home/HabitatROS/install/habitat_msgs/lib/libhabitat_msgs__rosidl_generator_c.so
[1.403s] -- Up-to-date: /home/HabitatROS/install/habitat_msgs/lib/libhabitat_msgs__rosidl_typesupport_fastrtps_c.so
[1.404s] -- Up-to-date: /home/HabitatROS/install/habitat_msgs/lib/libhabitat_msgs__rosidl_typesupport_introspection_c.so
[1.405s] -- Up-to-date: /home/HabitatROS/install/habitat_msgs/lib/libhabitat_msgs__rosidl_typesupport_c.so
[1.406s] -- Up-to-date: /home/HabitatROS/install/habitat_msgs/lib/libhabitat_msgs__rosidl_typesupport_fastrtps_cpp.so
[1.408s] -- Up-to-date: /home/HabitatROS/install/habitat_msgs/lib/libhabitat_msgs__rosidl_typesupport_introspection_cpp.so
[1.409s] -- Up-to-date: /home/HabitatROS/install/habitat_msgs/lib/libhabitat_msgs__rosidl_typesupport_cpp.so
[1.525s] Listing '/home/HabitatROS/install/habitat_msgs/local/lib/python3.10/dist-packages/habitat_msgs'...
[1.526s] Listing '/home/HabitatROS/install/habitat_msgs/local/lib/python3.10/dist-packages/habitat_msgs/msg'...
[1.548s] -- Up-to-date: /home/HabitatROS/install/habitat_msgs/lib/libhabitat_msgs__rosidl_generator_py.so
[1.549s] -- Up-to-date: /home/HabitatROS/install/habitat_msgs/share/habitat_msgs/cmake/export_habitat_msgs__rosidl_generator_cExport.cmake
[1.550s] -- Up-to-date: /home/HabitatROS/install/habitat_msgs/share/habitat_msgs/cmake/export_habitat_msgs__rosidl_generator_cExport-noconfig.cmake
[1.550s] -- Up-to-date: /home/HabitatROS/install/habitat_msgs/share/habitat_msgs/cmake/export_habitat_msgs__rosidl_typesupport_fastrtps_cExport.cmake
[1.551s] -- Up-to-date: /home/HabitatROS/install/habitat_msgs/share/habitat_msgs/cmake/export_habitat_msgs__rosidl_typesupport_fastrtps_cExport-noconfig.cmake
[1.552s] -- Up-to-date: /home/HabitatROS/install/habitat_msgs/share/habitat_msgs/cmake/habitat_msgs__rosidl_typesupport_introspection_cExport.cmake
[1.553s] -- Up-to-date: /home/HabitatROS/install/habitat_msgs/share/habitat_msgs/cmake/habitat_msgs__rosidl_typesupport_introspection_cExport-noconfig.cmake
[1.553s] -- Up-to-date: /home/HabitatROS/install/habitat_msgs/share/habitat_msgs/cmake/habitat_msgs__rosidl_typesupport_cExport.cmake
[1.554s] -- Up-to-date: /home/HabitatROS/install/habitat_msgs/share/habitat_msgs/cmake/habitat_msgs__rosidl_typesupport_cExport-noconfig.cmake
[1.554s] -- Up-to-date: /home/HabitatROS/install/habitat_msgs/share/habitat_msgs/cmake/export_habitat_msgs__rosidl_generator_cppExport.cmake
[1.554s] -- Up-to-date: /home/HabitatROS/install/habitat_msgs/share/habitat_msgs/cmake/export_habitat_msgs__rosidl_typesupport_fastrtps_cppExport.cmake
[1.555s] -- Up-to-date: /home/HabitatROS/install/habitat_msgs/share/habitat_msgs/cmake/export_habitat_msgs__rosidl_typesupport_fastrtps_cppExport-noconfig.cmake
[1.555s] -- Up-to-date: /home/HabitatROS/install/habitat_msgs/share/habitat_msgs/cmake/habitat_msgs__rosidl_typesupport_introspection_cppExport.cmake
[1.555s] -- Up-to-date: /home/HabitatROS/install/habitat_msgs/share/habitat_msgs/cmake/habitat_msgs__rosidl_typesupport_introspection_cppExport-noconfig.cmake
[1.556s] -- Up-to-date: /home/HabitatROS/install/habitat_msgs/share/habitat_msgs/cmake/habitat_msgs__rosidl_typesupport_cppExport.cmake
[1.556s] -- Up-to-date: /home/HabitatROS/install/habitat_msgs/share/habitat_msgs/cmake/habitat_msgs__rosidl_typesupport_cppExport-noconfig.cmake
[1.557s] -- Up-to-date: /home/HabitatROS/install/habitat_msgs/share/habitat_msgs/cmake/export_habitat_msgs__rosidl_generator_pyExport.cmake
[1.557s] -- Up-to-date: /home/HabitatROS/install/habitat_msgs/share/habitat_msgs/cmake/export_habitat_msgs__rosidl_generator_pyExport-noconfig.cmake
[1.560s] Invoked command in '/home/HabitatROS/build/habitat_msgs' returned '0': CMAKE_PREFIX_PATH=${CMAKE_PREFIX_PATH}:/home/HabitatROS/install/habitat_driver:/opt/ros/humble /usr/bin/cmake --install /home/HabitatROS/build/habitat_msgs
