[0.041s] Invoking command in '/home/HabitatROS/build/habitat_msgs': CMAKE_PREFIX_PATH=${CMAKE_PREFIX_PATH}:/home/HabitatROS/install/habitat_driver:/opt/ros/humble /usr/bin/cmake --build /home/HabitatROS/build/habitat_msgs -- -j4 -l4
[0.211s] [  3%] Built target habitat_msgs__cpp
[0.218s] [ 12%] Built target habitat_msgs__rosidl_generator_c
[0.218s] [ 15%] Built target habitat_msgs__rs
[0.248s] [ 15%] Built target ament_cmake_python_symlink_habitat_msgs
[0.302s] [ 25%] Built target habitat_msgs__rosidl_typesupport_introspection_cpp
[0.307s] [ 34%] Built target habitat_msgs__rosidl_typesupport_cpp
[0.322s] [ 43%] Built target habitat_msgs__rosidl_typesupport_fastrtps_cpp
[0.345s] [ 53%] Built target habitat_msgs__rosidl_typesupport_fastrtps_c
[0.388s] [ 62%] Built target habitat_msgs__rosidl_typesupport_introspection_c
[0.391s] [ 71%] Built target habitat_msgs__rosidl_typesupport_c
[0.462s] [ 71%] Built target habitat_msgs
[0.540s] [ 75%] Built target habitat_msgs__py
[0.622s] [ 81%] Built target habitat_msgs__rosidl_generator_py
[0.710s] [ 87%] Built target habitat_msgs__rosidl_typesupport_fastrtps_c__pyext
[0.714s] [ 93%] Built target habitat_msgs__rosidl_typesupport_introspection_c__pyext
[0.724s] [100%] Built target habitat_msgs__rosidl_typesupport_c__pyext
[1.092s] running egg_info
[1.095s] writing habitat_msgs.egg-info/PKG-INFO
[1.096s] writing dependency_links to habitat_msgs.egg-info/dependency_links.txt
[1.097s] writing top-level names to habitat_msgs.egg-info/top_level.txt
[1.105s] reading manifest file 'habitat_msgs.egg-info/SOURCES.txt'
[1.108s] writing manifest file 'habitat_msgs.egg-info/SOURCES.txt'
[1.224s] [100%] Built target ament_cmake_python_build_habitat_msgs_egg
[1.260s] Invoked command in '/home/HabitatROS/build/habitat_msgs' returned '0': CMAKE_PREFIX_PATH=${CMAKE_PREFIX_PATH}:/home/HabitatROS/install/habitat_driver:/opt/ros/humble /usr/bin/cmake --build /home/HabitatROS/build/habitat_msgs -- -j4 -l4
[1.290s] Invoking command in '/home/HabitatROS/build/habitat_msgs': CMAKE_PREFIX_PATH=${CMAKE_PREFIX_PATH}:/home/HabitatROS/install/habitat_driver:/opt/ros/humble /usr/bin/cmake --install /home/HabitatROS/build/habitat_msgs
[1.315s] -- Install configuration: ""
[1.317s] -- Execute custom install script
[1.318s] -- Up-to-date symlink: /home/HabitatROS/install/habitat_msgs/share/ament_index/resource_index/rosidl_interfaces/habitat_msgs
[1.320s] -- Up-to-date symlink: /home/HabitatROS/install/habitat_msgs/include/habitat_msgs/habitat_msgs/msg/detail/habitat_sensor__functions.h
[1.320s] -- Up-to-date symlink: /home/HabitatROS/install/habitat_msgs/include/habitat_msgs/habitat_msgs/msg/detail/habitat_sensor__struct.h
[1.320s] -- Up-to-date symlink: /home/HabitatROS/install/habitat_msgs/include/habitat_msgs/habitat_msgs/msg/detail/habitat_sensor__type_support.h
[1.321s] -- Up-to-date symlink: /home/HabitatROS/install/habitat_msgs/include/habitat_msgs/habitat_msgs/msg/habitat_sensor.h
[1.321s] -- Up-to-date symlink: /home/HabitatROS/install/habitat_msgs/include/habitat_msgs/habitat_msgs/msg/rosidl_generator_c__visibility_control.h
[1.322s] -- Up-to-date symlink: /home/HabitatROS/install/habitat_msgs/share/habitat_msgs/environment/library_path.sh
[1.323s] -- Up-to-date symlink: /home/HabitatROS/install/habitat_msgs/share/habitat_msgs/environment/library_path.dsv
[1.324s] -- Up-to-date symlink: /home/HabitatROS/install/habitat_msgs/include/habitat_msgs/habitat_msgs/msg/detail/habitat_sensor__rosidl_typesupport_fastrtps_c.h
[1.324s] -- Up-to-date symlink: /home/HabitatROS/install/habitat_msgs/include/habitat_msgs/habitat_msgs/msg/rosidl_typesupport_fastrtps_c__visibility_control.h
[1.326s] -- Up-to-date symlink: /home/HabitatROS/install/habitat_msgs/include/habitat_msgs/habitat_msgs/msg/detail/habitat_sensor__rosidl_typesupport_introspection_c.h
[1.326s] -- Up-to-date symlink: /home/HabitatROS/install/habitat_msgs/include/habitat_msgs/habitat_msgs/msg/rosidl_typesupport_introspection_c__visibility_control.h
[1.327s] -- Up-to-date symlink: /home/HabitatROS/install/habitat_msgs/include/habitat_msgs/habitat_msgs/msg/detail/habitat_sensor__builder.hpp
[1.328s] -- Up-to-date symlink: /home/HabitatROS/install/habitat_msgs/include/habitat_msgs/habitat_msgs/msg/detail/habitat_sensor__struct.hpp
[1.328s] -- Up-to-date symlink: /home/HabitatROS/install/habitat_msgs/include/habitat_msgs/habitat_msgs/msg/detail/habitat_sensor__traits.hpp
[1.329s] -- Up-to-date symlink: /home/HabitatROS/install/habitat_msgs/include/habitat_msgs/habitat_msgs/msg/detail/habitat_sensor__type_support.hpp
[1.329s] -- Up-to-date symlink: /home/HabitatROS/install/habitat_msgs/include/habitat_msgs/habitat_msgs/msg/habitat_sensor.hpp
[1.330s] -- Up-to-date symlink: /home/HabitatROS/install/habitat_msgs/include/habitat_msgs/habitat_msgs/msg/rosidl_generator_cpp__visibility_control.hpp
[1.331s] -- Up-to-date symlink: /home/HabitatROS/install/habitat_msgs/include/habitat_msgs/habitat_msgs/msg/detail/habitat_sensor__rosidl_typesupport_fastrtps_cpp.hpp
[1.332s] -- Up-to-date symlink: /home/HabitatROS/install/habitat_msgs/include/habitat_msgs/habitat_msgs/msg/rosidl_typesupport_fastrtps_cpp__visibility_control.h
[1.333s] -- Up-to-date symlink: /home/HabitatROS/install/habitat_msgs/include/habitat_msgs/habitat_msgs/msg/detail/habitat_sensor__rosidl_typesupport_introspection_cpp.hpp
[1.334s] -- Up-to-date symlink: /home/HabitatROS/install/habitat_msgs/share/habitat_msgs/environment/pythonpath.sh
[1.334s] -- Up-to-date symlink: /home/HabitatROS/install/habitat_msgs/share/habitat_msgs/environment/pythonpath.dsv
[1.335s] -- Up-to-date symlink: /home/HabitatROS/install/habitat_msgs/local/lib/python3.10/dist-packages/habitat_msgs-0.0.0-py3.10.egg-info/PKG-INFO
[1.336s] -- Up-to-date symlink: /home/HabitatROS/install/habitat_msgs/local/lib/python3.10/dist-packages/habitat_msgs-0.0.0-py3.10.egg-info/SOURCES.txt
[1.336s] -- Up-to-date symlink: /home/HabitatROS/install/habitat_msgs/local/lib/python3.10/dist-packages/habitat_msgs-0.0.0-py3.10.egg-info/dependency_links.txt
[1.337s] -- Up-to-date symlink: /home/HabitatROS/install/habitat_msgs/local/lib/python3.10/dist-packages/habitat_msgs-0.0.0-py3.10.egg-info/top_level.txt
[1.339s] -- Up-to-date symlink: /home/HabitatROS/install/habitat_msgs/local/lib/python3.10/dist-packages/habitat_msgs/__init__.py
[1.339s] -- Up-to-date symlink: /home/HabitatROS/install/habitat_msgs/local/lib/python3.10/dist-packages/habitat_msgs/_habitat_msgs_s.ep.rosidl_typesupport_c.c
[1.339s] -- Up-to-date symlink: /home/HabitatROS/install/habitat_msgs/local/lib/python3.10/dist-packages/habitat_msgs/_habitat_msgs_s.ep.rosidl_typesupport_fastrtps_c.c
[1.340s] -- Up-to-date symlink: /home/HabitatROS/install/habitat_msgs/local/lib/python3.10/dist-packages/habitat_msgs/_habitat_msgs_s.ep.rosidl_typesupport_introspection_c.c
[1.340s] -- Up-to-date symlink: /home/HabitatROS/install/habitat_msgs/local/lib/python3.10/dist-packages/habitat_msgs/habitat_msgs_s__rosidl_typesupport_c.cpython-310-aarch64-linux-gnu.so
[1.341s] -- Up-to-date symlink: /home/HabitatROS/install/habitat_msgs/local/lib/python3.10/dist-packages/habitat_msgs/habitat_msgs_s__rosidl_typesupport_fastrtps_c.cpython-310-aarch64-linux-gnu.so
[1.341s] -- Up-to-date symlink: /home/HabitatROS/install/habitat_msgs/local/lib/python3.10/dist-packages/habitat_msgs/habitat_msgs_s__rosidl_typesupport_introspection_c.cpython-310-aarch64-linux-gnu.so
[1.342s] -- Up-to-date symlink: /home/HabitatROS/install/habitat_msgs/local/lib/python3.10/dist-packages/habitat_msgs/libhabitat_msgs__rosidl_generator_py.so
[1.342s] -- Up-to-date symlink: /home/HabitatROS/install/habitat_msgs/local/lib/python3.10/dist-packages/habitat_msgs/msg/__init__.py
[1.343s] -- Up-to-date symlink: /home/HabitatROS/install/habitat_msgs/local/lib/python3.10/dist-packages/habitat_msgs/msg/_habitat_sensor.py
[1.343s] -- Up-to-date symlink: /home/HabitatROS/install/habitat_msgs/local/lib/python3.10/dist-packages/habitat_msgs/msg/_habitat_sensor_s.c
[1.344s] -- Up-to-date symlink: /home/HabitatROS/install/habitat_msgs/local/lib/python3.10/dist-packages/habitat_msgs/habitat_msgs_s__rosidl_typesupport_fastrtps_c.cpython-310-aarch64-linux-gnu.so
[1.345s] -- Up-to-date symlink: /home/HabitatROS/install/habitat_msgs/local/lib/python3.10/dist-packages/habitat_msgs/habitat_msgs_s__rosidl_typesupport_introspection_c.cpython-310-aarch64-linux-gnu.so
[1.346s] -- Up-to-date symlink: /home/HabitatROS/install/habitat_msgs/local/lib/python3.10/dist-packages/habitat_msgs/habitat_msgs_s__rosidl_typesupport_c.cpython-310-aarch64-linux-gnu.so
[1.347s] -- Up-to-date symlink: /home/HabitatROS/install/habitat_msgs/share/ament_index/resource_index/rust_packages/habitat_msgs
[1.348s] -- Up-to-date symlink: /home/HabitatROS/install/habitat_msgs/share/habitat_msgs/rust/Cargo.toml
[1.348s] -- Up-to-date symlink: /home/HabitatROS/install/habitat_msgs/share/habitat_msgs/rust/build.rs
[1.349s] -- Up-to-date symlink: /home/HabitatROS/install/habitat_msgs/share/habitat_msgs/rust/src/lib.rs
[1.349s] -- Up-to-date symlink: /home/HabitatROS/install/habitat_msgs/share/habitat_msgs/rust/src/msg.rs
[1.350s] -- Up-to-date symlink: /home/HabitatROS/install/habitat_msgs/share/habitat_msgs/rust/src/msg/rmw.rs
[1.351s] -- Up-to-date symlink: /home/HabitatROS/install/habitat_msgs/share/habitat_msgs/msg/HabitatSensor.idl
[1.351s] -- Up-to-date symlink: /home/HabitatROS/install/habitat_msgs/share/habitat_msgs/msg/HabitatSensor.msg
[1.352s] -- Up-to-date symlink: /home/HabitatROS/install/habitat_msgs/share/ament_index/resource_index/package_run_dependencies/habitat_msgs
[1.352s] -- Up-to-date symlink: /home/HabitatROS/install/habitat_msgs/share/ament_index/resource_index/parent_prefix_path/habitat_msgs
[1.353s] -- Up-to-date symlink: /home/HabitatROS/install/habitat_msgs/share/habitat_msgs/environment/ament_prefix_path.sh
[1.354s] -- Up-to-date symlink: /home/HabitatROS/install/habitat_msgs/share/habitat_msgs/environment/ament_prefix_path.dsv
[1.354s] -- Up-to-date symlink: /home/HabitatROS/install/habitat_msgs/share/habitat_msgs/environment/path.sh
[1.355s] -- Up-to-date symlink: /home/HabitatROS/install/habitat_msgs/share/habitat_msgs/environment/path.dsv
[1.355s] -- Up-to-date symlink: /home/HabitatROS/install/habitat_msgs/share/habitat_msgs/local_setup.bash
[1.356s] -- Up-to-date symlink: /home/HabitatROS/install/habitat_msgs/share/habitat_msgs/local_setup.sh
[1.356s] -- Up-to-date symlink: /home/HabitatROS/install/habitat_msgs/share/habitat_msgs/local_setup.zsh
[1.357s] -- Up-to-date symlink: /home/HabitatROS/install/habitat_msgs/share/habitat_msgs/local_setup.dsv
[1.357s] -- Symlinking: /home/HabitatROS/install/habitat_msgs/share/habitat_msgs/package.dsv
[1.386s] -- Up-to-date symlink: /home/HabitatROS/install/habitat_msgs/share/ament_index/resource_index/packages/habitat_msgs
[1.387s] -- Up-to-date symlink: /home/HabitatROS/install/habitat_msgs/share/habitat_msgs/cmake/rosidl_cmake-extras.cmake
[1.387s] -- Up-to-date symlink: /home/HabitatROS/install/habitat_msgs/share/habitat_msgs/cmake/ament_cmake_export_dependencies-extras.cmake
[1.388s] -- Up-to-date symlink: /home/HabitatROS/install/habitat_msgs/share/habitat_msgs/cmake/ament_cmake_export_include_directories-extras.cmake
[1.388s] -- Up-to-date symlink: /home/HabitatROS/install/habitat_msgs/share/habitat_msgs/cmake/ament_cmake_export_libraries-extras.cmake
[1.389s] -- Up-to-date symlink: /home/HabitatROS/install/habitat_msgs/share/habitat_msgs/cmake/ament_cmake_export_targets-extras.cmake
[1.390s] -- Up-to-date symlink: /home/HabitatROS/install/habitat_msgs/share/habitat_msgs/cmake/rosidl_cmake_export_typesupport_targets-extras.cmake
[1.390s] -- Up-to-date symlink: /home/HabitatROS/install/habitat_msgs/share/habitat_msgs/cmake/rosidl_cmake_export_typesupport_libraries-extras.cmake
[1.391s] -- Up-to-date symlink: /home/HabitatROS/install/habitat_msgs/share/habitat_msgs/cmake/habitat_msgsConfig.cmake
[1.391s] -- Up-to-date symlink: /home/HabitatROS/install/habitat_msgs/share/habitat_msgs/cmake/habitat_msgsConfig-version.cmake
[1.392s] -- Up-to-date symlink: /home/HabitatROS/install/habitat_msgs/share/habitat_msgs/package.xml
[1.393s] -- Up-to-date: /home/HabitatROS/install/habitat_msgs/lib/libhabitat_msgs__rosidl_generator_c.so
[1.394s] -- Up-to-date: /home/HabitatROS/install/habitat_msgs/lib/libhabitat_msgs__rosidl_typesupport_fastrtps_c.so
[1.395s] -- Up-to-date: /home/HabitatROS/install/habitat_msgs/lib/libhabitat_msgs__rosidl_typesupport_introspection_c.so
[1.396s] -- Up-to-date: /home/HabitatROS/install/habitat_msgs/lib/libhabitat_msgs__rosidl_typesupport_c.so
[1.397s] -- Up-to-date: /home/HabitatROS/install/habitat_msgs/lib/libhabitat_msgs__rosidl_typesupport_fastrtps_cpp.so
[1.399s] -- Up-to-date: /home/HabitatROS/install/habitat_msgs/lib/libhabitat_msgs__rosidl_typesupport_introspection_cpp.so
[1.400s] -- Up-to-date: /home/HabitatROS/install/habitat_msgs/lib/libhabitat_msgs__rosidl_typesupport_cpp.so
[1.517s] Listing '/home/HabitatROS/install/habitat_msgs/local/lib/python3.10/dist-packages/habitat_msgs'...
[1.518s] Listing '/home/HabitatROS/install/habitat_msgs/local/lib/python3.10/dist-packages/habitat_msgs/msg'...
[1.539s] -- Up-to-date: /home/HabitatROS/install/habitat_msgs/lib/libhabitat_msgs__rosidl_generator_py.so
[1.540s] -- Up-to-date: /home/HabitatROS/install/habitat_msgs/share/habitat_msgs/cmake/export_habitat_msgs__rosidl_generator_cExport.cmake
[1.540s] -- Up-to-date: /home/HabitatROS/install/habitat_msgs/share/habitat_msgs/cmake/export_habitat_msgs__rosidl_generator_cExport-noconfig.cmake
[1.541s] -- Up-to-date: /home/HabitatROS/install/habitat_msgs/share/habitat_msgs/cmake/export_habitat_msgs__rosidl_typesupport_fastrtps_cExport.cmake
[1.542s] -- Up-to-date: /home/HabitatROS/install/habitat_msgs/share/habitat_msgs/cmake/export_habitat_msgs__rosidl_typesupport_fastrtps_cExport-noconfig.cmake
[1.542s] -- Up-to-date: /home/HabitatROS/install/habitat_msgs/share/habitat_msgs/cmake/habitat_msgs__rosidl_typesupport_introspection_cExport.cmake
[1.543s] -- Up-to-date: /home/HabitatROS/install/habitat_msgs/share/habitat_msgs/cmake/habitat_msgs__rosidl_typesupport_introspection_cExport-noconfig.cmake
[1.543s] -- Up-to-date: /home/HabitatROS/install/habitat_msgs/share/habitat_msgs/cmake/habitat_msgs__rosidl_typesupport_cExport.cmake
[1.544s] -- Up-to-date: /home/HabitatROS/install/habitat_msgs/share/habitat_msgs/cmake/habitat_msgs__rosidl_typesupport_cExport-noconfig.cmake
[1.544s] -- Up-to-date: /home/HabitatROS/install/habitat_msgs/share/habitat_msgs/cmake/export_habitat_msgs__rosidl_generator_cppExport.cmake
[1.544s] -- Up-to-date: /home/HabitatROS/install/habitat_msgs/share/habitat_msgs/cmake/export_habitat_msgs__rosidl_typesupport_fastrtps_cppExport.cmake
[1.545s] -- Up-to-date: /home/HabitatROS/install/habitat_msgs/share/habitat_msgs/cmake/export_habitat_msgs__rosidl_typesupport_fastrtps_cppExport-noconfig.cmake
[1.545s] -- Up-to-date: /home/HabitatROS/install/habitat_msgs/share/habitat_msgs/cmake/habitat_msgs__rosidl_typesupport_introspection_cppExport.cmake
[1.545s] -- Up-to-date: /home/HabitatROS/install/habitat_msgs/share/habitat_msgs/cmake/habitat_msgs__rosidl_typesupport_introspection_cppExport-noconfig.cmake
[1.546s] -- Up-to-date: /home/HabitatROS/install/habitat_msgs/share/habitat_msgs/cmake/habitat_msgs__rosidl_typesupport_cppExport.cmake
[1.546s] -- Up-to-date: /home/HabitatROS/install/habitat_msgs/share/habitat_msgs/cmake/habitat_msgs__rosidl_typesupport_cppExport-noconfig.cmake
[1.547s] -- Up-to-date: /home/HabitatROS/install/habitat_msgs/share/habitat_msgs/cmake/export_habitat_msgs__rosidl_generator_pyExport.cmake
[1.547s] -- Up-to-date: /home/HabitatROS/install/habitat_msgs/share/habitat_msgs/cmake/export_habitat_msgs__rosidl_generator_pyExport-noconfig.cmake
[1.551s] Invoked command in '/home/HabitatROS/build/habitat_msgs' returned '0': CMAKE_PREFIX_PATH=${CMAKE_PREFIX_PATH}:/home/HabitatROS/install/habitat_driver:/opt/ros/humble /usr/bin/cmake --install /home/HabitatROS/build/habitat_msgs
