[0.665s] DEBUG:colcon:Command line arguments: ['/usr/bin/colcon', 'build']
[0.665s] DEBUG:colcon:Parsed command line arguments: Namespace(log_base=None, log_level=None, verb_name='build', build_base='build', install_base='install', merge_install=False, symlink_install=False, test_result_base=None, continue_on_error=False, executor='parallel', parallel_workers=4, event_handlers=None, ignore_user_meta=False, metas=['./colcon.meta'], base_paths=['.'], packages_ignore=None, packages_ignore_regex=None, paths=None, packages_up_to=None, packages_up_to_regex=None, packages_above=None, packages_above_and_dependencies=None, packages_above_depth=None, packages_select_by_dep=None, packages_skip_by_dep=None, packages_skip_up_to=None, packages_select_build_failed=False, packages_skip_build_finished=False, packages_select_test_failures=False, packages_skip_test_passed=False, packages_select=None, packages_skip=None, packages_select_regex=None, packages_skip_regex=None, packages_start=None, packages_end=None, cmake_args=None, cmake_target=None, cmake_target_skip_unavailable=False, cmake_clean_cache=False, cmake_clean_first=False, cmake_force_configure=False, ament_cmake_args=None, catkin_cmake_args=None, catkin_skip_building_tests=False, mixin_files=None, mixin=None, verb_parser=<colcon_mixin.mixin.mixin_argument.MixinArgumentDecorator object at 0x7fb3486710>, verb_extension=<colcon_core.verb.build.BuildVerb object at 0x7fb35ab8e0>, main=<bound method BuildVerb.main of <colcon_core.verb.build.BuildVerb object at 0x7fb35ab8e0>>, mixin_verb=('build',))
[1.296s] Level 1:colcon.colcon_core.package_discovery:discover_packages(colcon_meta) check parameters
[1.301s] INFO:colcon.colcon_metadata.package_discovery.colcon_meta:Using configuration from '/root/.colcon/metadata/default/Gazebo.meta'
[1.304s] INFO:colcon.colcon_metadata.package_discovery.colcon_meta:Using configuration from '/root/.colcon/metadata/default/fastdds.meta'
[1.306s] INFO:colcon.colcon_metadata.package_discovery.colcon_meta:Using configuration from '/root/.colcon/metadata/default/fastrtps.meta'
[1.307s] Level 1:colcon.colcon_core.package_discovery:discover_packages(recursive) check parameters
[1.307s] Level 1:colcon.colcon_core.package_discovery:discover_packages(ignore) check parameters
[1.307s] Level 1:colcon.colcon_core.package_discovery:discover_packages(path) check parameters
[1.307s] Level 1:colcon.colcon_core.package_discovery:discover_packages(colcon_meta) discover
[1.307s] Level 1:colcon.colcon_core.package_discovery:discover_packages(recursive) discover
[1.307s] INFO:colcon.colcon_core.package_discovery:Crawling recursively for packages in '/home/HabitatROS'
[1.308s] Level 1:colcon.colcon_core.package_identification:_identify(.) by extensions ['ignore', 'ignore_ament_install']
[1.308s] Level 1:colcon.colcon_core.package_identification:_identify(.) by extension 'ignore'
[1.308s] Level 1:colcon.colcon_core.package_identification:_identify(.) by extension 'ignore_ament_install'
[1.309s] Level 1:colcon.colcon_core.package_identification:_identify(.) by extensions ['colcon_pkg']
[1.309s] Level 1:colcon.colcon_core.package_identification:_identify(.) by extension 'colcon_pkg'
[1.309s] Level 1:colcon.colcon_core.package_identification:_identify(.) by extensions ['colcon_meta']
[1.309s] Level 1:colcon.colcon_core.package_identification:_identify(.) by extension 'colcon_meta'
[1.309s] Level 1:colcon.colcon_core.package_identification:_identify(.) by extensions ['ros']
[1.309s] Level 1:colcon.colcon_core.package_identification:_identify(.) by extension 'ros'
[1.372s] Level 1:colcon.colcon_core.package_identification:_identify(.) by extensions ['cmake', 'python']
[1.372s] Level 1:colcon.colcon_core.package_identification:_identify(.) by extension 'cmake'
[1.372s] Level 1:colcon.colcon_core.package_identification:_identify(.) by extension 'python'
[1.372s] Level 1:colcon.colcon_core.package_identification:_identify(.) by extensions ['python_setup_py']
[1.372s] Level 1:colcon.colcon_core.package_identification:_identify(.) by extension 'python_setup_py'
[1.373s] Level 1:colcon.colcon_core.package_identification:_identify(build) by extensions ['ignore', 'ignore_ament_install']
[1.373s] Level 1:colcon.colcon_core.package_identification:_identify(build) by extension 'ignore'
[1.373s] Level 1:colcon.colcon_core.package_identification:_identify(build) ignored
[1.374s] Level 1:colcon.colcon_core.package_identification:_identify(install) by extensions ['ignore', 'ignore_ament_install']
[1.374s] Level 1:colcon.colcon_core.package_identification:_identify(install) by extension 'ignore'
[1.374s] Level 1:colcon.colcon_core.package_identification:_identify(install) ignored
[1.375s] Level 1:colcon.colcon_core.package_identification:_identify(log) by extensions ['ignore', 'ignore_ament_install']
[1.375s] Level 1:colcon.colcon_core.package_identification:_identify(log) by extension 'ignore'
[1.375s] Level 1:colcon.colcon_core.package_identification:_identify(log) ignored
[1.375s] Level 1:colcon.colcon_core.package_identification:_identify(src) by extensions ['ignore', 'ignore_ament_install']
[1.376s] Level 1:colcon.colcon_core.package_identification:_identify(src) by extension 'ignore'
[1.376s] Level 1:colcon.colcon_core.package_identification:_identify(src) by extension 'ignore_ament_install'
[1.376s] Level 1:colcon.colcon_core.package_identification:_identify(src) by extensions ['colcon_pkg']
[1.376s] Level 1:colcon.colcon_core.package_identification:_identify(src) by extension 'colcon_pkg'
[1.376s] Level 1:colcon.colcon_core.package_identification:_identify(src) by extensions ['colcon_meta']
[1.377s] Level 1:colcon.colcon_core.package_identification:_identify(src) by extension 'colcon_meta'
[1.377s] Level 1:colcon.colcon_core.package_identification:_identify(src) by extensions ['ros']
[1.377s] Level 1:colcon.colcon_core.package_identification:_identify(src) by extension 'ros'
[1.377s] Level 1:colcon.colcon_core.package_identification:_identify(src) by extensions ['cmake', 'python']
[1.377s] Level 1:colcon.colcon_core.package_identification:_identify(src) by extension 'cmake'
[1.377s] Level 1:colcon.colcon_core.package_identification:_identify(src) by extension 'python'
[1.378s] Level 1:colcon.colcon_core.package_identification:_identify(src) by extensions ['python_setup_py']
[1.378s] Level 1:colcon.colcon_core.package_identification:_identify(src) by extension 'python_setup_py'
[1.378s] Level 1:colcon.colcon_core.package_identification:_identify(src/habitat_driver) by extensions ['ignore', 'ignore_ament_install']
[1.378s] Level 1:colcon.colcon_core.package_identification:_identify(src/habitat_driver) by extension 'ignore'
[1.379s] Level 1:colcon.colcon_core.package_identification:_identify(src/habitat_driver) by extension 'ignore_ament_install'
[1.379s] Level 1:colcon.colcon_core.package_identification:_identify(src/habitat_driver) by extensions ['colcon_pkg']
[1.379s] Level 1:colcon.colcon_core.package_identification:_identify(src/habitat_driver) by extension 'colcon_pkg'
[1.379s] Level 1:colcon.colcon_core.package_identification:_identify(src/habitat_driver) by extensions ['colcon_meta']
[1.379s] Level 1:colcon.colcon_core.package_identification:_identify(src/habitat_driver) by extension 'colcon_meta'
[1.379s] Level 1:colcon.colcon_core.package_identification:_identify(src/habitat_driver) by extensions ['ros']
[1.380s] Level 1:colcon.colcon_core.package_identification:_identify(src/habitat_driver) by extension 'ros'
[1.392s] DEBUG:colcon.colcon_core.package_identification:Package 'src/habitat_driver' with type 'ros.ament_python' and name 'habitat_driver'
[1.394s] Level 1:colcon.colcon_core.package_identification:_identify(src/habitat_msgs) by extensions ['ignore', 'ignore_ament_install']
[1.394s] Level 1:colcon.colcon_core.package_identification:_identify(src/habitat_msgs) by extension 'ignore'
[1.394s] Level 1:colcon.colcon_core.package_identification:_identify(src/habitat_msgs) by extension 'ignore_ament_install'
[1.394s] Level 1:colcon.colcon_core.package_identification:_identify(src/habitat_msgs) by extensions ['colcon_pkg']
[1.395s] Level 1:colcon.colcon_core.package_identification:_identify(src/habitat_msgs) by extension 'colcon_pkg'
[1.395s] Level 1:colcon.colcon_core.package_identification:_identify(src/habitat_msgs) by extensions ['colcon_meta']
[1.395s] Level 1:colcon.colcon_core.package_identification:_identify(src/habitat_msgs) by extension 'colcon_meta'
[1.395s] Level 1:colcon.colcon_core.package_identification:_identify(src/habitat_msgs) by extensions ['ros']
[1.395s] Level 1:colcon.colcon_core.package_identification:_identify(src/habitat_msgs) by extension 'ros'
[1.398s] DEBUG:colcon.colcon_core.package_identification:Package 'src/habitat_msgs' with type 'ros.ament_cmake' and name 'habitat_msgs'
[1.398s] Level 1:colcon.colcon_core.package_discovery:discover_packages(recursive) using defaults
[1.399s] Level 1:colcon.colcon_core.package_discovery:discover_packages(ignore) discover
[1.399s] Level 1:colcon.colcon_core.package_discovery:discover_packages(ignore) using defaults
[1.399s] Level 1:colcon.colcon_core.package_discovery:discover_packages(path) discover
[1.399s] Level 1:colcon.colcon_core.package_discovery:discover_packages(path) using defaults
[1.497s] Level 5:colcon.colcon_core.verb:set package 'habitat_msgs' build argument 'cmake_args' from command line to 'None'
[1.497s] Level 5:colcon.colcon_core.verb:set package 'habitat_msgs' build argument 'cmake_target' from command line to 'None'
[1.497s] Level 5:colcon.colcon_core.verb:set package 'habitat_msgs' build argument 'cmake_target_skip_unavailable' from command line to 'False'
[1.497s] Level 5:colcon.colcon_core.verb:set package 'habitat_msgs' build argument 'cmake_clean_cache' from command line to 'False'
[1.497s] Level 5:colcon.colcon_core.verb:set package 'habitat_msgs' build argument 'cmake_clean_first' from command line to 'False'
[1.497s] Level 5:colcon.colcon_core.verb:set package 'habitat_msgs' build argument 'cmake_force_configure' from command line to 'False'
[1.497s] Level 5:colcon.colcon_core.verb:set package 'habitat_msgs' build argument 'ament_cmake_args' from command line to 'None'
[1.497s] Level 5:colcon.colcon_core.verb:set package 'habitat_msgs' build argument 'catkin_cmake_args' from command line to 'None'
[1.498s] Level 5:colcon.colcon_core.verb:set package 'habitat_msgs' build argument 'catkin_skip_building_tests' from command line to 'False'
[1.498s] DEBUG:colcon.colcon_core.verb:Building package 'habitat_msgs' with the following arguments: {'ament_cmake_args': None, 'build_base': '/home/HabitatROS/build/habitat_msgs', 'catkin_cmake_args': None, 'catkin_skip_building_tests': False, 'cmake_args': None, 'cmake_clean_cache': False, 'cmake_clean_first': False, 'cmake_force_configure': False, 'cmake_target': None, 'cmake_target_skip_unavailable': False, 'install_base': '/home/HabitatROS/install/habitat_msgs', 'merge_install': False, 'path': '/home/HabitatROS/src/habitat_msgs', 'symlink_install': False, 'test_result_base': None}
[1.499s] Level 5:colcon.colcon_core.verb:set package 'habitat_driver' build argument 'cmake_args' from command line to 'None'
[1.499s] Level 5:colcon.colcon_core.verb:set package 'habitat_driver' build argument 'cmake_target' from command line to 'None'
[1.499s] Level 5:colcon.colcon_core.verb:set package 'habitat_driver' build argument 'cmake_target_skip_unavailable' from command line to 'False'
[1.499s] Level 5:colcon.colcon_core.verb:set package 'habitat_driver' build argument 'cmake_clean_cache' from command line to 'False'
[1.499s] Level 5:colcon.colcon_core.verb:set package 'habitat_driver' build argument 'cmake_clean_first' from command line to 'False'
[1.500s] Level 5:colcon.colcon_core.verb:set package 'habitat_driver' build argument 'cmake_force_configure' from command line to 'False'
[1.500s] Level 5:colcon.colcon_core.verb:set package 'habitat_driver' build argument 'ament_cmake_args' from command line to 'None'
[1.500s] Level 5:colcon.colcon_core.verb:set package 'habitat_driver' build argument 'catkin_cmake_args' from command line to 'None'
[1.500s] Level 5:colcon.colcon_core.verb:set package 'habitat_driver' build argument 'catkin_skip_building_tests' from command line to 'False'
[1.500s] DEBUG:colcon.colcon_core.verb:Building package 'habitat_driver' with the following arguments: {'ament_cmake_args': None, 'build_base': '/home/HabitatROS/build/habitat_driver', 'catkin_cmake_args': None, 'catkin_skip_building_tests': False, 'cmake_args': None, 'cmake_clean_cache': False, 'cmake_clean_first': False, 'cmake_force_configure': False, 'cmake_target': None, 'cmake_target_skip_unavailable': False, 'install_base': '/home/HabitatROS/install/habitat_driver', 'merge_install': False, 'path': '/home/HabitatROS/src/habitat_driver', 'symlink_install': False, 'test_result_base': None}
[1.501s] INFO:colcon.colcon_core.executor:Executing jobs using 'parallel' executor
[1.504s] DEBUG:colcon.colcon_parallel_executor.executor.parallel:run_until_complete
[1.505s] INFO:colcon.colcon_ros.task.ament_cmake.build:Building ROS package in '/home/HabitatROS/src/habitat_msgs' with build type 'ament_cmake'
[1.506s] INFO:colcon.colcon_cmake.task.cmake.build:Building CMake package in '/home/HabitatROS/src/habitat_msgs'
[1.525s] INFO:colcon.colcon_core.plugin_system:Skipping extension 'colcon_core.shell.bat': Not used on non-Windows systems
[1.526s] INFO:colcon.colcon_core.shell:Skip shell extension 'powershell' for command environment: Not usable outside of PowerShell
[1.526s] DEBUG:colcon.colcon_core.shell:Skip shell extension 'dsv' for command environment
[1.571s] DEBUG:colcon.colcon_core.event_handler.log_command:Invoking command in '/home/HabitatROS/build/habitat_msgs': CMAKE_PREFIX_PATH=${CMAKE_PREFIX_PATH}:/home/HabitatROS/install/habitat_driver:/opt/ros/humble /usr/bin/cmake /home/HabitatROS/src/habitat_msgs -DCMAKE_INSTALL_PREFIX=/home/HabitatROS/install/habitat_msgs
[6.472s] DEBUG:colcon.colcon_core.event_handler.log_command:Invoked command in '/home/HabitatROS/build/habitat_msgs' returned '0': CMAKE_PREFIX_PATH=${CMAKE_PREFIX_PATH}:/home/HabitatROS/install/habitat_driver:/opt/ros/humble /usr/bin/cmake /home/HabitatROS/src/habitat_msgs -DCMAKE_INSTALL_PREFIX=/home/HabitatROS/install/habitat_msgs
[6.477s] DEBUG:colcon.colcon_core.event_handler.log_command:Invoking command in '/home/HabitatROS/build/habitat_msgs': CMAKE_PREFIX_PATH=${CMAKE_PREFIX_PATH}:/home/HabitatROS/install/habitat_driver:/opt/ros/humble /usr/bin/cmake --build /home/HabitatROS/build/habitat_msgs -- -j4 -l4
[7.708s] DEBUG:colcon.colcon_core.event_handler.log_command:Invoked command in '/home/HabitatROS/build/habitat_msgs' returned '0': CMAKE_PREFIX_PATH=${CMAKE_PREFIX_PATH}:/home/HabitatROS/install/habitat_driver:/opt/ros/humble /usr/bin/cmake --build /home/HabitatROS/build/habitat_msgs -- -j4 -l4
[7.742s] DEBUG:colcon.colcon_core.event_handler.log_command:Invoking command in '/home/HabitatROS/build/habitat_msgs': CMAKE_PREFIX_PATH=${CMAKE_PREFIX_PATH}:/home/HabitatROS/install/habitat_driver:/opt/ros/humble /usr/bin/cmake --install /home/HabitatROS/build/habitat_msgs
[8.060s] Level 1:colcon.colcon_core.environment:create_environment_scripts_only(habitat_msgs)
[8.062s] DEBUG:colcon.colcon_core.event_handler.log_command:Invoked command in '/home/HabitatROS/build/habitat_msgs' returned '0': CMAKE_PREFIX_PATH=${CMAKE_PREFIX_PATH}:/home/HabitatROS/install/habitat_driver:/opt/ros/humble /usr/bin/cmake --install /home/HabitatROS/build/habitat_msgs
[8.082s] Level 1:colcon.colcon_core.environment:checking '/home/HabitatROS/install/habitat_msgs' for CMake module files
[8.085s] Level 1:colcon.colcon_core.environment:checking '/home/HabitatROS/install/habitat_msgs' for CMake config files
[8.089s] Level 1:colcon.colcon_core.shell:create_environment_hook('habitat_msgs', 'cmake_prefix_path')
[8.090s] INFO:colcon.colcon_core.shell:Creating environment hook '/home/HabitatROS/install/habitat_msgs/share/habitat_msgs/hook/cmake_prefix_path.ps1'
[8.094s] INFO:colcon.colcon_core.shell:Creating environment descriptor '/home/HabitatROS/install/habitat_msgs/share/habitat_msgs/hook/cmake_prefix_path.dsv'
[8.097s] INFO:colcon.colcon_core.shell:Creating environment hook '/home/HabitatROS/install/habitat_msgs/share/habitat_msgs/hook/cmake_prefix_path.sh'
[8.102s] Level 1:colcon.colcon_core.environment:checking '/home/HabitatROS/install/habitat_msgs/lib'
[8.103s] Level 1:colcon.colcon_core.shell:create_environment_hook('habitat_msgs', 'ld_library_path_lib')
[8.104s] INFO:colcon.colcon_core.shell:Creating environment hook '/home/HabitatROS/install/habitat_msgs/share/habitat_msgs/hook/ld_library_path_lib.ps1'
[8.106s] INFO:colcon.colcon_core.shell:Creating environment descriptor '/home/HabitatROS/install/habitat_msgs/share/habitat_msgs/hook/ld_library_path_lib.dsv'
[8.107s] INFO:colcon.colcon_core.shell:Creating environment hook '/home/HabitatROS/install/habitat_msgs/share/habitat_msgs/hook/ld_library_path_lib.sh'
[8.109s] Level 1:colcon.colcon_core.environment:checking '/home/HabitatROS/install/habitat_msgs/bin'
[8.109s] Level 1:colcon.colcon_core.environment:checking '/home/HabitatROS/install/habitat_msgs/lib/pkgconfig/habitat_msgs.pc'
[8.116s] Level 1:colcon.colcon_core.environment:checking '/home/HabitatROS/install/habitat_msgs/lib/python3.10/site-packages'
[8.117s] Level 1:colcon.colcon_core.environment:checking '/home/HabitatROS/install/habitat_msgs/bin'
[8.119s] INFO:colcon.colcon_core.shell:Creating package script '/home/HabitatROS/install/habitat_msgs/share/habitat_msgs/package.ps1'
[8.124s] INFO:colcon.colcon_core.shell:Creating package descriptor '/home/HabitatROS/install/habitat_msgs/share/habitat_msgs/package.dsv'
[8.128s] INFO:colcon.colcon_core.shell:Creating package script '/home/HabitatROS/install/habitat_msgs/share/habitat_msgs/package.sh'
[8.132s] INFO:colcon.colcon_core.shell:Creating package script '/home/HabitatROS/install/habitat_msgs/share/habitat_msgs/package.bash'
[8.139s] INFO:colcon.colcon_core.shell:Creating package script '/home/HabitatROS/install/habitat_msgs/share/habitat_msgs/package.zsh'
[8.143s] Level 1:colcon.colcon_core.environment:create_file_with_runtime_dependencies(/home/HabitatROS/install/habitat_msgs/share/colcon-core/packages/habitat_msgs)
[8.146s] Level 1:colcon.colcon_core.environment:create_environment_scripts_only(habitat_msgs)
[8.147s] Level 1:colcon.colcon_core.environment:checking '/home/HabitatROS/install/habitat_msgs' for CMake module files
[8.150s] Level 1:colcon.colcon_core.environment:checking '/home/HabitatROS/install/habitat_msgs' for CMake config files
[8.153s] Level 1:colcon.colcon_core.shell:create_environment_hook('habitat_msgs', 'cmake_prefix_path')
[8.154s] INFO:colcon.colcon_core.shell:Creating environment hook '/home/HabitatROS/install/habitat_msgs/share/habitat_msgs/hook/cmake_prefix_path.ps1'
[8.156s] INFO:colcon.colcon_core.shell:Creating environment descriptor '/home/HabitatROS/install/habitat_msgs/share/habitat_msgs/hook/cmake_prefix_path.dsv'
[8.158s] INFO:colcon.colcon_core.shell:Creating environment hook '/home/HabitatROS/install/habitat_msgs/share/habitat_msgs/hook/cmake_prefix_path.sh'
[8.160s] Level 1:colcon.colcon_core.environment:checking '/home/HabitatROS/install/habitat_msgs/lib'
[8.161s] Level 1:colcon.colcon_core.shell:create_environment_hook('habitat_msgs', 'ld_library_path_lib')
[8.162s] INFO:colcon.colcon_core.shell:Creating environment hook '/home/HabitatROS/install/habitat_msgs/share/habitat_msgs/hook/ld_library_path_lib.ps1'
[8.163s] INFO:colcon.colcon_core.shell:Creating environment descriptor '/home/HabitatROS/install/habitat_msgs/share/habitat_msgs/hook/ld_library_path_lib.dsv'
[8.165s] INFO:colcon.colcon_core.shell:Creating environment hook '/home/HabitatROS/install/habitat_msgs/share/habitat_msgs/hook/ld_library_path_lib.sh'
[8.167s] Level 1:colcon.colcon_core.environment:checking '/home/HabitatROS/install/habitat_msgs/bin'
[8.167s] Level 1:colcon.colcon_core.environment:checking '/home/HabitatROS/install/habitat_msgs/lib/pkgconfig/habitat_msgs.pc'
[8.168s] Level 1:colcon.colcon_core.environment:checking '/home/HabitatROS/install/habitat_msgs/lib/python3.10/site-packages'
[8.170s] Level 1:colcon.colcon_core.environment:checking '/home/HabitatROS/install/habitat_msgs/bin'
[8.171s] INFO:colcon.colcon_core.shell:Creating package script '/home/HabitatROS/install/habitat_msgs/share/habitat_msgs/package.ps1'
[8.174s] INFO:colcon.colcon_core.shell:Creating package descriptor '/home/HabitatROS/install/habitat_msgs/share/habitat_msgs/package.dsv'
[8.177s] INFO:colcon.colcon_core.shell:Creating package script '/home/HabitatROS/install/habitat_msgs/share/habitat_msgs/package.sh'
[8.179s] INFO:colcon.colcon_core.shell:Creating package script '/home/HabitatROS/install/habitat_msgs/share/habitat_msgs/package.bash'
[8.182s] INFO:colcon.colcon_core.shell:Creating package script '/home/HabitatROS/install/habitat_msgs/share/habitat_msgs/package.zsh'
[8.184s] Level 1:colcon.colcon_core.environment:create_file_with_runtime_dependencies(/home/HabitatROS/install/habitat_msgs/share/colcon-core/packages/habitat_msgs)
[8.185s] INFO:colcon.colcon_ros.task.ament_python.build:Building ROS package in '/home/HabitatROS/src/habitat_driver' with build type 'ament_python'
[8.186s] Level 1:colcon.colcon_core.shell:create_environment_hook('habitat_driver', 'ament_prefix_path')
[8.187s] INFO:colcon.colcon_core.shell:Creating environment hook '/home/HabitatROS/install/habitat_driver/share/habitat_driver/hook/ament_prefix_path.ps1'
[8.190s] INFO:colcon.colcon_core.shell:Creating environment descriptor '/home/HabitatROS/install/habitat_driver/share/habitat_driver/hook/ament_prefix_path.dsv'
[8.192s] INFO:colcon.colcon_core.shell:Creating environment hook '/home/HabitatROS/install/habitat_driver/share/habitat_driver/hook/ament_prefix_path.sh'
[8.195s] INFO:colcon.colcon_core.shell:Skip shell extension 'powershell' for command environment: Not usable outside of PowerShell
[8.195s] DEBUG:colcon.colcon_core.shell:Skip shell extension 'dsv' for command environment
[8.981s] INFO:colcon.colcon_core.task.python.build:Building Python package in '/home/HabitatROS/src/habitat_driver'
[8.982s] INFO:colcon.colcon_core.shell:Skip shell extension 'powershell' for command environment: Not usable outside of PowerShell
[8.982s] DEBUG:colcon.colcon_core.shell:Skip shell extension 'dsv' for command environment
[10.163s] DEBUG:colcon.colcon_core.task.python.build:Available setuptools commands: install_scripts, install, bdist_rpm, install_egg_info, install_lib, check, upload_docs, build_py, upload, develop, setopt, easy_install, install_headers, sdist, alias, build_ext, egg_info, symlink_data, test, saveopts, rotate, build_scripts, bdist_wheel, build, build_clib, clean, install_data, dist_info, bdist_egg, register, bdist_dumb, bdist
[10.169s] DEBUG:colcon.colcon_core.event_handler.log_command:Invoking command in '/home/HabitatROS/build/habitat_driver': PYTHONPATH=/home/HabitatROS/build/habitat_driver/prefix_override:/usr/lib/python3/dist-packages/colcon_core/task/python/colcon_distutils_commands:/home/HabitatROS/install/habitat_driver/lib/python3.10/site-packages:${PYTHONPATH} /usr/bin/python3 -W ignore:setup.py install is deprecated -W ignore:easy_install command is deprecated setup.py develop --uninstall --editable --build-directory /home/HabitatROS/build/habitat_driver/build
[11.367s] DEBUG:colcon.colcon_core.event_handler.log_command:Invoked command in '/home/HabitatROS/build/habitat_driver' returned '0': PYTHONPATH=/home/HabitatROS/build/habitat_driver/prefix_override:/usr/lib/python3/dist-packages/colcon_core/task/python/colcon_distutils_commands:/home/HabitatROS/install/habitat_driver/lib/python3.10/site-packages:${PYTHONPATH} /usr/bin/python3 -W ignore:setup.py install is deprecated -W ignore:easy_install command is deprecated setup.py develop --uninstall --editable --build-directory /home/HabitatROS/build/habitat_driver/build
[11.373s] DEBUG:colcon.colcon_core.event_handler.log_command:Invoking command in '/home/HabitatROS/src/habitat_driver': PYTHONPATH=/home/HabitatROS/build/habitat_driver/prefix_override:/usr/lib/python3/dist-packages/colcon_core/task/python/colcon_distutils_commands:/home/HabitatROS/install/habitat_driver/lib/python3.10/site-packages:${PYTHONPATH} /usr/bin/python3 -W ignore:setup.py install is deprecated -W ignore:easy_install command is deprecated setup.py egg_info --egg-base ../../build/habitat_driver build --build-base /home/HabitatROS/build/habitat_driver/build install --record /home/HabitatROS/build/habitat_driver/install.log --install-scripts $base/lib/habitat_driver --single-version-externally-managed install_data --force
[12.294s] Level 1:colcon.colcon_core.environment:checking '/home/HabitatROS/install/habitat_driver' for CMake module files
[12.296s] DEBUG:colcon.colcon_core.event_handler.log_command:Invoked command in '/home/HabitatROS/src/habitat_driver' returned '0': PYTHONPATH=/home/HabitatROS/build/habitat_driver/prefix_override:/usr/lib/python3/dist-packages/colcon_core/task/python/colcon_distutils_commands:/home/HabitatROS/install/habitat_driver/lib/python3.10/site-packages:${PYTHONPATH} /usr/bin/python3 -W ignore:setup.py install is deprecated -W ignore:easy_install command is deprecated setup.py egg_info --egg-base ../../build/habitat_driver build --build-base /home/HabitatROS/build/habitat_driver/build install --record /home/HabitatROS/build/habitat_driver/install.log --install-scripts $base/lib/habitat_driver --single-version-externally-managed install_data --force
[12.297s] Level 1:colcon.colcon_core.environment:checking '/home/HabitatROS/install/habitat_driver' for CMake config files
[12.299s] Level 1:colcon.colcon_core.environment:checking '/home/HabitatROS/install/habitat_driver/lib'
[12.300s] Level 1:colcon.colcon_core.environment:checking '/home/HabitatROS/install/habitat_driver/bin'
[12.300s] Level 1:colcon.colcon_core.environment:checking '/home/HabitatROS/install/habitat_driver/lib/pkgconfig/habitat_driver.pc'
[12.301s] Level 1:colcon.colcon_core.environment:checking '/home/HabitatROS/install/habitat_driver/lib/python3.10/site-packages'
[12.301s] Level 1:colcon.colcon_core.shell:create_environment_hook('habitat_driver', 'pythonpath')
[12.302s] INFO:colcon.colcon_core.shell:Creating environment hook '/home/HabitatROS/install/habitat_driver/share/habitat_driver/hook/pythonpath.ps1'
[12.304s] INFO:colcon.colcon_core.shell:Creating environment descriptor '/home/HabitatROS/install/habitat_driver/share/habitat_driver/hook/pythonpath.dsv'
[12.305s] INFO:colcon.colcon_core.shell:Creating environment hook '/home/HabitatROS/install/habitat_driver/share/habitat_driver/hook/pythonpath.sh'
[12.308s] Level 1:colcon.colcon_core.environment:checking '/home/HabitatROS/install/habitat_driver/bin'
[12.309s] Level 1:colcon.colcon_core.environment:create_environment_scripts_only(habitat_driver)
[12.310s] INFO:colcon.colcon_core.shell:Creating package script '/home/HabitatROS/install/habitat_driver/share/habitat_driver/package.ps1'
[12.313s] INFO:colcon.colcon_core.shell:Creating package descriptor '/home/HabitatROS/install/habitat_driver/share/habitat_driver/package.dsv'
[12.315s] INFO:colcon.colcon_core.shell:Creating package script '/home/HabitatROS/install/habitat_driver/share/habitat_driver/package.sh'
[12.317s] INFO:colcon.colcon_core.shell:Creating package script '/home/HabitatROS/install/habitat_driver/share/habitat_driver/package.bash'
[12.318s] INFO:colcon.colcon_core.shell:Creating package script '/home/HabitatROS/install/habitat_driver/share/habitat_driver/package.zsh'
[12.320s] Level 1:colcon.colcon_core.environment:create_file_with_runtime_dependencies(/home/HabitatROS/install/habitat_driver/share/colcon-core/packages/habitat_driver)
[12.321s] DEBUG:colcon.colcon_parallel_executor.executor.parallel:closing loop
[12.322s] DEBUG:colcon.colcon_parallel_executor.executor.parallel:loop closed
[12.322s] DEBUG:colcon.colcon_parallel_executor.executor.parallel:run_until_complete finished with '0'
[12.323s] DEBUG:colcon.colcon_core.event_reactor:joining thread
[12.394s] INFO:colcon.colcon_core.plugin_system:Skipping extension 'colcon_notification.desktop_notification.notify_send': Could not find 'notify-send'
[12.394s] INFO:colcon.colcon_core.plugin_system:Skipping extension 'colcon_notification.desktop_notification.terminal_notifier': Not used on non-Darwin systems
[12.395s] INFO:colcon.colcon_core.plugin_system:Skipping extension 'colcon_notification.desktop_notification.win32': Not used on non-Windows systems
[12.395s] INFO:colcon.colcon_notification.desktop_notification:Sending desktop notification using 'notify2'
[12.395s] DEBUG:colcon.colcon_notification.desktop_notification.notify2:Failed to initialize notify2: org.freedesktop.DBus.Error.NotSupported: Unable to autolaunch a dbus-daemon without a $DISPLAY for X11
[12.395s] DEBUG:colcon.colcon_core.event_reactor:joined thread
[12.396s] INFO:colcon.colcon_core.shell:Creating prefix script '/home/HabitatROS/install/local_setup.ps1'
[12.401s] INFO:colcon.colcon_core.shell:Creating prefix util module '/home/HabitatROS/install/_local_setup_util_ps1.py'
[12.408s] INFO:colcon.colcon_core.shell:Creating prefix chain script '/home/HabitatROS/install/setup.ps1'
[12.414s] INFO:colcon.colcon_core.shell:Creating prefix script '/home/HabitatROS/install/local_setup.sh'
[12.417s] INFO:colcon.colcon_core.shell:Creating prefix util module '/home/HabitatROS/install/_local_setup_util_sh.py'
[12.420s] INFO:colcon.colcon_core.shell:Creating prefix chain script '/home/HabitatROS/install/setup.sh'
[12.425s] INFO:colcon.colcon_core.shell:Creating prefix script '/home/HabitatROS/install/local_setup.bash'
[12.429s] INFO:colcon.colcon_core.shell:Creating prefix chain script '/home/HabitatROS/install/setup.bash'
[12.433s] INFO:colcon.colcon_core.shell:Creating prefix script '/home/HabitatROS/install/local_setup.zsh'
[12.437s] INFO:colcon.colcon_core.shell:Creating prefix chain script '/home/HabitatROS/install/setup.zsh'
