[0.413s] DEBUG:colcon:Command line arguments: ['/usr/bin/colcon', 'build']
[0.414s] DEBUG:colcon:Parsed command line arguments: Namespace(log_base=None, log_level=None, verb_name='build', build_base='build', install_base='install', merge_install=False, symlink_install=False, test_result_base=None, continue_on_error=False, executor='parallel', parallel_workers=4, event_handlers=None, ignore_user_meta=False, metas=['./colcon.meta'], base_paths=['.'], packages_ignore=None, packages_ignore_regex=None, paths=None, packages_up_to=None, packages_up_to_regex=None, packages_above=None, packages_above_and_dependencies=None, packages_above_depth=None, packages_select_by_dep=None, packages_skip_by_dep=None, packages_skip_up_to=None, packages_select_build_failed=False, packages_skip_build_finished=False, packages_select_test_failures=False, packages_skip_test_passed=False, packages_select=None, packages_skip=None, packages_select_regex=None, packages_skip_regex=None, packages_start=None, packages_end=None, cmake_args=None, cmake_target=None, cmake_target_skip_unavailable=False, cmake_clean_cache=False, cmake_clean_first=False, cmake_force_configure=False, ament_cmake_args=None, catkin_cmake_args=None, catkin_skip_building_tests=False, mixin_files=None, mixin=None, verb_parser=<colcon_mixin.mixin.mixin_argument.MixinArgumentDecorator object at 0x7faf53e050>, verb_extension=<colcon_core.verb.build.BuildVerb object at 0x7faf65b220>, main=<bound method BuildVerb.main of <colcon_core.verb.build.BuildVerb object at 0x7faf65b220>>, mixin_verb=('build',))
[0.823s] Level 1:colcon.colcon_core.package_discovery:discover_packages(colcon_meta) check parameters
[0.825s] INFO:colcon.colcon_metadata.package_discovery.colcon_meta:Using configuration from '/root/.colcon/metadata/default/Gazebo.meta'
[0.827s] INFO:colcon.colcon_metadata.package_discovery.colcon_meta:Using configuration from '/root/.colcon/metadata/default/fastdds.meta'
[0.829s] INFO:colcon.colcon_metadata.package_discovery.colcon_meta:Using configuration from '/root/.colcon/metadata/default/fastrtps.meta'
[0.829s] Level 1:colcon.colcon_core.package_discovery:discover_packages(recursive) check parameters
[0.829s] Level 1:colcon.colcon_core.package_discovery:discover_packages(ignore) check parameters
[0.829s] Level 1:colcon.colcon_core.package_discovery:discover_packages(path) check parameters
[0.829s] Level 1:colcon.colcon_core.package_discovery:discover_packages(colcon_meta) discover
[0.830s] Level 1:colcon.colcon_core.package_discovery:discover_packages(recursive) discover
[0.830s] INFO:colcon.colcon_core.package_discovery:Crawling recursively for packages in '/home/HabitatROS'
[0.830s] Level 1:colcon.colcon_core.package_identification:_identify(.) by extensions ['ignore', 'ignore_ament_install']
[0.830s] Level 1:colcon.colcon_core.package_identification:_identify(.) by extension 'ignore'
[0.831s] Level 1:colcon.colcon_core.package_identification:_identify(.) by extension 'ignore_ament_install'
[0.831s] Level 1:colcon.colcon_core.package_identification:_identify(.) by extensions ['colcon_pkg']
[0.831s] Level 1:colcon.colcon_core.package_identification:_identify(.) by extension 'colcon_pkg'
[0.831s] Level 1:colcon.colcon_core.package_identification:_identify(.) by extensions ['colcon_meta']
[0.831s] Level 1:colcon.colcon_core.package_identification:_identify(.) by extension 'colcon_meta'
[0.831s] Level 1:colcon.colcon_core.package_identification:_identify(.) by extensions ['ros']
[0.832s] Level 1:colcon.colcon_core.package_identification:_identify(.) by extension 'ros'
[0.875s] Level 1:colcon.colcon_core.package_identification:_identify(.) by extensions ['cmake', 'python']
[0.875s] Level 1:colcon.colcon_core.package_identification:_identify(.) by extension 'cmake'
[0.875s] Level 1:colcon.colcon_core.package_identification:_identify(.) by extension 'python'
[0.876s] Level 1:colcon.colcon_core.package_identification:_identify(.) by extensions ['python_setup_py']
[0.876s] Level 1:colcon.colcon_core.package_identification:_identify(.) by extension 'python_setup_py'
[0.876s] Level 1:colcon.colcon_core.package_identification:_identify(build) by extensions ['ignore', 'ignore_ament_install']
[0.877s] Level 1:colcon.colcon_core.package_identification:_identify(build) by extension 'ignore'
[0.877s] Level 1:colcon.colcon_core.package_identification:_identify(build) ignored
[0.877s] Level 1:colcon.colcon_core.package_identification:_identify(install) by extensions ['ignore', 'ignore_ament_install']
[0.877s] Level 1:colcon.colcon_core.package_identification:_identify(install) by extension 'ignore'
[0.878s] Level 1:colcon.colcon_core.package_identification:_identify(install) ignored
[0.878s] Level 1:colcon.colcon_core.package_identification:_identify(log) by extensions ['ignore', 'ignore_ament_install']
[0.878s] Level 1:colcon.colcon_core.package_identification:_identify(log) by extension 'ignore'
[0.878s] Level 1:colcon.colcon_core.package_identification:_identify(log) ignored
[0.879s] Level 1:colcon.colcon_core.package_identification:_identify(src) by extensions ['ignore', 'ignore_ament_install']
[0.879s] Level 1:colcon.colcon_core.package_identification:_identify(src) by extension 'ignore'
[0.879s] Level 1:colcon.colcon_core.package_identification:_identify(src) by extension 'ignore_ament_install'
[0.879s] Level 1:colcon.colcon_core.package_identification:_identify(src) by extensions ['colcon_pkg']
[0.879s] Level 1:colcon.colcon_core.package_identification:_identify(src) by extension 'colcon_pkg'
[0.880s] Level 1:colcon.colcon_core.package_identification:_identify(src) by extensions ['colcon_meta']
[0.880s] Level 1:colcon.colcon_core.package_identification:_identify(src) by extension 'colcon_meta'
[0.880s] Level 1:colcon.colcon_core.package_identification:_identify(src) by extensions ['ros']
[0.880s] Level 1:colcon.colcon_core.package_identification:_identify(src) by extension 'ros'
[0.880s] Level 1:colcon.colcon_core.package_identification:_identify(src) by extensions ['cmake', 'python']
[0.880s] Level 1:colcon.colcon_core.package_identification:_identify(src) by extension 'cmake'
[0.881s] Level 1:colcon.colcon_core.package_identification:_identify(src) by extension 'python'
[0.881s] Level 1:colcon.colcon_core.package_identification:_identify(src) by extensions ['python_setup_py']
[0.881s] Level 1:colcon.colcon_core.package_identification:_identify(src) by extension 'python_setup_py'
[0.881s] Level 1:colcon.colcon_core.package_identification:_identify(src/habitat_msgs) by extensions ['ignore', 'ignore_ament_install']
[0.881s] Level 1:colcon.colcon_core.package_identification:_identify(src/habitat_msgs) by extension 'ignore'
[0.882s] Level 1:colcon.colcon_core.package_identification:_identify(src/habitat_msgs) by extension 'ignore_ament_install'
[0.882s] Level 1:colcon.colcon_core.package_identification:_identify(src/habitat_msgs) by extensions ['colcon_pkg']
[0.882s] Level 1:colcon.colcon_core.package_identification:_identify(src/habitat_msgs) by extension 'colcon_pkg'
[0.882s] Level 1:colcon.colcon_core.package_identification:_identify(src/habitat_msgs) by extensions ['colcon_meta']
[0.882s] Level 1:colcon.colcon_core.package_identification:_identify(src/habitat_msgs) by extension 'colcon_meta'
[0.882s] Level 1:colcon.colcon_core.package_identification:_identify(src/habitat_msgs) by extensions ['ros']
[0.882s] Level 1:colcon.colcon_core.package_identification:_identify(src/habitat_msgs) by extension 'ros'
[0.890s] DEBUG:colcon.colcon_core.package_identification:Package 'src/habitat_msgs' with type 'ros.ament_cmake' and name 'habitat_msgs'
[0.890s] Level 1:colcon.colcon_core.package_discovery:discover_packages(recursive) using defaults
[0.891s] Level 1:colcon.colcon_core.package_discovery:discover_packages(ignore) discover
[0.891s] Level 1:colcon.colcon_core.package_discovery:discover_packages(ignore) using defaults
[0.891s] Level 1:colcon.colcon_core.package_discovery:discover_packages(path) discover
[0.891s] Level 1:colcon.colcon_core.package_discovery:discover_packages(path) using defaults
[0.962s] Level 5:colcon.colcon_core.verb:set package 'habitat_msgs' build argument 'cmake_args' from command line to 'None'
[0.963s] Level 5:colcon.colcon_core.verb:set package 'habitat_msgs' build argument 'cmake_target' from command line to 'None'
[0.963s] Level 5:colcon.colcon_core.verb:set package 'habitat_msgs' build argument 'cmake_target_skip_unavailable' from command line to 'False'
[0.963s] Level 5:colcon.colcon_core.verb:set package 'habitat_msgs' build argument 'cmake_clean_cache' from command line to 'False'
[0.963s] Level 5:colcon.colcon_core.verb:set package 'habitat_msgs' build argument 'cmake_clean_first' from command line to 'False'
[0.963s] Level 5:colcon.colcon_core.verb:set package 'habitat_msgs' build argument 'cmake_force_configure' from command line to 'False'
[0.963s] Level 5:colcon.colcon_core.verb:set package 'habitat_msgs' build argument 'ament_cmake_args' from command line to 'None'
[0.963s] Level 5:colcon.colcon_core.verb:set package 'habitat_msgs' build argument 'catkin_cmake_args' from command line to 'None'
[0.963s] Level 5:colcon.colcon_core.verb:set package 'habitat_msgs' build argument 'catkin_skip_building_tests' from command line to 'False'
[0.964s] DEBUG:colcon.colcon_core.verb:Building package 'habitat_msgs' with the following arguments: {'ament_cmake_args': None, 'build_base': '/home/HabitatROS/build/habitat_msgs', 'catkin_cmake_args': None, 'catkin_skip_building_tests': False, 'cmake_args': None, 'cmake_clean_cache': False, 'cmake_clean_first': False, 'cmake_force_configure': False, 'cmake_target': None, 'cmake_target_skip_unavailable': False, 'install_base': '/home/HabitatROS/install/habitat_msgs', 'merge_install': False, 'path': '/home/HabitatROS/src/habitat_msgs', 'symlink_install': False, 'test_result_base': None}
[0.964s] INFO:colcon.colcon_core.executor:Executing jobs using 'parallel' executor
[0.968s] DEBUG:colcon.colcon_parallel_executor.executor.parallel:run_until_complete
[0.969s] INFO:colcon.colcon_ros.task.ament_cmake.build:Building ROS package in '/home/HabitatROS/src/habitat_msgs' with build type 'ament_cmake'
[0.970s] INFO:colcon.colcon_cmake.task.cmake.build:Building CMake package in '/home/HabitatROS/src/habitat_msgs'
[0.977s] INFO:colcon.colcon_core.plugin_system:Skipping extension 'colcon_core.shell.bat': Not used on non-Windows systems
[0.978s] INFO:colcon.colcon_core.shell:Skip shell extension 'powershell' for command environment: Not usable outside of PowerShell
[0.978s] DEBUG:colcon.colcon_core.shell:Skip shell extension 'dsv' for command environment
[1.010s] DEBUG:colcon.colcon_core.event_handler.log_command:Invoking command in '/home/HabitatROS/build/habitat_msgs': CMAKE_PREFIX_PATH=/opt/ros/humble:${CMAKE_PREFIX_PATH} /usr/bin/cmake --build /home/HabitatROS/build/habitat_msgs -- -j4 -l4
[3.616s] DEBUG:colcon.colcon_core.event_handler.log_command:Invoked command in '/home/HabitatROS/build/habitat_msgs' returned '0': CMAKE_PREFIX_PATH=/opt/ros/humble:${CMAKE_PREFIX_PATH} /usr/bin/cmake --build /home/HabitatROS/build/habitat_msgs -- -j4 -l4
[3.694s] DEBUG:colcon.colcon_core.event_handler.log_command:Invoking command in '/home/HabitatROS/build/habitat_msgs': CMAKE_PREFIX_PATH=/opt/ros/humble:${CMAKE_PREFIX_PATH} /usr/bin/cmake --install /home/HabitatROS/build/habitat_msgs
[4.200s] Level 1:colcon.colcon_core.environment:create_environment_scripts_only(habitat_msgs)
[4.229s] DEBUG:colcon.colcon_core.event_handler.log_command:Invoked command in '/home/HabitatROS/build/habitat_msgs' returned '0': CMAKE_PREFIX_PATH=/opt/ros/humble:${CMAKE_PREFIX_PATH} /usr/bin/cmake --install /home/HabitatROS/build/habitat_msgs
[4.242s] Level 1:colcon.colcon_core.environment:checking '/home/HabitatROS/install/habitat_msgs' for CMake module files
[4.250s] Level 1:colcon.colcon_core.environment:checking '/home/HabitatROS/install/habitat_msgs' for CMake config files
[4.256s] Level 1:colcon.colcon_core.shell:create_environment_hook('habitat_msgs', 'cmake_prefix_path')
[4.259s] INFO:colcon.colcon_core.shell:Creating environment hook '/home/HabitatROS/install/habitat_msgs/share/habitat_msgs/hook/cmake_prefix_path.ps1'
[4.264s] INFO:colcon.colcon_core.shell:Creating environment descriptor '/home/HabitatROS/install/habitat_msgs/share/habitat_msgs/hook/cmake_prefix_path.dsv'
[4.269s] INFO:colcon.colcon_core.shell:Creating environment hook '/home/HabitatROS/install/habitat_msgs/share/habitat_msgs/hook/cmake_prefix_path.sh'
[4.278s] Level 1:colcon.colcon_core.environment:checking '/home/HabitatROS/install/habitat_msgs/lib'
[4.279s] Level 1:colcon.colcon_core.shell:create_environment_hook('habitat_msgs', 'ld_library_path_lib')
[4.281s] INFO:colcon.colcon_core.shell:Creating environment hook '/home/HabitatROS/install/habitat_msgs/share/habitat_msgs/hook/ld_library_path_lib.ps1'
[4.285s] INFO:colcon.colcon_core.shell:Creating environment descriptor '/home/HabitatROS/install/habitat_msgs/share/habitat_msgs/hook/ld_library_path_lib.dsv'
[4.289s] INFO:colcon.colcon_core.shell:Creating environment hook '/home/HabitatROS/install/habitat_msgs/share/habitat_msgs/hook/ld_library_path_lib.sh'
[4.293s] Level 1:colcon.colcon_core.environment:checking '/home/HabitatROS/install/habitat_msgs/bin'
[4.294s] Level 1:colcon.colcon_core.environment:checking '/home/HabitatROS/install/habitat_msgs/lib/pkgconfig/habitat_msgs.pc'
[4.311s] Level 1:colcon.colcon_core.environment:checking '/home/HabitatROS/install/habitat_msgs/lib/python3.10/site-packages'
[4.315s] Level 1:colcon.colcon_core.environment:checking '/home/HabitatROS/install/habitat_msgs/bin'
[4.318s] INFO:colcon.colcon_core.shell:Creating package script '/home/HabitatROS/install/habitat_msgs/share/habitat_msgs/package.ps1'
[4.330s] INFO:colcon.colcon_core.shell:Creating package descriptor '/home/HabitatROS/install/habitat_msgs/share/habitat_msgs/package.dsv'
[4.336s] INFO:colcon.colcon_core.shell:Creating package script '/home/HabitatROS/install/habitat_msgs/share/habitat_msgs/package.sh'
[4.345s] INFO:colcon.colcon_core.shell:Creating package script '/home/HabitatROS/install/habitat_msgs/share/habitat_msgs/package.bash'
[4.354s] INFO:colcon.colcon_core.shell:Creating package script '/home/HabitatROS/install/habitat_msgs/share/habitat_msgs/package.zsh'
[4.362s] Level 1:colcon.colcon_core.environment:create_file_with_runtime_dependencies(/home/HabitatROS/install/habitat_msgs/share/colcon-core/packages/habitat_msgs)
[4.368s] Level 1:colcon.colcon_core.environment:create_environment_scripts_only(habitat_msgs)
[4.370s] Level 1:colcon.colcon_core.environment:checking '/home/HabitatROS/install/habitat_msgs' for CMake module files
[4.377s] Level 1:colcon.colcon_core.environment:checking '/home/HabitatROS/install/habitat_msgs' for CMake config files
[4.384s] Level 1:colcon.colcon_core.shell:create_environment_hook('habitat_msgs', 'cmake_prefix_path')
[4.386s] INFO:colcon.colcon_core.shell:Creating environment hook '/home/HabitatROS/install/habitat_msgs/share/habitat_msgs/hook/cmake_prefix_path.ps1'
[4.390s] INFO:colcon.colcon_core.shell:Creating environment descriptor '/home/HabitatROS/install/habitat_msgs/share/habitat_msgs/hook/cmake_prefix_path.dsv'
[4.394s] INFO:colcon.colcon_core.shell:Creating environment hook '/home/HabitatROS/install/habitat_msgs/share/habitat_msgs/hook/cmake_prefix_path.sh'
[4.399s] Level 1:colcon.colcon_core.environment:checking '/home/HabitatROS/install/habitat_msgs/lib'
[4.400s] Level 1:colcon.colcon_core.shell:create_environment_hook('habitat_msgs', 'ld_library_path_lib')
[4.402s] INFO:colcon.colcon_core.shell:Creating environment hook '/home/HabitatROS/install/habitat_msgs/share/habitat_msgs/hook/ld_library_path_lib.ps1'
[4.406s] INFO:colcon.colcon_core.shell:Creating environment descriptor '/home/HabitatROS/install/habitat_msgs/share/habitat_msgs/hook/ld_library_path_lib.dsv'
[4.412s] INFO:colcon.colcon_core.shell:Creating environment hook '/home/HabitatROS/install/habitat_msgs/share/habitat_msgs/hook/ld_library_path_lib.sh'
[4.416s] Level 1:colcon.colcon_core.environment:checking '/home/HabitatROS/install/habitat_msgs/bin'
[4.417s] Level 1:colcon.colcon_core.environment:checking '/home/HabitatROS/install/habitat_msgs/lib/pkgconfig/habitat_msgs.pc'
[4.419s] Level 1:colcon.colcon_core.environment:checking '/home/HabitatROS/install/habitat_msgs/lib/python3.10/site-packages'
[4.423s] Level 1:colcon.colcon_core.environment:checking '/home/HabitatROS/install/habitat_msgs/bin'
[4.426s] INFO:colcon.colcon_core.shell:Creating package script '/home/HabitatROS/install/habitat_msgs/share/habitat_msgs/package.ps1'
[4.433s] INFO:colcon.colcon_core.shell:Creating package descriptor '/home/HabitatROS/install/habitat_msgs/share/habitat_msgs/package.dsv'
[4.439s] INFO:colcon.colcon_core.shell:Creating package script '/home/HabitatROS/install/habitat_msgs/share/habitat_msgs/package.sh'
[4.444s] INFO:colcon.colcon_core.shell:Creating package script '/home/HabitatROS/install/habitat_msgs/share/habitat_msgs/package.bash'
[4.449s] INFO:colcon.colcon_core.shell:Creating package script '/home/HabitatROS/install/habitat_msgs/share/habitat_msgs/package.zsh'
[4.453s] Level 1:colcon.colcon_core.environment:create_file_with_runtime_dependencies(/home/HabitatROS/install/habitat_msgs/share/colcon-core/packages/habitat_msgs)
[4.456s] DEBUG:colcon.colcon_parallel_executor.executor.parallel:closing loop
[4.458s] DEBUG:colcon.colcon_parallel_executor.executor.parallel:loop closed
[4.459s] DEBUG:colcon.colcon_parallel_executor.executor.parallel:run_until_complete finished with '0'
[4.459s] DEBUG:colcon.colcon_core.event_reactor:joining thread
[4.488s] INFO:colcon.colcon_core.plugin_system:Skipping extension 'colcon_notification.desktop_notification.notify_send': Could not find 'notify-send'
[4.488s] INFO:colcon.colcon_core.plugin_system:Skipping extension 'colcon_notification.desktop_notification.terminal_notifier': Not used on non-Darwin systems
[4.488s] INFO:colcon.colcon_core.plugin_system:Skipping extension 'colcon_notification.desktop_notification.win32': Not used on non-Windows systems
[4.488s] INFO:colcon.colcon_notification.desktop_notification:Sending desktop notification using 'notify2'
[4.489s] DEBUG:colcon.colcon_notification.desktop_notification.notify2:Failed to initialize notify2: org.freedesktop.DBus.Error.NotSupported: Unable to autolaunch a dbus-daemon without a $DISPLAY for X11
[4.489s] DEBUG:colcon.colcon_core.event_reactor:joined thread
[4.490s] INFO:colcon.colcon_core.shell:Creating prefix script '/home/HabitatROS/install/local_setup.ps1'
[4.493s] INFO:colcon.colcon_core.shell:Creating prefix util module '/home/HabitatROS/install/_local_setup_util_ps1.py'
[4.499s] INFO:colcon.colcon_core.shell:Creating prefix chain script '/home/HabitatROS/install/setup.ps1'
[4.504s] INFO:colcon.colcon_core.shell:Creating prefix script '/home/HabitatROS/install/local_setup.sh'
[4.507s] INFO:colcon.colcon_core.shell:Creating prefix util module '/home/HabitatROS/install/_local_setup_util_sh.py'
[4.509s] INFO:colcon.colcon_core.shell:Creating prefix chain script '/home/HabitatROS/install/setup.sh'
[4.514s] INFO:colcon.colcon_core.shell:Creating prefix script '/home/HabitatROS/install/local_setup.bash'
[4.516s] INFO:colcon.colcon_core.shell:Creating prefix chain script '/home/HabitatROS/install/setup.bash'
[4.520s] INFO:colcon.colcon_core.shell:Creating prefix script '/home/HabitatROS/install/local_setup.zsh'
[4.522s] INFO:colcon.colcon_core.shell:Creating prefix chain script '/home/HabitatROS/install/setup.zsh'
