-- The C compiler identification is GNU 11.4.0
-- The CXX compiler identification is GNU 11.4.0
-- Detecting C compiler ABI info
-- Detecting C compiler ABI info - done
-- Check for working C compiler: /usr/bin/cc - skipped
-- Detecting C compile features
-- Detecting C compile features - done
-- Detecting CXX compiler ABI info
-- Detecting CXX compiler ABI info - done
-- Check for working CXX compiler: /usr/bin/c++ - skipped
-- Detecting CXX compile features
-- Detecting CXX compile features - done
-- Found ament_cmake: 1.3.14 (/opt/ros/humble/share/ament_cmake/cmake)
-- Found Python3: /usr/bin/python3 (found version "3.10.12") found components: Interpreter 
-- Found rosidl_default_generators: 1.2.1 (/opt/ros/humble/share/rosidl_default_generators/cmake)
-- Using all available rosidl_typesupport_c: rosidl_typesupport_fastrtps_c;rosidl_typesupport_introspection_c
-- Found rosidl_adapter: 3.1.8 (/opt/ros/humble/share/rosidl_adapter/cmake)
-- Using all available rosidl_typesupport_cpp: rosidl_typesupport_fastrtps_cpp;rosidl_typesupport_introspection_cpp
-- Found ament_cmake_ros: 0.10.0 (/opt/ros/humble/share/ament_cmake_ros/cmake)
-- Using all available rosidl_typesupport_c: rosidl_typesupport_fastrtps_c;rosidl_typesupport_introspection_c
-- Using all available rosidl_typesupport_cpp: rosidl_typesupport_fastrtps_cpp;rosidl_typesupport_introspection_cpp
-- Found PythonInterp: /usr/bin/python3 (found suitable version "3.10.12", minimum required is "3.6") 
-- Found python_cmake_module: 0.10.0 (/opt/ros/humble/share/python_cmake_module/cmake)
-- Found PythonLibs: /usr/lib/aarch64-linux-gnu/libpython3.10.so (found suitable version "3.10.12", minimum required is "3.5") 
-- Using PYTHON_EXECUTABLE: /usr/bin/python3
-- Using PYTHON_INCLUDE_DIRS: /usr/include/python3.10
-- Using PYTHON_LIBRARIES: /usr/lib/aarch64-linux-gnu/libpython3.10.so
-- Found PythonExtra: .so  
-- Configuring done
-- Generating done
[33mCMake Warning:
  Manually-specified variables were not used by the project:

    CATKIN_INSTALL_INTO_PREFIX_ROOT

[0m
-- Build files have been written to: /home/HabitatROS/build/habitat_msgs
[  3%] [34m[1mGenerating C code for ROS interfaces[0m
[  6%] [34m[1mGenerating Rust code for ROS interfaces[0m
[  9%] [34m[1mGenerating C++ code for ROS interfaces[0m
[  9%] Built target ament_cmake_python_copy_habitat_msgs
running egg_info
creating habitat_msgs.egg-info
writing habitat_msgs.egg-info/PKG-INFO
writing dependency_links to habitat_msgs.egg-info/dependency_links.txt
writing top-level names to habitat_msgs.egg-info/top_level.txt
writing manifest file 'habitat_msgs.egg-info/SOURCES.txt'
reading manifest file 'habitat_msgs.egg-info/SOURCES.txt'
writing manifest file 'habitat_msgs.egg-info/SOURCES.txt'
[  9%] Built target ament_cmake_python_build_habitat_msgs_egg
[  9%] Built target habitat_msgs__rs
[  9%] Built target habitat_msgs__cpp
[ 12%] [32mBuilding C object CMakeFiles/habitat_msgs__rosidl_generator_c.dir/rosidl_generator_c/habitat_msgs/msg/detail/habitat_sensor__functions.c.o[0m
[ 15%] [34m[1mGenerating C++ type support dispatch for ROS interfaces[0m
[ 18%] [34m[1mGenerating C++ type support for eProsima Fast-RTPS[0m
[ 21%] [34m[1mGenerating C++ introspection for ROS interfaces[0m
[ 25%] [32m[1mLinking C shared library libhabitat_msgs__rosidl_generator_c.so[0m
[ 25%] Built target habitat_msgs__rosidl_generator_c
[ 28%] [34m[1mGenerating C type support for eProsima Fast-RTPS[0m
[ 31%] [32mBuilding CXX object CMakeFiles/habitat_msgs__rosidl_typesupport_cpp.dir/rosidl_typesupport_cpp/habitat_msgs/msg/habitat_sensor__type_support.cpp.o[0m
[ 34%] [32mBuilding CXX object CMakeFiles/habitat_msgs__rosidl_typesupport_introspection_cpp.dir/rosidl_typesupport_introspection_cpp/habitat_msgs/msg/detail/habitat_sensor__type_support.cpp.o[0m
[ 37%] [32mBuilding CXX object CMakeFiles/habitat_msgs__rosidl_typesupport_fastrtps_cpp.dir/rosidl_typesupport_fastrtps_cpp/habitat_msgs/msg/detail/dds_fastrtps/habitat_sensor__type_support.cpp.o[0m
[ 40%] [32mBuilding CXX object CMakeFiles/habitat_msgs__rosidl_typesupport_fastrtps_c.dir/rosidl_typesupport_fastrtps_c/habitat_msgs/msg/detail/habitat_sensor__type_support_c.cpp.o[0m
[ 43%] [32m[1mLinking CXX shared library libhabitat_msgs__rosidl_typesupport_cpp.so[0m
[ 43%] Built target habitat_msgs__rosidl_typesupport_cpp
[ 46%] [34m[1mGenerating C type support dispatch for ROS interfaces[0m
[ 50%] [32m[1mLinking CXX shared library libhabitat_msgs__rosidl_typesupport_introspection_cpp.so[0m
[ 53%] [32m[1mLinking CXX shared library libhabitat_msgs__rosidl_typesupport_fastrtps_cpp.so[0m
[ 53%] Built target habitat_msgs__rosidl_typesupport_introspection_cpp
[ 56%] [34m[1mGenerating C introspection for ROS interfaces[0m
[ 59%] [32m[1mLinking CXX shared library libhabitat_msgs__rosidl_typesupport_fastrtps_c.so[0m
[ 59%] Built target habitat_msgs__rosidl_typesupport_fastrtps_cpp
[ 62%] [32mBuilding CXX object CMakeFiles/habitat_msgs__rosidl_typesupport_c.dir/rosidl_typesupport_c/habitat_msgs/msg/habitat_sensor__type_support.cpp.o[0m
[ 62%] Built target habitat_msgs__rosidl_typesupport_fastrtps_c
[ 65%] [32m[1mLinking CXX shared library libhabitat_msgs__rosidl_typesupport_c.so[0m
[ 65%] Built target habitat_msgs__rosidl_typesupport_c
[ 68%] [32mBuilding C object CMakeFiles/habitat_msgs__rosidl_typesupport_introspection_c.dir/rosidl_typesupport_introspection_c/habitat_msgs/msg/detail/habitat_sensor__type_support.c.o[0m
[ 71%] [32m[1mLinking C shared library libhabitat_msgs__rosidl_typesupport_introspection_c.so[0m
[ 71%] Built target habitat_msgs__rosidl_typesupport_introspection_c
[ 71%] Built target habitat_msgs
[ 75%] [34m[1mGenerating Python code for ROS interfaces[0m
[ 75%] Built target habitat_msgs__py
[ 78%] [32mBuilding C object CMakeFiles/habitat_msgs__rosidl_generator_py.dir/rosidl_generator_py/habitat_msgs/msg/_habitat_sensor_s.c.o[0m
[ 81%] [32m[1mLinking C shared library rosidl_generator_py/habitat_msgs/libhabitat_msgs__rosidl_generator_py.so[0m
[ 81%] Built target habitat_msgs__rosidl_generator_py
[ 87%] [32mBuilding C object CMakeFiles/habitat_msgs__rosidl_typesupport_introspection_c__pyext.dir/rosidl_generator_py/habitat_msgs/_habitat_msgs_s.ep.rosidl_typesupport_introspection_c.c.o[0m
[ 87%] [32mBuilding C object CMakeFiles/habitat_msgs__rosidl_typesupport_fastrtps_c__pyext.dir/rosidl_generator_py/habitat_msgs/_habitat_msgs_s.ep.rosidl_typesupport_fastrtps_c.c.o[0m
[ 90%] [32mBuilding C object CMakeFiles/habitat_msgs__rosidl_typesupport_c__pyext.dir/rosidl_generator_py/habitat_msgs/_habitat_msgs_s.ep.rosidl_typesupport_c.c.o[0m
[ 93%] [32m[1mLinking C shared library rosidl_generator_py/habitat_msgs/habitat_msgs_s__rosidl_typesupport_c.cpython-310-aarch64-linux-gnu.so[0m
[ 96%] [32m[1mLinking C shared library rosidl_generator_py/habitat_msgs/habitat_msgs_s__rosidl_typesupport_introspection_c.cpython-310-aarch64-linux-gnu.so[0m
[100%] [32m[1mLinking C shared library rosidl_generator_py/habitat_msgs/habitat_msgs_s__rosidl_typesupport_fastrtps_c.cpython-310-aarch64-linux-gnu.so[0m
[100%] Built target habitat_msgs__rosidl_typesupport_c__pyext
[100%] Built target habitat_msgs__rosidl_typesupport_introspection_c__pyext
[100%] Built target habitat_msgs__rosidl_typesupport_fastrtps_c__pyext
-- Install configuration: ""
-- Installing: /home/HabitatROS/install/habitat_msgs/share/ament_index/resource_index/rosidl_interfaces/habitat_msgs
-- Installing: /home/HabitatROS/install/habitat_msgs/include/habitat_msgs/habitat_msgs
-- Installing: /home/HabitatROS/install/habitat_msgs/include/habitat_msgs/habitat_msgs/msg
-- Installing: /home/HabitatROS/install/habitat_msgs/include/habitat_msgs/habitat_msgs/msg/detail
-- Installing: /home/HabitatROS/install/habitat_msgs/include/habitat_msgs/habitat_msgs/msg/detail/habitat_sensor__functions.h
-- Installing: /home/HabitatROS/install/habitat_msgs/include/habitat_msgs/habitat_msgs/msg/detail/habitat_sensor__functions.c
-- Installing: /home/HabitatROS/install/habitat_msgs/include/habitat_msgs/habitat_msgs/msg/detail/habitat_sensor__struct.h
-- Installing: /home/HabitatROS/install/habitat_msgs/include/habitat_msgs/habitat_msgs/msg/detail/habitat_sensor__type_support.h
-- Installing: /home/HabitatROS/install/habitat_msgs/include/habitat_msgs/habitat_msgs/msg/rosidl_generator_c__visibility_control.h
-- Installing: /home/HabitatROS/install/habitat_msgs/include/habitat_msgs/habitat_msgs/msg/habitat_sensor.h
-- Installing: /home/HabitatROS/install/habitat_msgs/share/habitat_msgs/environment/library_path.sh
-- Installing: /home/HabitatROS/install/habitat_msgs/share/habitat_msgs/environment/library_path.dsv
-- Installing: /home/HabitatROS/install/habitat_msgs/lib/libhabitat_msgs__rosidl_generator_c.so
-- Set runtime path of "/home/HabitatROS/install/habitat_msgs/lib/libhabitat_msgs__rosidl_generator_c.so" to ""
-- Up-to-date: /home/HabitatROS/install/habitat_msgs/include/habitat_msgs/habitat_msgs
-- Up-to-date: /home/HabitatROS/install/habitat_msgs/include/habitat_msgs/habitat_msgs/msg
-- Up-to-date: /home/HabitatROS/install/habitat_msgs/include/habitat_msgs/habitat_msgs/msg/detail
-- Installing: /home/HabitatROS/install/habitat_msgs/include/habitat_msgs/habitat_msgs/msg/detail/habitat_sensor__rosidl_typesupport_fastrtps_c.h
-- Installing: /home/HabitatROS/install/habitat_msgs/include/habitat_msgs/habitat_msgs/msg/rosidl_typesupport_fastrtps_c__visibility_control.h
-- Installing: /home/HabitatROS/install/habitat_msgs/lib/libhabitat_msgs__rosidl_typesupport_fastrtps_c.so
-- Set runtime path of "/home/HabitatROS/install/habitat_msgs/lib/libhabitat_msgs__rosidl_typesupport_fastrtps_c.so" to ""
-- Up-to-date: /home/HabitatROS/install/habitat_msgs/include/habitat_msgs/habitat_msgs
-- Up-to-date: /home/HabitatROS/install/habitat_msgs/include/habitat_msgs/habitat_msgs/msg
-- Installing: /home/HabitatROS/install/habitat_msgs/include/habitat_msgs/habitat_msgs/msg/rosidl_typesupport_introspection_c__visibility_control.h
-- Up-to-date: /home/HabitatROS/install/habitat_msgs/include/habitat_msgs/habitat_msgs/msg/detail
-- Installing: /home/HabitatROS/install/habitat_msgs/include/habitat_msgs/habitat_msgs/msg/detail/habitat_sensor__rosidl_typesupport_introspection_c.h
-- Installing: /home/HabitatROS/install/habitat_msgs/include/habitat_msgs/habitat_msgs/msg/detail/habitat_sensor__type_support.c
-- Installing: /home/HabitatROS/install/habitat_msgs/lib/libhabitat_msgs__rosidl_typesupport_introspection_c.so
-- Set runtime path of "/home/HabitatROS/install/habitat_msgs/lib/libhabitat_msgs__rosidl_typesupport_introspection_c.so" to ""
-- Installing: /home/HabitatROS/install/habitat_msgs/lib/libhabitat_msgs__rosidl_typesupport_c.so
-- Set runtime path of "/home/HabitatROS/install/habitat_msgs/lib/libhabitat_msgs__rosidl_typesupport_c.so" to ""
-- Up-to-date: /home/HabitatROS/install/habitat_msgs/include/habitat_msgs/habitat_msgs
-- Up-to-date: /home/HabitatROS/install/habitat_msgs/include/habitat_msgs/habitat_msgs/msg
-- Installing: /home/HabitatROS/install/habitat_msgs/include/habitat_msgs/habitat_msgs/msg/habitat_sensor.hpp
-- Up-to-date: /home/HabitatROS/install/habitat_msgs/include/habitat_msgs/habitat_msgs/msg/detail
-- Installing: /home/HabitatROS/install/habitat_msgs/include/habitat_msgs/habitat_msgs/msg/detail/habitat_sensor__builder.hpp
-- Installing: /home/HabitatROS/install/habitat_msgs/include/habitat_msgs/habitat_msgs/msg/detail/habitat_sensor__type_support.hpp
-- Installing: /home/HabitatROS/install/habitat_msgs/include/habitat_msgs/habitat_msgs/msg/detail/habitat_sensor__traits.hpp
-- Installing: /home/HabitatROS/install/habitat_msgs/include/habitat_msgs/habitat_msgs/msg/detail/habitat_sensor__struct.hpp
-- Installing: /home/HabitatROS/install/habitat_msgs/include/habitat_msgs/habitat_msgs/msg/rosidl_generator_cpp__visibility_control.hpp
-- Up-to-date: /home/HabitatROS/install/habitat_msgs/include/habitat_msgs/habitat_msgs
-- Up-to-date: /home/HabitatROS/install/habitat_msgs/include/habitat_msgs/habitat_msgs/msg
-- Installing: /home/HabitatROS/install/habitat_msgs/include/habitat_msgs/habitat_msgs/msg/rosidl_typesupport_fastrtps_cpp__visibility_control.h
-- Up-to-date: /home/HabitatROS/install/habitat_msgs/include/habitat_msgs/habitat_msgs/msg/detail
-- Installing: /home/HabitatROS/install/habitat_msgs/include/habitat_msgs/habitat_msgs/msg/detail/habitat_sensor__rosidl_typesupport_fastrtps_cpp.hpp
-- Installing: /home/HabitatROS/install/habitat_msgs/include/habitat_msgs/habitat_msgs/msg/detail/dds_fastrtps
-- Installing: /home/HabitatROS/install/habitat_msgs/lib/libhabitat_msgs__rosidl_typesupport_fastrtps_cpp.so
-- Set runtime path of "/home/HabitatROS/install/habitat_msgs/lib/libhabitat_msgs__rosidl_typesupport_fastrtps_cpp.so" to ""
-- Up-to-date: /home/HabitatROS/install/habitat_msgs/include/habitat_msgs/habitat_msgs
-- Up-to-date: /home/HabitatROS/install/habitat_msgs/include/habitat_msgs/habitat_msgs/msg
-- Up-to-date: /home/HabitatROS/install/habitat_msgs/include/habitat_msgs/habitat_msgs/msg/detail
-- Installing: /home/HabitatROS/install/habitat_msgs/include/habitat_msgs/habitat_msgs/msg/detail/habitat_sensor__type_support.cpp
-- Installing: /home/HabitatROS/install/habitat_msgs/include/habitat_msgs/habitat_msgs/msg/detail/habitat_sensor__rosidl_typesupport_introspection_cpp.hpp
-- Installing: /home/HabitatROS/install/habitat_msgs/lib/libhabitat_msgs__rosidl_typesupport_introspection_cpp.so
-- Set runtime path of "/home/HabitatROS/install/habitat_msgs/lib/libhabitat_msgs__rosidl_typesupport_introspection_cpp.so" to ""
-- Installing: /home/HabitatROS/install/habitat_msgs/lib/libhabitat_msgs__rosidl_typesupport_cpp.so
-- Set runtime path of "/home/HabitatROS/install/habitat_msgs/lib/libhabitat_msgs__rosidl_typesupport_cpp.so" to ""
-- Installing: /home/HabitatROS/install/habitat_msgs/share/habitat_msgs/environment/pythonpath.sh
-- Installing: /home/HabitatROS/install/habitat_msgs/share/habitat_msgs/environment/pythonpath.dsv
-- Installing: /home/HabitatROS/install/habitat_msgs/local/lib/python3.10/dist-packages/habitat_msgs-0.0.0-py3.10.egg-info
-- Installing: /home/HabitatROS/install/habitat_msgs/local/lib/python3.10/dist-packages/habitat_msgs-0.0.0-py3.10.egg-info/dependency_links.txt
-- Installing: /home/HabitatROS/install/habitat_msgs/local/lib/python3.10/dist-packages/habitat_msgs-0.0.0-py3.10.egg-info/PKG-INFO
-- Installing: /home/HabitatROS/install/habitat_msgs/local/lib/python3.10/dist-packages/habitat_msgs-0.0.0-py3.10.egg-info/top_level.txt
-- Installing: /home/HabitatROS/install/habitat_msgs/local/lib/python3.10/dist-packages/habitat_msgs-0.0.0-py3.10.egg-info/SOURCES.txt
-- Installing: /home/HabitatROS/install/habitat_msgs/local/lib/python3.10/dist-packages/habitat_msgs
-- Installing: /home/HabitatROS/install/habitat_msgs/local/lib/python3.10/dist-packages/habitat_msgs/_habitat_msgs_s.ep.rosidl_typesupport_fastrtps_c.c
-- Installing: /home/HabitatROS/install/habitat_msgs/local/lib/python3.10/dist-packages/habitat_msgs/msg
-- Installing: /home/HabitatROS/install/habitat_msgs/local/lib/python3.10/dist-packages/habitat_msgs/msg/_habitat_sensor.py
-- Installing: /home/HabitatROS/install/habitat_msgs/local/lib/python3.10/dist-packages/habitat_msgs/msg/__init__.py
-- Installing: /home/HabitatROS/install/habitat_msgs/local/lib/python3.10/dist-packages/habitat_msgs/msg/_habitat_sensor_s.c
-- Installing: /home/HabitatROS/install/habitat_msgs/local/lib/python3.10/dist-packages/habitat_msgs/habitat_msgs_s__rosidl_typesupport_introspection_c.cpython-310-aarch64-linux-gnu.so
-- Installing: /home/HabitatROS/install/habitat_msgs/local/lib/python3.10/dist-packages/habitat_msgs/_habitat_msgs_s.ep.rosidl_typesupport_introspection_c.c
-- Installing: /home/HabitatROS/install/habitat_msgs/local/lib/python3.10/dist-packages/habitat_msgs/_habitat_msgs_s.ep.rosidl_typesupport_c.c
-- Installing: /home/HabitatROS/install/habitat_msgs/local/lib/python3.10/dist-packages/habitat_msgs/habitat_msgs_s__rosidl_typesupport_c.cpython-310-aarch64-linux-gnu.so
-- Installing: /home/HabitatROS/install/habitat_msgs/local/lib/python3.10/dist-packages/habitat_msgs/libhabitat_msgs__rosidl_generator_py.so
-- Installing: /home/HabitatROS/install/habitat_msgs/local/lib/python3.10/dist-packages/habitat_msgs/habitat_msgs_s__rosidl_typesupport_fastrtps_c.cpython-310-aarch64-linux-gnu.so
-- Installing: /home/HabitatROS/install/habitat_msgs/local/lib/python3.10/dist-packages/habitat_msgs/__init__.py
Listing '/home/HabitatROS/install/habitat_msgs/local/lib/python3.10/dist-packages/habitat_msgs'...
Compiling '/home/HabitatROS/install/habitat_msgs/local/lib/python3.10/dist-packages/habitat_msgs/__init__.py'...
Listing '/home/HabitatROS/install/habitat_msgs/local/lib/python3.10/dist-packages/habitat_msgs/msg'...
Compiling '/home/HabitatROS/install/habitat_msgs/local/lib/python3.10/dist-packages/habitat_msgs/msg/__init__.py'...
Compiling '/home/HabitatROS/install/habitat_msgs/local/lib/python3.10/dist-packages/habitat_msgs/msg/_habitat_sensor.py'...
-- Installing: /home/HabitatROS/install/habitat_msgs/local/lib/python3.10/dist-packages/habitat_msgs/habitat_msgs_s__rosidl_typesupport_fastrtps_c.cpython-310-aarch64-linux-gnu.so
-- Set runtime path of "/home/HabitatROS/install/habitat_msgs/local/lib/python3.10/dist-packages/habitat_msgs/habitat_msgs_s__rosidl_typesupport_fastrtps_c.cpython-310-aarch64-linux-gnu.so" to ""
-- Installing: /home/HabitatROS/install/habitat_msgs/local/lib/python3.10/dist-packages/habitat_msgs/habitat_msgs_s__rosidl_typesupport_introspection_c.cpython-310-aarch64-linux-gnu.so
-- Set runtime path of "/home/HabitatROS/install/habitat_msgs/local/lib/python3.10/dist-packages/habitat_msgs/habitat_msgs_s__rosidl_typesupport_introspection_c.cpython-310-aarch64-linux-gnu.so" to ""
-- Installing: /home/HabitatROS/install/habitat_msgs/local/lib/python3.10/dist-packages/habitat_msgs/habitat_msgs_s__rosidl_typesupport_c.cpython-310-aarch64-linux-gnu.so
-- Set runtime path of "/home/HabitatROS/install/habitat_msgs/local/lib/python3.10/dist-packages/habitat_msgs/habitat_msgs_s__rosidl_typesupport_c.cpython-310-aarch64-linux-gnu.so" to ""
-- Installing: /home/HabitatROS/install/habitat_msgs/lib/libhabitat_msgs__rosidl_generator_py.so
-- Set runtime path of "/home/HabitatROS/install/habitat_msgs/lib/libhabitat_msgs__rosidl_generator_py.so" to ""
-- Installing: /home/HabitatROS/install/habitat_msgs/share/ament_index/resource_index/rust_packages/habitat_msgs
-- Installing: /home/HabitatROS/install/habitat_msgs/share/habitat_msgs/rust
-- Installing: /home/HabitatROS/install/habitat_msgs/share/habitat_msgs/rust/build.rs
-- Installing: /home/HabitatROS/install/habitat_msgs/share/habitat_msgs/rust/Cargo.toml
-- Installing: /home/HabitatROS/install/habitat_msgs/share/habitat_msgs/rust/src
-- Installing: /home/HabitatROS/install/habitat_msgs/share/habitat_msgs/rust/src/msg
-- Installing: /home/HabitatROS/install/habitat_msgs/share/habitat_msgs/rust/src/msg/rmw.rs
-- Installing: /home/HabitatROS/install/habitat_msgs/share/habitat_msgs/rust/src/msg.rs
-- Installing: /home/HabitatROS/install/habitat_msgs/share/habitat_msgs/rust/src/lib.rs
-- Installing: /home/HabitatROS/install/habitat_msgs/share/habitat_msgs/msg/HabitatSensor.idl
-- Installing: /home/HabitatROS/install/habitat_msgs/share/habitat_msgs/msg/HabitatSensor.msg
-- Installing: /home/HabitatROS/install/habitat_msgs/share/ament_index/resource_index/package_run_dependencies/habitat_msgs
-- Installing: /home/HabitatROS/install/habitat_msgs/share/ament_index/resource_index/parent_prefix_path/habitat_msgs
-- Installing: /home/HabitatROS/install/habitat_msgs/share/habitat_msgs/environment/ament_prefix_path.sh
-- Installing: /home/HabitatROS/install/habitat_msgs/share/habitat_msgs/environment/ament_prefix_path.dsv
-- Installing: /home/HabitatROS/install/habitat_msgs/share/habitat_msgs/environment/path.sh
-- Installing: /home/HabitatROS/install/habitat_msgs/share/habitat_msgs/environment/path.dsv
-- Installing: /home/HabitatROS/install/habitat_msgs/share/habitat_msgs/local_setup.bash
-- Installing: /home/HabitatROS/install/habitat_msgs/share/habitat_msgs/local_setup.sh
-- Installing: /home/HabitatROS/install/habitat_msgs/share/habitat_msgs/local_setup.zsh
-- Installing: /home/HabitatROS/install/habitat_msgs/share/habitat_msgs/local_setup.dsv
-- Installing: /home/HabitatROS/install/habitat_msgs/share/habitat_msgs/package.dsv
-- Installing: /home/HabitatROS/install/habitat_msgs/share/ament_index/resource_index/packages/habitat_msgs
-- Installing: /home/HabitatROS/install/habitat_msgs/share/habitat_msgs/cmake/export_habitat_msgs__rosidl_generator_cExport.cmake
-- Installing: /home/HabitatROS/install/habitat_msgs/share/habitat_msgs/cmake/export_habitat_msgs__rosidl_generator_cExport-noconfig.cmake
-- Installing: /home/HabitatROS/install/habitat_msgs/share/habitat_msgs/cmake/export_habitat_msgs__rosidl_typesupport_fastrtps_cExport.cmake
-- Installing: /home/HabitatROS/install/habitat_msgs/share/habitat_msgs/cmake/export_habitat_msgs__rosidl_typesupport_fastrtps_cExport-noconfig.cmake
-- Installing: /home/HabitatROS/install/habitat_msgs/share/habitat_msgs/cmake/habitat_msgs__rosidl_typesupport_introspection_cExport.cmake
-- Installing: /home/HabitatROS/install/habitat_msgs/share/habitat_msgs/cmake/habitat_msgs__rosidl_typesupport_introspection_cExport-noconfig.cmake
-- Installing: /home/HabitatROS/install/habitat_msgs/share/habitat_msgs/cmake/habitat_msgs__rosidl_typesupport_cExport.cmake
-- Installing: /home/HabitatROS/install/habitat_msgs/share/habitat_msgs/cmake/habitat_msgs__rosidl_typesupport_cExport-noconfig.cmake
-- Installing: /home/HabitatROS/install/habitat_msgs/share/habitat_msgs/cmake/export_habitat_msgs__rosidl_generator_cppExport.cmake
-- Installing: /home/HabitatROS/install/habitat_msgs/share/habitat_msgs/cmake/export_habitat_msgs__rosidl_typesupport_fastrtps_cppExport.cmake
-- Installing: /home/HabitatROS/install/habitat_msgs/share/habitat_msgs/cmake/export_habitat_msgs__rosidl_typesupport_fastrtps_cppExport-noconfig.cmake
-- Installing: /home/HabitatROS/install/habitat_msgs/share/habitat_msgs/cmake/habitat_msgs__rosidl_typesupport_introspection_cppExport.cmake
-- Installing: /home/HabitatROS/install/habitat_msgs/share/habitat_msgs/cmake/habitat_msgs__rosidl_typesupport_introspection_cppExport-noconfig.cmake
-- Installing: /home/HabitatROS/install/habitat_msgs/share/habitat_msgs/cmake/habitat_msgs__rosidl_typesupport_cppExport.cmake
-- Installing: /home/HabitatROS/install/habitat_msgs/share/habitat_msgs/cmake/habitat_msgs__rosidl_typesupport_cppExport-noconfig.cmake
-- Installing: /home/HabitatROS/install/habitat_msgs/share/habitat_msgs/cmake/export_habitat_msgs__rosidl_generator_pyExport.cmake
-- Installing: /home/HabitatROS/install/habitat_msgs/share/habitat_msgs/cmake/export_habitat_msgs__rosidl_generator_pyExport-noconfig.cmake
-- Installing: /home/HabitatROS/install/habitat_msgs/share/habitat_msgs/cmake/rosidl_cmake-extras.cmake
-- Installing: /home/HabitatROS/install/habitat_msgs/share/habitat_msgs/cmake/ament_cmake_export_include_directories-extras.cmake
-- Installing: /home/HabitatROS/install/habitat_msgs/share/habitat_msgs/cmake/ament_cmake_export_libraries-extras.cmake
-- Installing: /home/HabitatROS/install/habitat_msgs/share/habitat_msgs/cmake/ament_cmake_export_targets-extras.cmake
-- Installing: /home/HabitatROS/install/habitat_msgs/share/habitat_msgs/cmake/rosidl_cmake_export_typesupport_targets-extras.cmake
-- Installing: /home/HabitatROS/install/habitat_msgs/share/habitat_msgs/cmake/ament_cmake_export_dependencies-extras.cmake
-- Installing: /home/HabitatROS/install/habitat_msgs/share/habitat_msgs/cmake/rosidl_cmake_export_typesupport_libraries-extras.cmake
-- Installing: /home/HabitatROS/install/habitat_msgs/share/habitat_msgs/cmake/habitat_msgsConfig.cmake
-- Installing: /home/HabitatROS/install/habitat_msgs/share/habitat_msgs/cmake/habitat_msgsConfig-version.cmake
-- Installing: /home/HabitatROS/install/habitat_msgs/share/habitat_msgs/package.xml
