[0.032s] Invoking command in '/home/HabitatROS/build/habitat_msgs': /usr/bin/cmake /home/HabitatROS/src/habitat_msgs -DCATKIN_INSTALL_INTO_PREFIX_ROOT=0 -DCMAKE_INSTALL_PREFIX=/home/HabitatROS/install/habitat_msgs
[0.233s] -- The C compiler identification is GNU 11.4.0
[0.467s] -- The CXX compiler identification is GNU 11.4.0
[0.488s] -- Detecting C compiler ABI info
[0.724s] -- Detecting C compiler ABI info - done
[0.748s] -- Check for working C compiler: /usr/bin/cc - skipped
[0.748s] -- Detecting C compile features
[0.750s] -- Detecting C compile features - done
[0.759s] -- Detecting CXX compiler ABI info
[1.022s] -- Detecting CXX compiler ABI info - done
[1.047s] -- Check for working CXX compiler: /usr/bin/c++ - skipped
[1.047s] -- Detecting CXX compile features
[1.049s] -- Detecting CXX compile features - done
[1.058s] -- Found ament_cmake: 1.3.14 (/opt/ros/humble/share/ament_cmake/cmake)
[1.484s] -- Found Python3: /usr/bin/python3 (found version "3.10.12") found components: Interpreter 
[1.777s] -- Found rosidl_default_generators: 1.2.1 (/opt/ros/humble/share/rosidl_default_generators/cmake)
[1.786s] -- Using all available rosidl_typesupport_c: rosidl_typesupport_fastrtps_c;rosidl_typesupport_introspection_c
[1.804s] -- Found rosidl_adapter: 3.1.8 (/opt/ros/humble/share/rosidl_adapter/cmake)
[1.913s] -- Using all available rosidl_typesupport_cpp: rosidl_typesupport_fastrtps_cpp;rosidl_typesupport_introspection_cpp
[2.824s] -- Found ament_cmake_ros: 0.10.0 (/opt/ros/humble/share/ament_cmake_ros/cmake)
[3.349s] -- Using all available rosidl_typesupport_c: rosidl_typesupport_fastrtps_c;rosidl_typesupport_introspection_c
[4.030s] -- Using all available rosidl_typesupport_cpp: rosidl_typesupport_fastrtps_cpp;rosidl_typesupport_introspection_cpp
[4.084s] -- Found PythonInterp: /usr/bin/python3 (found suitable version "3.10.12", minimum required is "3.6") 
[4.088s] -- Found python_cmake_module: 0.10.0 (/opt/ros/humble/share/python_cmake_module/cmake)
[4.147s] -- Found PythonLibs: /usr/lib/aarch64-linux-gnu/libpython3.10.so (found suitable version "3.10.12", minimum required is "3.5") 
[4.148s] -- Using PYTHON_EXECUTABLE: /usr/bin/python3
[4.148s] -- Using PYTHON_INCLUDE_DIRS: /usr/include/python3.10
[4.149s] -- Using PYTHON_LIBRARIES: /usr/lib/aarch64-linux-gnu/libpython3.10.so
[4.199s] -- Found PythonExtra: .so  
[4.488s] -- Configuring done
[4.597s] -- Generating done
[4.606s] [33mCMake Warning:
[4.607s]   Manually-specified variables were not used by the project:
[4.607s] 
[4.608s]     CATKIN_INSTALL_INTO_PREFIX_ROOT
[4.608s] 
[4.608s] [0m
[4.635s] -- Build files have been written to: /home/HabitatROS/build/habitat_msgs
[4.667s] Invoked command in '/home/HabitatROS/build/habitat_msgs' returned '0': /usr/bin/cmake /home/HabitatROS/src/habitat_msgs -DCATKIN_INSTALL_INTO_PREFIX_ROOT=0 -DCMAKE_INSTALL_PREFIX=/home/HabitatROS/install/habitat_msgs
[4.673s] Invoking command in '/home/HabitatROS/build/habitat_msgs': /usr/bin/cmake --build /home/HabitatROS/build/habitat_msgs -- -j4 -l4
[4.806s] [  3%] [34m[1mGenerating C code for ROS interfaces[0m
[4.842s] [  6%] [34m[1mGenerating Rust code for ROS interfaces[0m
[4.844s] [  9%] [34m[1mGenerating C++ code for ROS interfaces[0m
[4.882s] [  9%] Built target ament_cmake_python_copy_habitat_msgs
[6.596s] running egg_info
[6.605s] creating habitat_msgs.egg-info
[6.608s] writing habitat_msgs.egg-info/PKG-INFO
[6.612s] writing dependency_links to habitat_msgs.egg-info/dependency_links.txt
[6.617s] writing top-level names to habitat_msgs.egg-info/top_level.txt
[6.620s] writing manifest file 'habitat_msgs.egg-info/SOURCES.txt'
[6.646s] reading manifest file 'habitat_msgs.egg-info/SOURCES.txt'
[6.655s] writing manifest file 'habitat_msgs.egg-info/SOURCES.txt'
[6.986s] [  9%] Built target ament_cmake_python_build_habitat_msgs_egg
[7.168s] [  9%] Built target habitat_msgs__rs
[7.368s] [  9%] Built target habitat_msgs__cpp
[7.417s] [ 12%] [32mBuilding C object CMakeFiles/habitat_msgs__rosidl_generator_c.dir/rosidl_generator_c/habitat_msgs/msg/detail/habitat_sensor__functions.c.o[0m
[7.457s] [ 15%] [34m[1mGenerating C++ type support dispatch for ROS interfaces[0m
[7.465s] [ 18%] [34m[1mGenerating C++ type support for eProsima Fast-RTPS[0m
[7.472s] [ 21%] [34m[1mGenerating C++ introspection for ROS interfaces[0m
[7.972s] [ 25%] [32m[1mLinking C shared library libhabitat_msgs__rosidl_generator_c.so[0m
[8.350s] [ 25%] Built target habitat_msgs__rosidl_generator_c
[8.447s] [ 28%] [34m[1mGenerating C type support for eProsima Fast-RTPS[0m
[9.745s] [ 31%] [32mBuilding CXX object CMakeFiles/habitat_msgs__rosidl_typesupport_cpp.dir/rosidl_typesupport_cpp/habitat_msgs/msg/habitat_sensor__type_support.cpp.o[0m
[10.000s] [ 34%] [32mBuilding CXX object CMakeFiles/habitat_msgs__rosidl_typesupport_introspection_cpp.dir/rosidl_typesupport_introspection_cpp/habitat_msgs/msg/detail/habitat_sensor__type_support.cpp.o[0m
[10.092s] [ 37%] [32mBuilding CXX object CMakeFiles/habitat_msgs__rosidl_typesupport_fastrtps_cpp.dir/rosidl_typesupport_fastrtps_cpp/habitat_msgs/msg/detail/dds_fastrtps/habitat_sensor__type_support.cpp.o[0m
[11.176s] [ 40%] [32mBuilding CXX object CMakeFiles/habitat_msgs__rosidl_typesupport_fastrtps_c.dir/rosidl_typesupport_fastrtps_c/habitat_msgs/msg/detail/habitat_sensor__type_support_c.cpp.o[0m
[12.487s] [ 43%] [32m[1mLinking CXX shared library libhabitat_msgs__rosidl_typesupport_cpp.so[0m
[12.671s] [ 43%] Built target habitat_msgs__rosidl_typesupport_cpp
[12.721s] [ 46%] [34m[1mGenerating C type support dispatch for ROS interfaces[0m
[13.359s] [ 50%] [32m[1mLinking CXX shared library libhabitat_msgs__rosidl_typesupport_introspection_cpp.so[0m
[13.517s] [ 53%] [32m[1mLinking CXX shared library libhabitat_msgs__rosidl_typesupport_fastrtps_cpp.so[0m
[13.693s] [ 53%] Built target habitat_msgs__rosidl_typesupport_introspection_cpp
[13.746s] [ 56%] [34m[1mGenerating C introspection for ROS interfaces[0m
[13.809s] [ 59%] [32m[1mLinking CXX shared library libhabitat_msgs__rosidl_typesupport_fastrtps_c.so[0m
[13.930s] [ 59%] Built target habitat_msgs__rosidl_typesupport_fastrtps_cpp
[14.054s] [ 62%] [32mBuilding CXX object CMakeFiles/habitat_msgs__rosidl_typesupport_c.dir/rosidl_typesupport_c/habitat_msgs/msg/habitat_sensor__type_support.cpp.o[0m
[14.168s] [ 62%] Built target habitat_msgs__rosidl_typesupport_fastrtps_c
[14.179s] [ 65%] [32m[1mLinking CXX shared library libhabitat_msgs__rosidl_typesupport_c.so[0m
[14.314s] [ 65%] Built target habitat_msgs__rosidl_typesupport_c
[14.820s] [ 68%] [32mBuilding C object CMakeFiles/habitat_msgs__rosidl_typesupport_introspection_c.dir/rosidl_typesupport_introspection_c/habitat_msgs/msg/detail/habitat_sensor__type_support.c.o[0m
[14.936s] [ 71%] [32m[1mLinking C shared library libhabitat_msgs__rosidl_typesupport_introspection_c.so[0m
[15.031s] [ 71%] Built target habitat_msgs__rosidl_typesupport_introspection_c
[15.097s] [ 71%] Built target habitat_msgs
[15.158s] [ 75%] [34m[1mGenerating Python code for ROS interfaces[0m
[16.255s] [ 75%] Built target habitat_msgs__py
[16.316s] [ 78%] [32mBuilding C object CMakeFiles/habitat_msgs__rosidl_generator_py.dir/rosidl_generator_py/habitat_msgs/msg/_habitat_sensor_s.c.o[0m
[16.671s] [ 81%] [32m[1mLinking C shared library rosidl_generator_py/habitat_msgs/libhabitat_msgs__rosidl_generator_py.so[0m
[16.813s] [ 81%] Built target habitat_msgs__rosidl_generator_py
[16.884s] [ 87%] [32mBuilding C object CMakeFiles/habitat_msgs__rosidl_typesupport_introspection_c__pyext.dir/rosidl_generator_py/habitat_msgs/_habitat_msgs_s.ep.rosidl_typesupport_introspection_c.c.o[0m
[16.885s] [ 87%] [32mBuilding C object CMakeFiles/habitat_msgs__rosidl_typesupport_fastrtps_c__pyext.dir/rosidl_generator_py/habitat_msgs/_habitat_msgs_s.ep.rosidl_typesupport_fastrtps_c.c.o[0m
[16.886s] [ 90%] [32mBuilding C object CMakeFiles/habitat_msgs__rosidl_typesupport_c__pyext.dir/rosidl_generator_py/habitat_msgs/_habitat_msgs_s.ep.rosidl_typesupport_c.c.o[0m
[17.247s] [ 93%] [32m[1mLinking C shared library rosidl_generator_py/habitat_msgs/habitat_msgs_s__rosidl_typesupport_c.cpython-310-aarch64-linux-gnu.so[0m
[17.253s] [ 96%] [32m[1mLinking C shared library rosidl_generator_py/habitat_msgs/habitat_msgs_s__rosidl_typesupport_introspection_c.cpython-310-aarch64-linux-gnu.so[0m
[17.274s] [100%] [32m[1mLinking C shared library rosidl_generator_py/habitat_msgs/habitat_msgs_s__rosidl_typesupport_fastrtps_c.cpython-310-aarch64-linux-gnu.so[0m
[17.398s] [100%] Built target habitat_msgs__rosidl_typesupport_c__pyext
[17.406s] [100%] Built target habitat_msgs__rosidl_typesupport_introspection_c__pyext
[17.436s] [100%] Built target habitat_msgs__rosidl_typesupport_fastrtps_c__pyext
[17.470s] Invoked command in '/home/HabitatROS/build/habitat_msgs' returned '0': /usr/bin/cmake --build /home/HabitatROS/build/habitat_msgs -- -j4 -l4
[17.501s] Invoking command in '/home/HabitatROS/build/habitat_msgs': /usr/bin/cmake --install /home/HabitatROS/build/habitat_msgs
[17.526s] -- Install configuration: ""
[17.527s] -- Installing: /home/HabitatROS/install/habitat_msgs/share/ament_index/resource_index/rosidl_interfaces/habitat_msgs
[17.528s] -- Installing: /home/HabitatROS/install/habitat_msgs/include/habitat_msgs/habitat_msgs
[17.529s] -- Installing: /home/HabitatROS/install/habitat_msgs/include/habitat_msgs/habitat_msgs/msg
[17.529s] -- Installing: /home/HabitatROS/install/habitat_msgs/include/habitat_msgs/habitat_msgs/msg/detail
[17.530s] -- Installing: /home/HabitatROS/install/habitat_msgs/include/habitat_msgs/habitat_msgs/msg/detail/habitat_sensor__functions.h
[17.530s] -- Installing: /home/HabitatROS/install/habitat_msgs/include/habitat_msgs/habitat_msgs/msg/detail/habitat_sensor__functions.c
[17.531s] -- Installing: /home/HabitatROS/install/habitat_msgs/include/habitat_msgs/habitat_msgs/msg/detail/habitat_sensor__struct.h
[17.531s] -- Installing: /home/HabitatROS/install/habitat_msgs/include/habitat_msgs/habitat_msgs/msg/detail/habitat_sensor__type_support.h
[17.532s] -- Installing: /home/HabitatROS/install/habitat_msgs/include/habitat_msgs/habitat_msgs/msg/rosidl_generator_c__visibility_control.h
[17.532s] -- Installing: /home/HabitatROS/install/habitat_msgs/include/habitat_msgs/habitat_msgs/msg/habitat_sensor.h
[17.533s] -- Installing: /home/HabitatROS/install/habitat_msgs/share/habitat_msgs/environment/library_path.sh
[17.534s] -- Installing: /home/HabitatROS/install/habitat_msgs/share/habitat_msgs/environment/library_path.dsv
[17.535s] -- Installing: /home/HabitatROS/install/habitat_msgs/lib/libhabitat_msgs__rosidl_generator_c.so
[17.537s] -- Set runtime path of "/home/HabitatROS/install/habitat_msgs/lib/libhabitat_msgs__rosidl_generator_c.so" to ""
[17.537s] -- Up-to-date: /home/HabitatROS/install/habitat_msgs/include/habitat_msgs/habitat_msgs
[17.538s] -- Up-to-date: /home/HabitatROS/install/habitat_msgs/include/habitat_msgs/habitat_msgs/msg
[17.538s] -- Up-to-date: /home/HabitatROS/install/habitat_msgs/include/habitat_msgs/habitat_msgs/msg/detail
[17.539s] -- Installing: /home/HabitatROS/install/habitat_msgs/include/habitat_msgs/habitat_msgs/msg/detail/habitat_sensor__rosidl_typesupport_fastrtps_c.h
[17.539s] -- Installing: /home/HabitatROS/install/habitat_msgs/include/habitat_msgs/habitat_msgs/msg/rosidl_typesupport_fastrtps_c__visibility_control.h
[17.539s] -- Installing: /home/HabitatROS/install/habitat_msgs/lib/libhabitat_msgs__rosidl_typesupport_fastrtps_c.so
[17.541s] -- Set runtime path of "/home/HabitatROS/install/habitat_msgs/lib/libhabitat_msgs__rosidl_typesupport_fastrtps_c.so" to ""
[17.541s] -- Up-to-date: /home/HabitatROS/install/habitat_msgs/include/habitat_msgs/habitat_msgs
[17.542s] -- Up-to-date: /home/HabitatROS/install/habitat_msgs/include/habitat_msgs/habitat_msgs/msg
[17.542s] -- Installing: /home/HabitatROS/install/habitat_msgs/include/habitat_msgs/habitat_msgs/msg/rosidl_typesupport_introspection_c__visibility_control.h
[17.542s] -- Up-to-date: /home/HabitatROS/install/habitat_msgs/include/habitat_msgs/habitat_msgs/msg/detail
[17.543s] -- Installing: /home/HabitatROS/install/habitat_msgs/include/habitat_msgs/habitat_msgs/msg/detail/habitat_sensor__rosidl_typesupport_introspection_c.h
[17.543s] -- Installing: /home/HabitatROS/install/habitat_msgs/include/habitat_msgs/habitat_msgs/msg/detail/habitat_sensor__type_support.c
[17.544s] -- Installing: /home/HabitatROS/install/habitat_msgs/lib/libhabitat_msgs__rosidl_typesupport_introspection_c.so
[17.545s] -- Set runtime path of "/home/HabitatROS/install/habitat_msgs/lib/libhabitat_msgs__rosidl_typesupport_introspection_c.so" to ""
[17.545s] -- Installing: /home/HabitatROS/install/habitat_msgs/lib/libhabitat_msgs__rosidl_typesupport_c.so
[17.547s] -- Set runtime path of "/home/HabitatROS/install/habitat_msgs/lib/libhabitat_msgs__rosidl_typesupport_c.so" to ""
[17.547s] -- Up-to-date: /home/HabitatROS/install/habitat_msgs/include/habitat_msgs/habitat_msgs
[17.548s] -- Up-to-date: /home/HabitatROS/install/habitat_msgs/include/habitat_msgs/habitat_msgs/msg
[17.548s] -- Installing: /home/HabitatROS/install/habitat_msgs/include/habitat_msgs/habitat_msgs/msg/habitat_sensor.hpp
[17.549s] -- Up-to-date: /home/HabitatROS/install/habitat_msgs/include/habitat_msgs/habitat_msgs/msg/detail
[17.549s] -- Installing: /home/HabitatROS/install/habitat_msgs/include/habitat_msgs/habitat_msgs/msg/detail/habitat_sensor__builder.hpp
[17.550s] -- Installing: /home/HabitatROS/install/habitat_msgs/include/habitat_msgs/habitat_msgs/msg/detail/habitat_sensor__type_support.hpp
[17.550s] -- Installing: /home/HabitatROS/install/habitat_msgs/include/habitat_msgs/habitat_msgs/msg/detail/habitat_sensor__traits.hpp
[17.550s] -- Installing: /home/HabitatROS/install/habitat_msgs/include/habitat_msgs/habitat_msgs/msg/detail/habitat_sensor__struct.hpp
[17.551s] -- Installing: /home/HabitatROS/install/habitat_msgs/include/habitat_msgs/habitat_msgs/msg/rosidl_generator_cpp__visibility_control.hpp
[17.552s] -- Up-to-date: /home/HabitatROS/install/habitat_msgs/include/habitat_msgs/habitat_msgs
[17.552s] -- Up-to-date: /home/HabitatROS/install/habitat_msgs/include/habitat_msgs/habitat_msgs/msg
[17.553s] -- Installing: /home/HabitatROS/install/habitat_msgs/include/habitat_msgs/habitat_msgs/msg/rosidl_typesupport_fastrtps_cpp__visibility_control.h
[17.553s] -- Up-to-date: /home/HabitatROS/install/habitat_msgs/include/habitat_msgs/habitat_msgs/msg/detail
[17.553s] -- Installing: /home/HabitatROS/install/habitat_msgs/include/habitat_msgs/habitat_msgs/msg/detail/habitat_sensor__rosidl_typesupport_fastrtps_cpp.hpp
[17.554s] -- Installing: /home/HabitatROS/install/habitat_msgs/include/habitat_msgs/habitat_msgs/msg/detail/dds_fastrtps
[17.554s] -- Installing: /home/HabitatROS/install/habitat_msgs/lib/libhabitat_msgs__rosidl_typesupport_fastrtps_cpp.so
[17.555s] -- Set runtime path of "/home/HabitatROS/install/habitat_msgs/lib/libhabitat_msgs__rosidl_typesupport_fastrtps_cpp.so" to ""
[17.556s] -- Up-to-date: /home/HabitatROS/install/habitat_msgs/include/habitat_msgs/habitat_msgs
[17.556s] -- Up-to-date: /home/HabitatROS/install/habitat_msgs/include/habitat_msgs/habitat_msgs/msg
[17.556s] -- Up-to-date: /home/HabitatROS/install/habitat_msgs/include/habitat_msgs/habitat_msgs/msg/detail
[17.557s] -- Installing: /home/HabitatROS/install/habitat_msgs/include/habitat_msgs/habitat_msgs/msg/detail/habitat_sensor__type_support.cpp
[17.557s] -- Installing: /home/HabitatROS/install/habitat_msgs/include/habitat_msgs/habitat_msgs/msg/detail/habitat_sensor__rosidl_typesupport_introspection_cpp.hpp
[17.558s] -- Installing: /home/HabitatROS/install/habitat_msgs/lib/libhabitat_msgs__rosidl_typesupport_introspection_cpp.so
[17.559s] -- Set runtime path of "/home/HabitatROS/install/habitat_msgs/lib/libhabitat_msgs__rosidl_typesupport_introspection_cpp.so" to ""
[17.560s] -- Installing: /home/HabitatROS/install/habitat_msgs/lib/libhabitat_msgs__rosidl_typesupport_cpp.so
[17.561s] -- Set runtime path of "/home/HabitatROS/install/habitat_msgs/lib/libhabitat_msgs__rosidl_typesupport_cpp.so" to ""
[17.561s] -- Installing: /home/HabitatROS/install/habitat_msgs/share/habitat_msgs/environment/pythonpath.sh
[17.562s] -- Installing: /home/HabitatROS/install/habitat_msgs/share/habitat_msgs/environment/pythonpath.dsv
[17.562s] -- Installing: /home/HabitatROS/install/habitat_msgs/local/lib/python3.10/dist-packages/habitat_msgs-0.0.0-py3.10.egg-info
[17.563s] -- Installing: /home/HabitatROS/install/habitat_msgs/local/lib/python3.10/dist-packages/habitat_msgs-0.0.0-py3.10.egg-info/dependency_links.txt
[17.564s] -- Installing: /home/HabitatROS/install/habitat_msgs/local/lib/python3.10/dist-packages/habitat_msgs-0.0.0-py3.10.egg-info/PKG-INFO
[17.564s] -- Installing: /home/HabitatROS/install/habitat_msgs/local/lib/python3.10/dist-packages/habitat_msgs-0.0.0-py3.10.egg-info/top_level.txt
[17.565s] -- Installing: /home/HabitatROS/install/habitat_msgs/local/lib/python3.10/dist-packages/habitat_msgs-0.0.0-py3.10.egg-info/SOURCES.txt
[17.566s] -- Installing: /home/HabitatROS/install/habitat_msgs/local/lib/python3.10/dist-packages/habitat_msgs
[17.566s] -- Installing: /home/HabitatROS/install/habitat_msgs/local/lib/python3.10/dist-packages/habitat_msgs/_habitat_msgs_s.ep.rosidl_typesupport_fastrtps_c.c
[17.567s] -- Installing: /home/HabitatROS/install/habitat_msgs/local/lib/python3.10/dist-packages/habitat_msgs/msg
[17.567s] -- Installing: /home/HabitatROS/install/habitat_msgs/local/lib/python3.10/dist-packages/habitat_msgs/msg/_habitat_sensor.py
[17.568s] -- Installing: /home/HabitatROS/install/habitat_msgs/local/lib/python3.10/dist-packages/habitat_msgs/msg/__init__.py
[17.568s] -- Installing: /home/HabitatROS/install/habitat_msgs/local/lib/python3.10/dist-packages/habitat_msgs/msg/_habitat_sensor_s.c
[17.569s] -- Installing: /home/HabitatROS/install/habitat_msgs/local/lib/python3.10/dist-packages/habitat_msgs/habitat_msgs_s__rosidl_typesupport_introspection_c.cpython-310-aarch64-linux-gnu.so
[17.569s] -- Installing: /home/HabitatROS/install/habitat_msgs/local/lib/python3.10/dist-packages/habitat_msgs/_habitat_msgs_s.ep.rosidl_typesupport_introspection_c.c
[17.570s] -- Installing: /home/HabitatROS/install/habitat_msgs/local/lib/python3.10/dist-packages/habitat_msgs/_habitat_msgs_s.ep.rosidl_typesupport_c.c
[17.571s] -- Installing: /home/HabitatROS/install/habitat_msgs/local/lib/python3.10/dist-packages/habitat_msgs/habitat_msgs_s__rosidl_typesupport_c.cpython-310-aarch64-linux-gnu.so
[17.572s] -- Installing: /home/HabitatROS/install/habitat_msgs/local/lib/python3.10/dist-packages/habitat_msgs/libhabitat_msgs__rosidl_generator_py.so
[17.572s] -- Installing: /home/HabitatROS/install/habitat_msgs/local/lib/python3.10/dist-packages/habitat_msgs/habitat_msgs_s__rosidl_typesupport_fastrtps_c.cpython-310-aarch64-linux-gnu.so
[17.573s] -- Installing: /home/HabitatROS/install/habitat_msgs/local/lib/python3.10/dist-packages/habitat_msgs/__init__.py
[17.689s] Listing '/home/HabitatROS/install/habitat_msgs/local/lib/python3.10/dist-packages/habitat_msgs'...
[17.690s] Compiling '/home/HabitatROS/install/habitat_msgs/local/lib/python3.10/dist-packages/habitat_msgs/__init__.py'...
[17.691s] Listing '/home/HabitatROS/install/habitat_msgs/local/lib/python3.10/dist-packages/habitat_msgs/msg'...
[17.692s] Compiling '/home/HabitatROS/install/habitat_msgs/local/lib/python3.10/dist-packages/habitat_msgs/msg/__init__.py'...
[17.693s] Compiling '/home/HabitatROS/install/habitat_msgs/local/lib/python3.10/dist-packages/habitat_msgs/msg/_habitat_sensor.py'...
[17.714s] -- Installing: /home/HabitatROS/install/habitat_msgs/local/lib/python3.10/dist-packages/habitat_msgs/habitat_msgs_s__rosidl_typesupport_fastrtps_c.cpython-310-aarch64-linux-gnu.so
[17.715s] -- Set runtime path of "/home/HabitatROS/install/habitat_msgs/local/lib/python3.10/dist-packages/habitat_msgs/habitat_msgs_s__rosidl_typesupport_fastrtps_c.cpython-310-aarch64-linux-gnu.so" to ""
[17.716s] -- Installing: /home/HabitatROS/install/habitat_msgs/local/lib/python3.10/dist-packages/habitat_msgs/habitat_msgs_s__rosidl_typesupport_introspection_c.cpython-310-aarch64-linux-gnu.so
[17.718s] -- Set runtime path of "/home/HabitatROS/install/habitat_msgs/local/lib/python3.10/dist-packages/habitat_msgs/habitat_msgs_s__rosidl_typesupport_introspection_c.cpython-310-aarch64-linux-gnu.so" to ""
[17.718s] -- Installing: /home/HabitatROS/install/habitat_msgs/local/lib/python3.10/dist-packages/habitat_msgs/habitat_msgs_s__rosidl_typesupport_c.cpython-310-aarch64-linux-gnu.so
[17.720s] -- Set runtime path of "/home/HabitatROS/install/habitat_msgs/local/lib/python3.10/dist-packages/habitat_msgs/habitat_msgs_s__rosidl_typesupport_c.cpython-310-aarch64-linux-gnu.so" to ""
[17.720s] -- Installing: /home/HabitatROS/install/habitat_msgs/lib/libhabitat_msgs__rosidl_generator_py.so
[17.722s] -- Set runtime path of "/home/HabitatROS/install/habitat_msgs/lib/libhabitat_msgs__rosidl_generator_py.so" to ""
[17.722s] -- Installing: /home/HabitatROS/install/habitat_msgs/share/ament_index/resource_index/rust_packages/habitat_msgs
[17.723s] -- Installing: /home/HabitatROS/install/habitat_msgs/share/habitat_msgs/rust
[17.724s] -- Installing: /home/HabitatROS/install/habitat_msgs/share/habitat_msgs/rust/build.rs
[17.724s] -- Installing: /home/HabitatROS/install/habitat_msgs/share/habitat_msgs/rust/Cargo.toml
[17.725s] -- Installing: /home/HabitatROS/install/habitat_msgs/share/habitat_msgs/rust/src
[17.725s] -- Installing: /home/HabitatROS/install/habitat_msgs/share/habitat_msgs/rust/src/msg
[17.725s] -- Installing: /home/HabitatROS/install/habitat_msgs/share/habitat_msgs/rust/src/msg/rmw.rs
[17.726s] -- Installing: /home/HabitatROS/install/habitat_msgs/share/habitat_msgs/rust/src/msg.rs
[17.726s] -- Installing: /home/HabitatROS/install/habitat_msgs/share/habitat_msgs/rust/src/lib.rs
[17.727s] -- Installing: /home/HabitatROS/install/habitat_msgs/share/habitat_msgs/msg/HabitatSensor.idl
[17.728s] -- Installing: /home/HabitatROS/install/habitat_msgs/share/habitat_msgs/msg/HabitatSensor.msg
[17.729s] -- Installing: /home/HabitatROS/install/habitat_msgs/share/ament_index/resource_index/package_run_dependencies/habitat_msgs
[17.730s] -- Installing: /home/HabitatROS/install/habitat_msgs/share/ament_index/resource_index/parent_prefix_path/habitat_msgs
[17.731s] -- Installing: /home/HabitatROS/install/habitat_msgs/share/habitat_msgs/environment/ament_prefix_path.sh
[17.731s] -- Installing: /home/HabitatROS/install/habitat_msgs/share/habitat_msgs/environment/ament_prefix_path.dsv
[17.732s] -- Installing: /home/HabitatROS/install/habitat_msgs/share/habitat_msgs/environment/path.sh
[17.733s] -- Installing: /home/HabitatROS/install/habitat_msgs/share/habitat_msgs/environment/path.dsv
[17.734s] -- Installing: /home/HabitatROS/install/habitat_msgs/share/habitat_msgs/local_setup.bash
[17.734s] -- Installing: /home/HabitatROS/install/habitat_msgs/share/habitat_msgs/local_setup.sh
[17.735s] -- Installing: /home/HabitatROS/install/habitat_msgs/share/habitat_msgs/local_setup.zsh
[17.736s] -- Installing: /home/HabitatROS/install/habitat_msgs/share/habitat_msgs/local_setup.dsv
[17.736s] -- Installing: /home/HabitatROS/install/habitat_msgs/share/habitat_msgs/package.dsv
[17.737s] -- Installing: /home/HabitatROS/install/habitat_msgs/share/ament_index/resource_index/packages/habitat_msgs
[17.738s] -- Installing: /home/HabitatROS/install/habitat_msgs/share/habitat_msgs/cmake/export_habitat_msgs__rosidl_generator_cExport.cmake
[17.739s] -- Installing: /home/HabitatROS/install/habitat_msgs/share/habitat_msgs/cmake/export_habitat_msgs__rosidl_generator_cExport-noconfig.cmake
[17.740s] -- Installing: /home/HabitatROS/install/habitat_msgs/share/habitat_msgs/cmake/export_habitat_msgs__rosidl_typesupport_fastrtps_cExport.cmake
[17.741s] -- Installing: /home/HabitatROS/install/habitat_msgs/share/habitat_msgs/cmake/export_habitat_msgs__rosidl_typesupport_fastrtps_cExport-noconfig.cmake
[17.741s] -- Installing: /home/HabitatROS/install/habitat_msgs/share/habitat_msgs/cmake/habitat_msgs__rosidl_typesupport_introspection_cExport.cmake
[17.742s] -- Installing: /home/HabitatROS/install/habitat_msgs/share/habitat_msgs/cmake/habitat_msgs__rosidl_typesupport_introspection_cExport-noconfig.cmake
[17.743s] -- Installing: /home/HabitatROS/install/habitat_msgs/share/habitat_msgs/cmake/habitat_msgs__rosidl_typesupport_cExport.cmake
[17.744s] -- Installing: /home/HabitatROS/install/habitat_msgs/share/habitat_msgs/cmake/habitat_msgs__rosidl_typesupport_cExport-noconfig.cmake
[17.744s] -- Installing: /home/HabitatROS/install/habitat_msgs/share/habitat_msgs/cmake/export_habitat_msgs__rosidl_generator_cppExport.cmake
[17.745s] -- Installing: /home/HabitatROS/install/habitat_msgs/share/habitat_msgs/cmake/export_habitat_msgs__rosidl_typesupport_fastrtps_cppExport.cmake
[17.746s] -- Installing: /home/HabitatROS/install/habitat_msgs/share/habitat_msgs/cmake/export_habitat_msgs__rosidl_typesupport_fastrtps_cppExport-noconfig.cmake
[17.747s] -- Installing: /home/HabitatROS/install/habitat_msgs/share/habitat_msgs/cmake/habitat_msgs__rosidl_typesupport_introspection_cppExport.cmake
[17.748s] -- Installing: /home/HabitatROS/install/habitat_msgs/share/habitat_msgs/cmake/habitat_msgs__rosidl_typesupport_introspection_cppExport-noconfig.cmake
[17.749s] -- Installing: /home/HabitatROS/install/habitat_msgs/share/habitat_msgs/cmake/habitat_msgs__rosidl_typesupport_cppExport.cmake
[17.749s] -- Installing: /home/HabitatROS/install/habitat_msgs/share/habitat_msgs/cmake/habitat_msgs__rosidl_typesupport_cppExport-noconfig.cmake
[17.750s] -- Installing: /home/HabitatROS/install/habitat_msgs/share/habitat_msgs/cmake/export_habitat_msgs__rosidl_generator_pyExport.cmake
[17.751s] -- Installing: /home/HabitatROS/install/habitat_msgs/share/habitat_msgs/cmake/export_habitat_msgs__rosidl_generator_pyExport-noconfig.cmake
[17.752s] -- Installing: /home/HabitatROS/install/habitat_msgs/share/habitat_msgs/cmake/rosidl_cmake-extras.cmake
[17.752s] -- Installing: /home/HabitatROS/install/habitat_msgs/share/habitat_msgs/cmake/ament_cmake_export_include_directories-extras.cmake
[17.753s] -- Installing: /home/HabitatROS/install/habitat_msgs/share/habitat_msgs/cmake/ament_cmake_export_libraries-extras.cmake
[17.754s] -- Installing: /home/HabitatROS/install/habitat_msgs/share/habitat_msgs/cmake/ament_cmake_export_targets-extras.cmake
[17.754s] -- Installing: /home/HabitatROS/install/habitat_msgs/share/habitat_msgs/cmake/rosidl_cmake_export_typesupport_targets-extras.cmake
[17.755s] -- Installing: /home/HabitatROS/install/habitat_msgs/share/habitat_msgs/cmake/ament_cmake_export_dependencies-extras.cmake
[17.756s] -- Installing: /home/HabitatROS/install/habitat_msgs/share/habitat_msgs/cmake/rosidl_cmake_export_typesupport_libraries-extras.cmake
[17.757s] -- Installing: /home/HabitatROS/install/habitat_msgs/share/habitat_msgs/cmake/habitat_msgsConfig.cmake
[17.757s] -- Installing: /home/HabitatROS/install/habitat_msgs/share/habitat_msgs/cmake/habitat_msgsConfig-version.cmake
[17.758s] -- Installing: /home/HabitatROS/install/habitat_msgs/share/habitat_msgs/package.xml
[17.764s] Invoked command in '/home/HabitatROS/build/habitat_msgs' returned '0': /usr/bin/cmake --install /home/HabitatROS/build/habitat_msgs
