[0.428s] DEBUG:colcon:Command line arguments: ['/usr/bin/colcon', 'build']
[0.428s] DEBUG:colcon:Parsed command line arguments: Namespace(log_base=None, log_level=None, verb_name='build', build_base='build', install_base='install', merge_install=False, symlink_install=False, test_result_base=None, continue_on_error=False, executor='parallel', parallel_workers=4, event_handlers=None, ignore_user_meta=False, metas=['./colcon.meta'], base_paths=['.'], packages_ignore=None, packages_ignore_regex=None, paths=None, packages_up_to=None, packages_up_to_regex=None, packages_above=None, packages_above_and_dependencies=None, packages_above_depth=None, packages_select_by_dep=None, packages_skip_by_dep=None, packages_skip_up_to=None, packages_select_build_failed=False, packages_skip_build_finished=False, packages_select_test_failures=False, packages_skip_test_passed=False, packages_select=None, packages_skip=None, packages_select_regex=None, packages_skip_regex=None, packages_start=None, packages_end=None, cmake_args=None, cmake_target=None, cmake_target_skip_unavailable=False, cmake_clean_cache=False, cmake_clean_first=False, cmake_force_configure=False, ament_cmake_args=None, catkin_cmake_args=None, catkin_skip_building_tests=False, mixin_files=None, mixin=None, verb_parser=<colcon_mixin.mixin.mixin_argument.MixinArgumentDecorator object at 0x7fb8681db0>, verb_extension=<colcon_core.verb.build.BuildVerb object at 0x7fb879ef80>, main=<bound method BuildVerb.main of <colcon_core.verb.build.BuildVerb object at 0x7fb879ef80>>, mixin_verb=('build',))
[0.847s] Level 1:colcon.colcon_core.package_discovery:discover_packages(colcon_meta) check parameters
[0.849s] INFO:colcon.colcon_metadata.package_discovery.colcon_meta:Using configuration from '/root/.colcon/metadata/default/Gazebo.meta'
[0.851s] INFO:colcon.colcon_metadata.package_discovery.colcon_meta:Using configuration from '/root/.colcon/metadata/default/fastdds.meta'
[0.853s] INFO:colcon.colcon_metadata.package_discovery.colcon_meta:Using configuration from '/root/.colcon/metadata/default/fastrtps.meta'
[0.853s] Level 1:colcon.colcon_core.package_discovery:discover_packages(recursive) check parameters
[0.853s] Level 1:colcon.colcon_core.package_discovery:discover_packages(ignore) check parameters
[0.854s] Level 1:colcon.colcon_core.package_discovery:discover_packages(path) check parameters
[0.854s] Level 1:colcon.colcon_core.package_discovery:discover_packages(colcon_meta) discover
[0.854s] Level 1:colcon.colcon_core.package_discovery:discover_packages(recursive) discover
[0.854s] INFO:colcon.colcon_core.package_discovery:Crawling recursively for packages in '/home/HabitatROS'
[0.854s] Level 1:colcon.colcon_core.package_identification:_identify(.) by extensions ['ignore', 'ignore_ament_install']
[0.855s] Level 1:colcon.colcon_core.package_identification:_identify(.) by extension 'ignore'
[0.855s] Level 1:colcon.colcon_core.package_identification:_identify(.) by extension 'ignore_ament_install'
[0.855s] Level 1:colcon.colcon_core.package_identification:_identify(.) by extensions ['colcon_pkg']
[0.855s] Level 1:colcon.colcon_core.package_identification:_identify(.) by extension 'colcon_pkg'
[0.856s] Level 1:colcon.colcon_core.package_identification:_identify(.) by extensions ['colcon_meta']
[0.856s] Level 1:colcon.colcon_core.package_identification:_identify(.) by extension 'colcon_meta'
[0.856s] Level 1:colcon.colcon_core.package_identification:_identify(.) by extensions ['ros']
[0.856s] Level 1:colcon.colcon_core.package_identification:_identify(.) by extension 'ros'
[0.899s] Level 1:colcon.colcon_core.package_identification:_identify(.) by extensions ['cmake', 'python']
[0.900s] Level 1:colcon.colcon_core.package_identification:_identify(.) by extension 'cmake'
[0.900s] Level 1:colcon.colcon_core.package_identification:_identify(.) by extension 'python'
[0.900s] Level 1:colcon.colcon_core.package_identification:_identify(.) by extensions ['python_setup_py']
[0.900s] Level 1:colcon.colcon_core.package_identification:_identify(.) by extension 'python_setup_py'
[0.901s] Level 1:colcon.colcon_core.package_identification:_identify(build) by extensions ['ignore', 'ignore_ament_install']
[0.901s] Level 1:colcon.colcon_core.package_identification:_identify(build) by extension 'ignore'
[0.901s] Level 1:colcon.colcon_core.package_identification:_identify(build) ignored
[0.902s] Level 1:colcon.colcon_core.package_identification:_identify(install) by extensions ['ignore', 'ignore_ament_install']
[0.902s] Level 1:colcon.colcon_core.package_identification:_identify(install) by extension 'ignore'
[0.902s] Level 1:colcon.colcon_core.package_identification:_identify(install) ignored
[0.902s] Level 1:colcon.colcon_core.package_identification:_identify(log) by extensions ['ignore', 'ignore_ament_install']
[0.903s] Level 1:colcon.colcon_core.package_identification:_identify(log) by extension 'ignore'
[0.903s] Level 1:colcon.colcon_core.package_identification:_identify(log) ignored
[0.903s] Level 1:colcon.colcon_core.package_identification:_identify(src) by extensions ['ignore', 'ignore_ament_install']
[0.903s] Level 1:colcon.colcon_core.package_identification:_identify(src) by extension 'ignore'
[0.904s] Level 1:colcon.colcon_core.package_identification:_identify(src) by extension 'ignore_ament_install'
[0.904s] Level 1:colcon.colcon_core.package_identification:_identify(src) by extensions ['colcon_pkg']
[0.904s] Level 1:colcon.colcon_core.package_identification:_identify(src) by extension 'colcon_pkg'
[0.904s] Level 1:colcon.colcon_core.package_identification:_identify(src) by extensions ['colcon_meta']
[0.904s] Level 1:colcon.colcon_core.package_identification:_identify(src) by extension 'colcon_meta'
[0.904s] Level 1:colcon.colcon_core.package_identification:_identify(src) by extensions ['ros']
[0.904s] Level 1:colcon.colcon_core.package_identification:_identify(src) by extension 'ros'
[0.905s] Level 1:colcon.colcon_core.package_identification:_identify(src) by extensions ['cmake', 'python']
[0.905s] Level 1:colcon.colcon_core.package_identification:_identify(src) by extension 'cmake'
[0.905s] Level 1:colcon.colcon_core.package_identification:_identify(src) by extension 'python'
[0.905s] Level 1:colcon.colcon_core.package_identification:_identify(src) by extensions ['python_setup_py']
[0.905s] Level 1:colcon.colcon_core.package_identification:_identify(src) by extension 'python_setup_py'
[0.906s] Level 1:colcon.colcon_core.package_identification:_identify(src/habitat_msgs) by extensions ['ignore', 'ignore_ament_install']
[0.906s] Level 1:colcon.colcon_core.package_identification:_identify(src/habitat_msgs) by extension 'ignore'
[0.906s] Level 1:colcon.colcon_core.package_identification:_identify(src/habitat_msgs) by extension 'ignore_ament_install'
[0.906s] Level 1:colcon.colcon_core.package_identification:_identify(src/habitat_msgs) by extensions ['colcon_pkg']
[0.906s] Level 1:colcon.colcon_core.package_identification:_identify(src/habitat_msgs) by extension 'colcon_pkg'
[0.907s] Level 1:colcon.colcon_core.package_identification:_identify(src/habitat_msgs) by extensions ['colcon_meta']
[0.907s] Level 1:colcon.colcon_core.package_identification:_identify(src/habitat_msgs) by extension 'colcon_meta'
[0.907s] Level 1:colcon.colcon_core.package_identification:_identify(src/habitat_msgs) by extensions ['ros']
[0.907s] Level 1:colcon.colcon_core.package_identification:_identify(src/habitat_msgs) by extension 'ros'
[0.915s] DEBUG:colcon.colcon_core.package_identification:Package 'src/habitat_msgs' with type 'ros.catkin' and name 'habitat_msgs'
[0.915s] Level 1:colcon.colcon_core.package_discovery:discover_packages(recursive) using defaults
[0.915s] Level 1:colcon.colcon_core.package_discovery:discover_packages(ignore) discover
[0.916s] Level 1:colcon.colcon_core.package_discovery:discover_packages(ignore) using defaults
[0.916s] Level 1:colcon.colcon_core.package_discovery:discover_packages(path) discover
[0.916s] Level 1:colcon.colcon_core.package_discovery:discover_packages(path) using defaults
[0.988s] Level 5:colcon.colcon_core.verb:set package 'habitat_msgs' build argument 'cmake_args' from command line to 'None'
[0.989s] Level 5:colcon.colcon_core.verb:set package 'habitat_msgs' build argument 'cmake_target' from command line to 'None'
[0.989s] Level 5:colcon.colcon_core.verb:set package 'habitat_msgs' build argument 'cmake_target_skip_unavailable' from command line to 'False'
[0.989s] Level 5:colcon.colcon_core.verb:set package 'habitat_msgs' build argument 'cmake_clean_cache' from command line to 'False'
[0.989s] Level 5:colcon.colcon_core.verb:set package 'habitat_msgs' build argument 'cmake_clean_first' from command line to 'False'
[0.989s] Level 5:colcon.colcon_core.verb:set package 'habitat_msgs' build argument 'cmake_force_configure' from command line to 'False'
[0.989s] Level 5:colcon.colcon_core.verb:set package 'habitat_msgs' build argument 'ament_cmake_args' from command line to 'None'
[0.989s] Level 5:colcon.colcon_core.verb:set package 'habitat_msgs' build argument 'catkin_cmake_args' from command line to 'None'
[0.989s] Level 5:colcon.colcon_core.verb:set package 'habitat_msgs' build argument 'catkin_skip_building_tests' from command line to 'False'
[0.990s] DEBUG:colcon.colcon_core.verb:Building package 'habitat_msgs' with the following arguments: {'ament_cmake_args': None, 'build_base': '/home/HabitatROS/build/habitat_msgs', 'catkin_cmake_args': None, 'catkin_skip_building_tests': False, 'cmake_args': None, 'cmake_clean_cache': False, 'cmake_clean_first': False, 'cmake_force_configure': False, 'cmake_target': None, 'cmake_target_skip_unavailable': False, 'install_base': '/home/HabitatROS/install/habitat_msgs', 'merge_install': False, 'path': '/home/HabitatROS/src/habitat_msgs', 'symlink_install': False, 'test_result_base': None}
[0.990s] INFO:colcon.colcon_core.executor:Executing jobs using 'parallel' executor
[0.994s] DEBUG:colcon.colcon_parallel_executor.executor.parallel:run_until_complete
[0.994s] INFO:colcon.colcon_ros.task.catkin.build:Building ROS package in '/home/HabitatROS/src/habitat_msgs' with build type 'catkin'
[0.995s] INFO:colcon.colcon_cmake.task.cmake.build:Building CMake package in '/home/HabitatROS/src/habitat_msgs'
[1.004s] INFO:colcon.colcon_core.plugin_system:Skipping extension 'colcon_core.shell.bat': Not used on non-Windows systems
[1.004s] INFO:colcon.colcon_core.shell:Skip shell extension 'powershell' for command environment: Not usable outside of PowerShell
[1.005s] DEBUG:colcon.colcon_core.shell:Skip shell extension 'dsv' for command environment
[1.029s] DEBUG:colcon.colcon_core.event_handler.log_command:Invoking command in '/home/HabitatROS/build/habitat_msgs': /usr/bin/cmake /home/HabitatROS/src/habitat_msgs -DCATKIN_INSTALL_INTO_PREFIX_ROOT=0 -DCMAKE_INSTALL_PREFIX=/home/HabitatROS/install/habitat_msgs
[5.664s] DEBUG:colcon.colcon_core.event_handler.log_command:Invoked command in '/home/HabitatROS/build/habitat_msgs' returned '0': /usr/bin/cmake /home/HabitatROS/src/habitat_msgs -DCATKIN_INSTALL_INTO_PREFIX_ROOT=0 -DCMAKE_INSTALL_PREFIX=/home/HabitatROS/install/habitat_msgs
[5.670s] DEBUG:colcon.colcon_core.event_handler.log_command:Invoking command in '/home/HabitatROS/build/habitat_msgs': /usr/bin/cmake --build /home/HabitatROS/build/habitat_msgs -- -j4 -l4
[18.467s] DEBUG:colcon.colcon_core.event_handler.log_command:Invoked command in '/home/HabitatROS/build/habitat_msgs' returned '0': /usr/bin/cmake --build /home/HabitatROS/build/habitat_msgs -- -j4 -l4
[18.498s] DEBUG:colcon.colcon_core.event_handler.log_command:Invoking command in '/home/HabitatROS/build/habitat_msgs': /usr/bin/cmake --install /home/HabitatROS/build/habitat_msgs
[18.761s] DEBUG:colcon.colcon_core.event_handler.log_command:Invoked command in '/home/HabitatROS/build/habitat_msgs' returned '0': /usr/bin/cmake --install /home/HabitatROS/build/habitat_msgs
[18.762s] Level 1:colcon.colcon_core.shell:create_environment_hook('habitat_msgs', 'ros_package_path')
[18.763s] INFO:colcon.colcon_core.shell:Creating environment hook '/home/HabitatROS/install/habitat_msgs/share/habitat_msgs/hook/ros_package_path.ps1'
[18.765s] INFO:colcon.colcon_core.shell:Creating environment descriptor '/home/HabitatROS/install/habitat_msgs/share/habitat_msgs/hook/ros_package_path.dsv'
[18.767s] INFO:colcon.colcon_core.shell:Creating environment hook '/home/HabitatROS/install/habitat_msgs/share/habitat_msgs/hook/ros_package_path.sh'
[18.770s] Level 1:colcon.colcon_ros.task.catkin:checking '/home/HabitatROS/install/habitat_msgs/local/lib/python3.10/dist-packages'
[18.770s] Level 1:colcon.colcon_core.shell:create_environment_hook('habitat_msgs', 'catkin_pythonpath')
[18.771s] INFO:colcon.colcon_core.shell:Creating environment hook '/home/HabitatROS/install/habitat_msgs/share/habitat_msgs/hook/catkin_pythonpath.ps1'
[18.772s] INFO:colcon.colcon_core.shell:Creating environment descriptor '/home/HabitatROS/install/habitat_msgs/share/habitat_msgs/hook/catkin_pythonpath.dsv'
[18.774s] INFO:colcon.colcon_core.shell:Creating environment hook '/home/HabitatROS/install/habitat_msgs/share/habitat_msgs/hook/catkin_pythonpath.sh'
[18.775s] Level 1:colcon.colcon_core.shell:create_environment_hook('habitat_msgs', 'pkg_config_path')
[18.776s] INFO:colcon.colcon_core.shell:Creating environment hook '/home/HabitatROS/install/habitat_msgs/share/habitat_msgs/hook/pkg_config_path.ps1'
[18.778s] INFO:colcon.colcon_core.shell:Creating environment descriptor '/home/HabitatROS/install/habitat_msgs/share/habitat_msgs/hook/pkg_config_path.dsv'
[18.779s] INFO:colcon.colcon_core.shell:Creating environment hook '/home/HabitatROS/install/habitat_msgs/share/habitat_msgs/hook/pkg_config_path.sh'
[18.785s] Level 1:colcon.colcon_core.shell:create_environment_hook('habitat_msgs', 'pkg_config_path_multiarch')
[18.786s] INFO:colcon.colcon_core.shell:Creating environment hook '/home/HabitatROS/install/habitat_msgs/share/habitat_msgs/hook/pkg_config_path_multiarch.ps1'
[18.787s] INFO:colcon.colcon_core.shell:Creating environment descriptor '/home/HabitatROS/install/habitat_msgs/share/habitat_msgs/hook/pkg_config_path_multiarch.dsv'
[18.789s] INFO:colcon.colcon_core.shell:Creating environment hook '/home/HabitatROS/install/habitat_msgs/share/habitat_msgs/hook/pkg_config_path_multiarch.sh'
[18.792s] Level 1:colcon.colcon_core.environment:create_environment_scripts_only(habitat_msgs)
[18.803s] Level 1:colcon.colcon_core.environment:checking '/home/HabitatROS/install/habitat_msgs' for CMake module files
[18.806s] Level 1:colcon.colcon_core.environment:checking '/home/HabitatROS/install/habitat_msgs' for CMake config files
[18.808s] Level 1:colcon.colcon_core.shell:create_environment_hook('habitat_msgs', 'cmake_prefix_path')
[18.809s] INFO:colcon.colcon_core.shell:Creating environment hook '/home/HabitatROS/install/habitat_msgs/share/habitat_msgs/hook/cmake_prefix_path.ps1'
[18.811s] INFO:colcon.colcon_core.shell:Creating environment descriptor '/home/HabitatROS/install/habitat_msgs/share/habitat_msgs/hook/cmake_prefix_path.dsv'
[18.812s] INFO:colcon.colcon_core.shell:Creating environment hook '/home/HabitatROS/install/habitat_msgs/share/habitat_msgs/hook/cmake_prefix_path.sh'
[18.815s] Level 1:colcon.colcon_core.environment:checking '/home/HabitatROS/install/habitat_msgs/lib'
[18.816s] Level 1:colcon.colcon_core.shell:create_environment_hook('habitat_msgs', 'ld_library_path_lib')
[18.816s] INFO:colcon.colcon_core.shell:Creating environment hook '/home/HabitatROS/install/habitat_msgs/share/habitat_msgs/hook/ld_library_path_lib.ps1'
[18.818s] INFO:colcon.colcon_core.shell:Creating environment descriptor '/home/HabitatROS/install/habitat_msgs/share/habitat_msgs/hook/ld_library_path_lib.dsv'
[18.819s] INFO:colcon.colcon_core.shell:Creating environment hook '/home/HabitatROS/install/habitat_msgs/share/habitat_msgs/hook/ld_library_path_lib.sh'
[18.821s] Level 1:colcon.colcon_core.environment:checking '/home/HabitatROS/install/habitat_msgs/bin'
[18.821s] Level 1:colcon.colcon_core.environment:checking '/home/HabitatROS/install/habitat_msgs/lib/pkgconfig/habitat_msgs.pc'
[18.828s] Level 1:colcon.colcon_core.environment:checking '/home/HabitatROS/install/habitat_msgs/lib/python3.10/site-packages'
[18.829s] Level 1:colcon.colcon_core.environment:checking '/home/HabitatROS/install/habitat_msgs/bin'
[18.831s] INFO:colcon.colcon_core.shell:Creating package script '/home/HabitatROS/install/habitat_msgs/share/habitat_msgs/package.ps1'
[18.836s] INFO:colcon.colcon_core.shell:Creating package descriptor '/home/HabitatROS/install/habitat_msgs/share/habitat_msgs/package.dsv'
[18.839s] INFO:colcon.colcon_core.shell:Creating package script '/home/HabitatROS/install/habitat_msgs/share/habitat_msgs/package.sh'
[18.843s] INFO:colcon.colcon_core.shell:Creating package script '/home/HabitatROS/install/habitat_msgs/share/habitat_msgs/package.bash'
[18.846s] INFO:colcon.colcon_core.shell:Creating package script '/home/HabitatROS/install/habitat_msgs/share/habitat_msgs/package.zsh'
[18.848s] Level 1:colcon.colcon_core.environment:create_file_with_runtime_dependencies(/home/HabitatROS/install/habitat_msgs/share/colcon-core/packages/habitat_msgs)
[18.850s] DEBUG:colcon.colcon_parallel_executor.executor.parallel:closing loop
[18.851s] DEBUG:colcon.colcon_parallel_executor.executor.parallel:loop closed
[18.851s] DEBUG:colcon.colcon_parallel_executor.executor.parallel:run_until_complete finished with '0'
[18.852s] DEBUG:colcon.colcon_core.event_reactor:joining thread
[18.872s] INFO:colcon.colcon_core.plugin_system:Skipping extension 'colcon_notification.desktop_notification.notify_send': Could not find 'notify-send'
[18.873s] INFO:colcon.colcon_core.plugin_system:Skipping extension 'colcon_notification.desktop_notification.terminal_notifier': Not used on non-Darwin systems
[18.873s] INFO:colcon.colcon_core.plugin_system:Skipping extension 'colcon_notification.desktop_notification.win32': Not used on non-Windows systems
[18.873s] INFO:colcon.colcon_notification.desktop_notification:Sending desktop notification using 'notify2'
[18.873s] DEBUG:colcon.colcon_notification.desktop_notification.notify2:Failed to initialize notify2: org.freedesktop.DBus.Error.NotSupported: Unable to autolaunch a dbus-daemon without a $DISPLAY for X11
[18.874s] DEBUG:colcon.colcon_core.event_reactor:joined thread
[18.875s] INFO:colcon.colcon_core.shell:Creating prefix script '/home/HabitatROS/install/local_setup.ps1'
[18.878s] INFO:colcon.colcon_core.shell:Creating prefix util module '/home/HabitatROS/install/_local_setup_util_ps1.py'
[18.883s] INFO:colcon.colcon_core.shell:Creating prefix chain script '/home/HabitatROS/install/setup.ps1'
[18.887s] INFO:colcon.colcon_core.shell:Creating prefix script '/home/HabitatROS/install/local_setup.sh'
[18.889s] INFO:colcon.colcon_core.shell:Creating prefix util module '/home/HabitatROS/install/_local_setup_util_sh.py'
[18.892s] INFO:colcon.colcon_core.shell:Creating prefix chain script '/home/HabitatROS/install/setup.sh'
[18.895s] INFO:colcon.colcon_core.shell:Creating prefix script '/home/HabitatROS/install/local_setup.bash'
[18.897s] INFO:colcon.colcon_core.shell:Creating prefix chain script '/home/HabitatROS/install/setup.bash'
[18.901s] INFO:colcon.colcon_core.shell:Creating prefix script '/home/HabitatROS/install/local_setup.zsh'
[18.902s] INFO:colcon.colcon_core.shell:Creating prefix chain script '/home/HabitatROS/install/setup.zsh'
