[0.040s] Invoking command in '/home/HabitatROS/build/habitat_msgs': CMAKE_PREFIX_PATH=/opt/ros/humble:${CMAKE_PREFIX_PATH} /usr/bin/cmake /home/HabitatROS/src/habitat_msgs -DCMAKE_INSTALL_PREFIX=/home/HabitatROS/install/habitat_msgs
[0.077s] -- Found ament_cmake: 1.3.14 (/opt/ros/humble/share/ament_cmake/cmake)
[0.496s] -- Found rosidl_default_generators: 1.2.1 (/opt/ros/humble/share/rosidl_default_generators/cmake)
[0.503s] -- Using all available rosidl_typesupport_c: rosidl_typesupport_fastrtps_c;rosidl_typesupport_introspection_c
[0.512s] -- Found rosidl_adapter: 3.1.8 (/opt/ros/humble/share/rosidl_adapter/cmake)
[0.592s] -- Using all available rosidl_typesupport_cpp: rosidl_typesupport_fastrtps_cpp;rosidl_typesupport_introspection_cpp
[1.458s] -- Found ament_cmake_ros: 0.10.0 (/opt/ros/humble/share/ament_cmake_ros/cmake)
[1.979s] -- Using all available rosidl_typesupport_c: rosidl_typesupport_fastrtps_c;rosidl_typesupport_introspection_c
[2.668s] -- Using all available rosidl_typesupport_cpp: rosidl_typesupport_fastrtps_cpp;rosidl_typesupport_introspection_cpp
[2.723s] -- Found python_cmake_module: 0.10.0 (/opt/ros/humble/share/python_cmake_module/cmake)
[2.778s] -- Using PYTHON_EXECUTABLE: /usr/bin/python3
[2.779s] -- Using PYTHON_INCLUDE_DIRS: /usr/include/python3.10
[2.779s] -- Using PYTHON_LIBRARIES: /usr/lib/aarch64-linux-gnu/libpython3.10.so
[3.000s] -- Configuring done
[3.114s] -- Generating done
[3.157s] -- Build files have been written to: /home/HabitatROS/build/habitat_msgs
[3.179s] Invoked command in '/home/HabitatROS/build/habitat_msgs' returned '0': CMAKE_PREFIX_PATH=/opt/ros/humble:${CMAKE_PREFIX_PATH} /usr/bin/cmake /home/HabitatROS/src/habitat_msgs -DCMAKE_INSTALL_PREFIX=/home/HabitatROS/install/habitat_msgs
[3.185s] Invoking command in '/home/HabitatROS/build/habitat_msgs': CMAKE_PREFIX_PATH=/opt/ros/humble:${CMAKE_PREFIX_PATH} /usr/bin/cmake --build /home/HabitatROS/build/habitat_msgs -- -j4 -l4
[3.318s] [35m[1mConsolidate compiler generated dependencies of target habitat_msgs__rosidl_generator_c[0m
[3.350s] [  6%] Built target habitat_msgs__cpp
[3.352s] [  6%] Built target habitat_msgs__rs
[3.369s] [ 15%] Built target habitat_msgs__rosidl_generator_c
[3.388s] [35m[1mConsolidate compiler generated dependencies of target habitat_msgs__rosidl_typesupport_introspection_cpp[0m
[3.389s] [35m[1mConsolidate compiler generated dependencies of target habitat_msgs__rosidl_typesupport_cpp[0m
[3.405s] [ 15%] Built target ament_cmake_python_copy_habitat_msgs
[3.431s] [35m[1mConsolidate compiler generated dependencies of target habitat_msgs__rosidl_typesupport_fastrtps_cpp[0m
[3.438s] [ 25%] Built target habitat_msgs__rosidl_typesupport_cpp
[3.441s] [ 34%] Built target habitat_msgs__rosidl_typesupport_introspection_cpp
[3.449s] [35m[1mConsolidate compiler generated dependencies of target habitat_msgs__rosidl_typesupport_fastrtps_c[0m
[3.483s] [35m[1mConsolidate compiler generated dependencies of target habitat_msgs__rosidl_typesupport_c[0m
[3.490s] [ 43%] Built target habitat_msgs__rosidl_typesupport_fastrtps_cpp
[3.507s] [ 53%] Built target habitat_msgs__rosidl_typesupport_fastrtps_c
[3.532s] [ 62%] Built target habitat_msgs__rosidl_typesupport_c
[3.533s] [35m[1mConsolidate compiler generated dependencies of target habitat_msgs__rosidl_typesupport_introspection_c[0m
[3.574s] [ 71%] Built target habitat_msgs__rosidl_typesupport_introspection_c
[3.645s] [ 71%] Built target habitat_msgs
[3.719s] [ 75%] Built target habitat_msgs__py
[3.760s] [35m[1mConsolidate compiler generated dependencies of target habitat_msgs__rosidl_generator_py[0m
[3.809s] [ 81%] Built target habitat_msgs__rosidl_generator_py
[3.849s] [35m[1mConsolidate compiler generated dependencies of target habitat_msgs__rosidl_typesupport_fastrtps_c__pyext[0m
[3.851s] [35m[1mConsolidate compiler generated dependencies of target habitat_msgs__rosidl_typesupport_c__pyext[0m
[3.852s] [35m[1mConsolidate compiler generated dependencies of target habitat_msgs__rosidl_typesupport_introspection_c__pyext[0m
[3.904s] [ 87%] Built target habitat_msgs__rosidl_typesupport_fastrtps_c__pyext
[3.911s] [ 93%] Built target habitat_msgs__rosidl_typesupport_c__pyext
[3.916s] [100%] Built target habitat_msgs__rosidl_typesupport_introspection_c__pyext
[4.196s] running egg_info
[4.198s] writing habitat_msgs.egg-info/PKG-INFO
[4.199s] writing dependency_links to habitat_msgs.egg-info/dependency_links.txt
[4.200s] writing top-level names to habitat_msgs.egg-info/top_level.txt
[4.207s] reading manifest file 'habitat_msgs.egg-info/SOURCES.txt'
[4.209s] writing manifest file 'habitat_msgs.egg-info/SOURCES.txt'
[4.323s] [100%] Built target ament_cmake_python_build_habitat_msgs_egg
[4.358s] Invoked command in '/home/HabitatROS/build/habitat_msgs' returned '0': CMAKE_PREFIX_PATH=/opt/ros/humble:${CMAKE_PREFIX_PATH} /usr/bin/cmake --build /home/HabitatROS/build/habitat_msgs -- -j4 -l4
[4.388s] Invoking command in '/home/HabitatROS/build/habitat_msgs': CMAKE_PREFIX_PATH=/opt/ros/humble:${CMAKE_PREFIX_PATH} /usr/bin/cmake --install /home/HabitatROS/build/habitat_msgs
[4.414s] -- Install configuration: ""
[4.414s] -- Up-to-date: /home/HabitatROS/install/habitat_msgs/share/ament_index/resource_index/rosidl_interfaces/habitat_msgs
[4.415s] -- Up-to-date: /home/HabitatROS/install/habitat_msgs/include/habitat_msgs/habitat_msgs
[4.415s] -- Up-to-date: /home/HabitatROS/install/habitat_msgs/include/habitat_msgs/habitat_msgs/msg
[4.415s] -- Up-to-date: /home/HabitatROS/install/habitat_msgs/include/habitat_msgs/habitat_msgs/msg/detail
[4.416s] -- Up-to-date: /home/HabitatROS/install/habitat_msgs/include/habitat_msgs/habitat_msgs/msg/detail/habitat_sensor__functions.h
[4.416s] -- Up-to-date: /home/HabitatROS/install/habitat_msgs/include/habitat_msgs/habitat_msgs/msg/detail/habitat_sensor__functions.c
[4.417s] -- Up-to-date: /home/HabitatROS/install/habitat_msgs/include/habitat_msgs/habitat_msgs/msg/detail/habitat_sensor__struct.h
[4.417s] -- Up-to-date: /home/HabitatROS/install/habitat_msgs/include/habitat_msgs/habitat_msgs/msg/detail/habitat_sensor__type_support.h
[4.418s] -- Up-to-date: /home/HabitatROS/install/habitat_msgs/include/habitat_msgs/habitat_msgs/msg/rosidl_generator_c__visibility_control.h
[4.418s] -- Up-to-date: /home/HabitatROS/install/habitat_msgs/include/habitat_msgs/habitat_msgs/msg/habitat_sensor.h
[4.418s] -- Up-to-date: /home/HabitatROS/install/habitat_msgs/share/habitat_msgs/environment/library_path.sh
[4.419s] -- Installing: /home/HabitatROS/install/habitat_msgs/share/habitat_msgs/environment/library_path.dsv
[4.419s] -- Up-to-date: /home/HabitatROS/install/habitat_msgs/lib/libhabitat_msgs__rosidl_generator_c.so
[4.419s] -- Up-to-date: /home/HabitatROS/install/habitat_msgs/include/habitat_msgs/habitat_msgs
[4.420s] -- Up-to-date: /home/HabitatROS/install/habitat_msgs/include/habitat_msgs/habitat_msgs/msg
[4.420s] -- Up-to-date: /home/HabitatROS/install/habitat_msgs/include/habitat_msgs/habitat_msgs/msg/detail
[4.421s] -- Up-to-date: /home/HabitatROS/install/habitat_msgs/include/habitat_msgs/habitat_msgs/msg/detail/habitat_sensor__rosidl_typesupport_fastrtps_c.h
[4.421s] -- Up-to-date: /home/HabitatROS/install/habitat_msgs/include/habitat_msgs/habitat_msgs/msg/rosidl_typesupport_fastrtps_c__visibility_control.h
[4.421s] -- Up-to-date: /home/HabitatROS/install/habitat_msgs/lib/libhabitat_msgs__rosidl_typesupport_fastrtps_c.so
[4.422s] -- Up-to-date: /home/HabitatROS/install/habitat_msgs/include/habitat_msgs/habitat_msgs
[4.422s] -- Up-to-date: /home/HabitatROS/install/habitat_msgs/include/habitat_msgs/habitat_msgs/msg
[4.422s] -- Up-to-date: /home/HabitatROS/install/habitat_msgs/include/habitat_msgs/habitat_msgs/msg/rosidl_typesupport_introspection_c__visibility_control.h
[4.423s] -- Up-to-date: /home/HabitatROS/install/habitat_msgs/include/habitat_msgs/habitat_msgs/msg/detail
[4.425s] -- Up-to-date: /home/HabitatROS/install/habitat_msgs/include/habitat_msgs/habitat_msgs/msg/detail/habitat_sensor__rosidl_typesupport_introspection_c.h
[4.426s] -- Up-to-date: /home/HabitatROS/install/habitat_msgs/include/habitat_msgs/habitat_msgs/msg/detail/habitat_sensor__type_support.c
[4.427s] -- Up-to-date: /home/HabitatROS/install/habitat_msgs/lib/libhabitat_msgs__rosidl_typesupport_introspection_c.so
[4.427s] -- Up-to-date: /home/HabitatROS/install/habitat_msgs/lib/libhabitat_msgs__rosidl_typesupport_c.so
[4.427s] -- Up-to-date: /home/HabitatROS/install/habitat_msgs/include/habitat_msgs/habitat_msgs
[4.428s] -- Up-to-date: /home/HabitatROS/install/habitat_msgs/include/habitat_msgs/habitat_msgs/msg
[4.428s] -- Up-to-date: /home/HabitatROS/install/habitat_msgs/include/habitat_msgs/habitat_msgs/msg/habitat_sensor.hpp
[4.428s] -- Up-to-date: /home/HabitatROS/install/habitat_msgs/include/habitat_msgs/habitat_msgs/msg/detail
[4.429s] -- Up-to-date: /home/HabitatROS/install/habitat_msgs/include/habitat_msgs/habitat_msgs/msg/detail/habitat_sensor__builder.hpp
[4.429s] -- Up-to-date: /home/HabitatROS/install/habitat_msgs/include/habitat_msgs/habitat_msgs/msg/detail/habitat_sensor__type_support.hpp
[4.429s] -- Up-to-date: /home/HabitatROS/install/habitat_msgs/include/habitat_msgs/habitat_msgs/msg/detail/habitat_sensor__traits.hpp
[4.430s] -- Up-to-date: /home/HabitatROS/install/habitat_msgs/include/habitat_msgs/habitat_msgs/msg/detail/habitat_sensor__struct.hpp
[4.430s] -- Up-to-date: /home/HabitatROS/install/habitat_msgs/include/habitat_msgs/habitat_msgs/msg/rosidl_generator_cpp__visibility_control.hpp
[4.430s] -- Up-to-date: /home/HabitatROS/install/habitat_msgs/include/habitat_msgs/habitat_msgs
[4.431s] -- Up-to-date: /home/HabitatROS/install/habitat_msgs/include/habitat_msgs/habitat_msgs/msg
[4.431s] -- Up-to-date: /home/HabitatROS/install/habitat_msgs/include/habitat_msgs/habitat_msgs/msg/rosidl_typesupport_fastrtps_cpp__visibility_control.h
[4.432s] -- Up-to-date: /home/HabitatROS/install/habitat_msgs/include/habitat_msgs/habitat_msgs/msg/detail
[4.432s] -- Up-to-date: /home/HabitatROS/install/habitat_msgs/include/habitat_msgs/habitat_msgs/msg/detail/habitat_sensor__rosidl_typesupport_fastrtps_cpp.hpp
[4.432s] -- Up-to-date: /home/HabitatROS/install/habitat_msgs/include/habitat_msgs/habitat_msgs/msg/detail/dds_fastrtps
[4.433s] -- Up-to-date: /home/HabitatROS/install/habitat_msgs/lib/libhabitat_msgs__rosidl_typesupport_fastrtps_cpp.so
[4.450s] -- Up-to-date: /home/HabitatROS/install/habitat_msgs/include/habitat_msgs/habitat_msgs
[4.450s] -- Up-to-date: /home/HabitatROS/install/habitat_msgs/include/habitat_msgs/habitat_msgs/msg
[4.451s] -- Up-to-date: /home/HabitatROS/install/habitat_msgs/include/habitat_msgs/habitat_msgs/msg/detail
[4.451s] -- Up-to-date: /home/HabitatROS/install/habitat_msgs/include/habitat_msgs/habitat_msgs/msg/detail/habitat_sensor__type_support.cpp
[4.452s] -- Up-to-date: /home/HabitatROS/install/habitat_msgs/include/habitat_msgs/habitat_msgs/msg/detail/habitat_sensor__rosidl_typesupport_introspection_cpp.hpp
[4.452s] -- Up-to-date: /home/HabitatROS/install/habitat_msgs/lib/libhabitat_msgs__rosidl_typesupport_introspection_cpp.so
[4.453s] -- Up-to-date: /home/HabitatROS/install/habitat_msgs/lib/libhabitat_msgs__rosidl_typesupport_cpp.so
[4.453s] -- Up-to-date: /home/HabitatROS/install/habitat_msgs/share/habitat_msgs/environment/pythonpath.sh
[4.453s] -- Installing: /home/HabitatROS/install/habitat_msgs/share/habitat_msgs/environment/pythonpath.dsv
[4.454s] -- Up-to-date: /home/HabitatROS/install/habitat_msgs/local/lib/python3.10/dist-packages/habitat_msgs-0.0.0-py3.10.egg-info
[4.454s] -- Installing: /home/HabitatROS/install/habitat_msgs/local/lib/python3.10/dist-packages/habitat_msgs-0.0.0-py3.10.egg-info/dependency_links.txt
[4.454s] -- Installing: /home/HabitatROS/install/habitat_msgs/local/lib/python3.10/dist-packages/habitat_msgs-0.0.0-py3.10.egg-info/PKG-INFO
[4.455s] -- Installing: /home/HabitatROS/install/habitat_msgs/local/lib/python3.10/dist-packages/habitat_msgs-0.0.0-py3.10.egg-info/top_level.txt
[4.455s] -- Installing: /home/HabitatROS/install/habitat_msgs/local/lib/python3.10/dist-packages/habitat_msgs-0.0.0-py3.10.egg-info/SOURCES.txt
[4.455s] -- Up-to-date: /home/HabitatROS/install/habitat_msgs/local/lib/python3.10/dist-packages/habitat_msgs
[4.455s] -- Up-to-date: /home/HabitatROS/install/habitat_msgs/local/lib/python3.10/dist-packages/habitat_msgs/_habitat_msgs_s.ep.rosidl_typesupport_fastrtps_c.c
[4.456s] -- Up-to-date: /home/HabitatROS/install/habitat_msgs/local/lib/python3.10/dist-packages/habitat_msgs/msg
[4.456s] -- Up-to-date: /home/HabitatROS/install/habitat_msgs/local/lib/python3.10/dist-packages/habitat_msgs/msg/_habitat_sensor.py
[4.456s] -- Up-to-date: /home/HabitatROS/install/habitat_msgs/local/lib/python3.10/dist-packages/habitat_msgs/msg/__init__.py
[4.457s] -- Up-to-date: /home/HabitatROS/install/habitat_msgs/local/lib/python3.10/dist-packages/habitat_msgs/msg/_habitat_sensor_s.c
[4.457s] -- Up-to-date: /home/HabitatROS/install/habitat_msgs/local/lib/python3.10/dist-packages/habitat_msgs/habitat_msgs_s__rosidl_typesupport_introspection_c.cpython-310-aarch64-linux-gnu.so
[4.458s] -- Up-to-date: /home/HabitatROS/install/habitat_msgs/local/lib/python3.10/dist-packages/habitat_msgs/_habitat_msgs_s.ep.rosidl_typesupport_introspection_c.c
[4.458s] -- Up-to-date: /home/HabitatROS/install/habitat_msgs/local/lib/python3.10/dist-packages/habitat_msgs/_habitat_msgs_s.ep.rosidl_typesupport_c.c
[4.458s] -- Up-to-date: /home/HabitatROS/install/habitat_msgs/local/lib/python3.10/dist-packages/habitat_msgs/habitat_msgs_s__rosidl_typesupport_c.cpython-310-aarch64-linux-gnu.so
[4.459s] -- Up-to-date: /home/HabitatROS/install/habitat_msgs/local/lib/python3.10/dist-packages/habitat_msgs/libhabitat_msgs__rosidl_generator_py.so
[4.459s] -- Up-to-date: /home/HabitatROS/install/habitat_msgs/local/lib/python3.10/dist-packages/habitat_msgs/habitat_msgs_s__rosidl_typesupport_fastrtps_c.cpython-310-aarch64-linux-gnu.so
[4.459s] -- Installing: /home/HabitatROS/install/habitat_msgs/local/lib/python3.10/dist-packages/habitat_msgs/__init__.py
[4.568s] Listing '/home/HabitatROS/install/habitat_msgs/local/lib/python3.10/dist-packages/habitat_msgs'...
[4.569s] Compiling '/home/HabitatROS/install/habitat_msgs/local/lib/python3.10/dist-packages/habitat_msgs/__init__.py'...
[4.570s] Listing '/home/HabitatROS/install/habitat_msgs/local/lib/python3.10/dist-packages/habitat_msgs/msg'...
[4.593s] -- Up-to-date: /home/HabitatROS/install/habitat_msgs/local/lib/python3.10/dist-packages/habitat_msgs/habitat_msgs_s__rosidl_typesupport_fastrtps_c.cpython-310-aarch64-linux-gnu.so
[4.594s] -- Up-to-date: /home/HabitatROS/install/habitat_msgs/local/lib/python3.10/dist-packages/habitat_msgs/habitat_msgs_s__rosidl_typesupport_introspection_c.cpython-310-aarch64-linux-gnu.so
[4.595s] -- Up-to-date: /home/HabitatROS/install/habitat_msgs/local/lib/python3.10/dist-packages/habitat_msgs/habitat_msgs_s__rosidl_typesupport_c.cpython-310-aarch64-linux-gnu.so
[4.596s] -- Up-to-date: /home/HabitatROS/install/habitat_msgs/lib/libhabitat_msgs__rosidl_generator_py.so
[4.597s] -- Up-to-date: /home/HabitatROS/install/habitat_msgs/share/ament_index/resource_index/rust_packages/habitat_msgs
[4.598s] -- Up-to-date: /home/HabitatROS/install/habitat_msgs/share/habitat_msgs/rust
[4.598s] -- Up-to-date: /home/HabitatROS/install/habitat_msgs/share/habitat_msgs/rust/build.rs
[4.599s] -- Up-to-date: /home/HabitatROS/install/habitat_msgs/share/habitat_msgs/rust/Cargo.toml
[4.599s] -- Up-to-date: /home/HabitatROS/install/habitat_msgs/share/habitat_msgs/rust/src
[4.599s] -- Up-to-date: /home/HabitatROS/install/habitat_msgs/share/habitat_msgs/rust/src/msg
[4.600s] -- Up-to-date: /home/HabitatROS/install/habitat_msgs/share/habitat_msgs/rust/src/msg/rmw.rs
[4.600s] -- Up-to-date: /home/HabitatROS/install/habitat_msgs/share/habitat_msgs/rust/src/msg.rs
[4.601s] -- Up-to-date: /home/HabitatROS/install/habitat_msgs/share/habitat_msgs/rust/src/lib.rs
[4.601s] -- Up-to-date: /home/HabitatROS/install/habitat_msgs/share/habitat_msgs/msg/HabitatSensor.idl
[4.601s] -- Up-to-date: /home/HabitatROS/install/habitat_msgs/share/habitat_msgs/msg/HabitatSensor.msg
[4.602s] -- Up-to-date: /home/HabitatROS/install/habitat_msgs/share/ament_index/resource_index/package_run_dependencies/habitat_msgs
[4.602s] -- Up-to-date: /home/HabitatROS/install/habitat_msgs/share/ament_index/resource_index/parent_prefix_path/habitat_msgs
[4.603s] -- Up-to-date: /home/HabitatROS/install/habitat_msgs/share/habitat_msgs/environment/ament_prefix_path.sh
[4.603s] -- Installing: /home/HabitatROS/install/habitat_msgs/share/habitat_msgs/environment/ament_prefix_path.dsv
[4.604s] -- Up-to-date: /home/HabitatROS/install/habitat_msgs/share/habitat_msgs/environment/path.sh
[4.604s] -- Installing: /home/HabitatROS/install/habitat_msgs/share/habitat_msgs/environment/path.dsv
[4.605s] -- Up-to-date: /home/HabitatROS/install/habitat_msgs/share/habitat_msgs/local_setup.bash
[4.605s] -- Up-to-date: /home/HabitatROS/install/habitat_msgs/share/habitat_msgs/local_setup.sh
[4.606s] -- Up-to-date: /home/HabitatROS/install/habitat_msgs/share/habitat_msgs/local_setup.zsh
[4.606s] -- Installing: /home/HabitatROS/install/habitat_msgs/share/habitat_msgs/local_setup.dsv
[4.607s] -- Installing: /home/HabitatROS/install/habitat_msgs/share/habitat_msgs/package.dsv
[4.607s] -- Up-to-date: /home/HabitatROS/install/habitat_msgs/share/ament_index/resource_index/packages/habitat_msgs
[4.608s] -- Up-to-date: /home/HabitatROS/install/habitat_msgs/share/habitat_msgs/cmake/export_habitat_msgs__rosidl_generator_cExport.cmake
[4.608s] -- Up-to-date: /home/HabitatROS/install/habitat_msgs/share/habitat_msgs/cmake/export_habitat_msgs__rosidl_generator_cExport-noconfig.cmake
[4.609s] -- Up-to-date: /home/HabitatROS/install/habitat_msgs/share/habitat_msgs/cmake/export_habitat_msgs__rosidl_typesupport_fastrtps_cExport.cmake
[4.609s] -- Up-to-date: /home/HabitatROS/install/habitat_msgs/share/habitat_msgs/cmake/export_habitat_msgs__rosidl_typesupport_fastrtps_cExport-noconfig.cmake
[4.610s] -- Up-to-date: /home/HabitatROS/install/habitat_msgs/share/habitat_msgs/cmake/habitat_msgs__rosidl_typesupport_introspection_cExport.cmake
[4.610s] -- Up-to-date: /home/HabitatROS/install/habitat_msgs/share/habitat_msgs/cmake/habitat_msgs__rosidl_typesupport_introspection_cExport-noconfig.cmake
[4.610s] -- Up-to-date: /home/HabitatROS/install/habitat_msgs/share/habitat_msgs/cmake/habitat_msgs__rosidl_typesupport_cExport.cmake
[4.611s] -- Up-to-date: /home/HabitatROS/install/habitat_msgs/share/habitat_msgs/cmake/habitat_msgs__rosidl_typesupport_cExport-noconfig.cmake
[4.611s] -- Up-to-date: /home/HabitatROS/install/habitat_msgs/share/habitat_msgs/cmake/export_habitat_msgs__rosidl_generator_cppExport.cmake
[4.611s] -- Up-to-date: /home/HabitatROS/install/habitat_msgs/share/habitat_msgs/cmake/export_habitat_msgs__rosidl_typesupport_fastrtps_cppExport.cmake
[4.612s] -- Up-to-date: /home/HabitatROS/install/habitat_msgs/share/habitat_msgs/cmake/export_habitat_msgs__rosidl_typesupport_fastrtps_cppExport-noconfig.cmake
[4.612s] -- Up-to-date: /home/HabitatROS/install/habitat_msgs/share/habitat_msgs/cmake/habitat_msgs__rosidl_typesupport_introspection_cppExport.cmake
[4.612s] -- Up-to-date: /home/HabitatROS/install/habitat_msgs/share/habitat_msgs/cmake/habitat_msgs__rosidl_typesupport_introspection_cppExport-noconfig.cmake
[4.613s] -- Up-to-date: /home/HabitatROS/install/habitat_msgs/share/habitat_msgs/cmake/habitat_msgs__rosidl_typesupport_cppExport.cmake
[4.613s] -- Up-to-date: /home/HabitatROS/install/habitat_msgs/share/habitat_msgs/cmake/habitat_msgs__rosidl_typesupport_cppExport-noconfig.cmake
[4.613s] -- Up-to-date: /home/HabitatROS/install/habitat_msgs/share/habitat_msgs/cmake/export_habitat_msgs__rosidl_generator_pyExport.cmake
[4.614s] -- Up-to-date: /home/HabitatROS/install/habitat_msgs/share/habitat_msgs/cmake/export_habitat_msgs__rosidl_generator_pyExport-noconfig.cmake
[4.614s] -- Up-to-date: /home/HabitatROS/install/habitat_msgs/share/habitat_msgs/cmake/rosidl_cmake-extras.cmake
[4.615s] -- Up-to-date: /home/HabitatROS/install/habitat_msgs/share/habitat_msgs/cmake/ament_cmake_export_include_directories-extras.cmake
[4.616s] -- Up-to-date: /home/HabitatROS/install/habitat_msgs/share/habitat_msgs/cmake/ament_cmake_export_libraries-extras.cmake
[4.618s] -- Up-to-date: /home/HabitatROS/install/habitat_msgs/share/habitat_msgs/cmake/ament_cmake_export_targets-extras.cmake
[4.618s] -- Up-to-date: /home/HabitatROS/install/habitat_msgs/share/habitat_msgs/cmake/rosidl_cmake_export_typesupport_targets-extras.cmake
[4.620s] -- Up-to-date: /home/HabitatROS/install/habitat_msgs/share/habitat_msgs/cmake/ament_cmake_export_dependencies-extras.cmake
[4.621s] -- Up-to-date: /home/HabitatROS/install/habitat_msgs/share/habitat_msgs/cmake/rosidl_cmake_export_typesupport_libraries-extras.cmake
[4.621s] -- Up-to-date: /home/HabitatROS/install/habitat_msgs/share/habitat_msgs/cmake/habitat_msgsConfig.cmake
[4.622s] -- Up-to-date: /home/HabitatROS/install/habitat_msgs/share/habitat_msgs/cmake/habitat_msgsConfig-version.cmake
[4.623s] -- Installing: /home/HabitatROS/install/habitat_msgs/share/habitat_msgs/package.xml
[4.624s] Invoked command in '/home/HabitatROS/build/habitat_msgs' returned '0': CMAKE_PREFIX_PATH=/opt/ros/humble:${CMAKE_PREFIX_PATH} /usr/bin/cmake --install /home/HabitatROS/build/habitat_msgs
