[0.040s] Invoking command in '/home/HabitatROS/build/habitat_msgs': CMAKE_PREFIX_PATH=${CMAKE_PREFIX_PATH}:/home/HabitatROS/install/habitat_driver:/opt/ros/humble /usr/bin/cmake --build /home/HabitatROS/build/habitat_msgs -- -j4 -l4
[0.216s] [  9%] Built target habitat_msgs__rosidl_generator_c
[0.218s] [ 12%] Built target habitat_msgs__cpp
[0.221s] [ 15%] Built target habitat_msgs__rs
[0.258s] [ 15%] Built target ament_cmake_python_symlink_habitat_msgs
[0.301s] [ 25%] Built target habitat_msgs__rosidl_typesupport_fastrtps_c
[0.304s] [ 34%] Built target habitat_msgs__rosidl_typesupport_introspection_c
[0.308s] [ 43%] Built target habitat_msgs__rosidl_typesupport_c
[0.347s] [ 53%] Built target habitat_msgs__rosidl_typesupport_cpp
[0.387s] [ 62%] Built target habitat_msgs__rosidl_typesupport_fastrtps_cpp
[0.395s] [ 71%] Built target habitat_msgs__rosidl_typesupport_introspection_cpp
[0.463s] [ 71%] Built target habitat_msgs
[0.533s] [ 75%] Built target habitat_msgs__py
[0.615s] [ 81%] Built target habitat_msgs__rosidl_generator_py
[0.700s] [ 90%] Built target habitat_msgs__rosidl_typesupport_c__pyext
[0.702s] [ 93%] Built target habitat_msgs__rosidl_typesupport_fastrtps_c__pyext
[0.711s] [100%] Built target habitat_msgs__rosidl_typesupport_introspection_c__pyext
[1.075s] running egg_info
[1.077s] writing habitat_msgs.egg-info/PKG-INFO
[1.078s] writing dependency_links to habitat_msgs.egg-info/dependency_links.txt
[1.079s] writing top-level names to habitat_msgs.egg-info/top_level.txt
[1.087s] reading manifest file 'habitat_msgs.egg-info/SOURCES.txt'
[1.089s] writing manifest file 'habitat_msgs.egg-info/SOURCES.txt'
[1.206s] [100%] Built target ament_cmake_python_build_habitat_msgs_egg
[1.244s] Invoked command in '/home/HabitatROS/build/habitat_msgs' returned '0': CMAKE_PREFIX_PATH=${CMAKE_PREFIX_PATH}:/home/HabitatROS/install/habitat_driver:/opt/ros/humble /usr/bin/cmake --build /home/HabitatROS/build/habitat_msgs -- -j4 -l4
[1.275s] Invoking command in '/home/HabitatROS/build/habitat_msgs': CMAKE_PREFIX_PATH=${CMAKE_PREFIX_PATH}:/home/HabitatROS/install/habitat_driver:/opt/ros/humble /usr/bin/cmake --install /home/HabitatROS/build/habitat_msgs
[1.301s] -- Install configuration: ""
[1.303s] -- Execute custom install script
[1.304s] -- Up-to-date symlink: /home/HabitatROS/install/habitat_msgs/share/ament_index/resource_index/rosidl_interfaces/habitat_msgs
[1.306s] -- Up-to-date symlink: /home/HabitatROS/install/habitat_msgs/include/habitat_msgs/habitat_msgs/msg/detail/habitat_sensor__functions.h
[1.307s] -- Up-to-date symlink: /home/HabitatROS/install/habitat_msgs/include/habitat_msgs/habitat_msgs/msg/detail/habitat_sensor__struct.h
[1.307s] -- Up-to-date symlink: /home/HabitatROS/install/habitat_msgs/include/habitat_msgs/habitat_msgs/msg/detail/habitat_sensor__type_support.h
[1.308s] -- Up-to-date symlink: /home/HabitatROS/install/habitat_msgs/include/habitat_msgs/habitat_msgs/msg/habitat_sensor.h
[1.308s] -- Up-to-date symlink: /home/HabitatROS/install/habitat_msgs/include/habitat_msgs/habitat_msgs/msg/rosidl_generator_c__visibility_control.h
[1.309s] -- Up-to-date symlink: /home/HabitatROS/install/habitat_msgs/share/habitat_msgs/environment/library_path.sh
[1.310s] -- Up-to-date symlink: /home/HabitatROS/install/habitat_msgs/share/habitat_msgs/environment/library_path.dsv
[1.311s] -- Up-to-date symlink: /home/HabitatROS/install/habitat_msgs/include/habitat_msgs/habitat_msgs/msg/detail/habitat_sensor__rosidl_typesupport_fastrtps_c.h
[1.312s] -- Up-to-date symlink: /home/HabitatROS/install/habitat_msgs/include/habitat_msgs/habitat_msgs/msg/rosidl_typesupport_fastrtps_c__visibility_control.h
[1.313s] -- Up-to-date symlink: /home/HabitatROS/install/habitat_msgs/include/habitat_msgs/habitat_msgs/msg/detail/habitat_sensor__rosidl_typesupport_introspection_c.h
[1.313s] -- Up-to-date symlink: /home/HabitatROS/install/habitat_msgs/include/habitat_msgs/habitat_msgs/msg/rosidl_typesupport_introspection_c__visibility_control.h
[1.315s] -- Up-to-date symlink: /home/HabitatROS/install/habitat_msgs/include/habitat_msgs/habitat_msgs/msg/detail/habitat_sensor__builder.hpp
[1.315s] -- Up-to-date symlink: /home/HabitatROS/install/habitat_msgs/include/habitat_msgs/habitat_msgs/msg/detail/habitat_sensor__struct.hpp
[1.315s] -- Up-to-date symlink: /home/HabitatROS/install/habitat_msgs/include/habitat_msgs/habitat_msgs/msg/detail/habitat_sensor__traits.hpp
[1.316s] -- Up-to-date symlink: /home/HabitatROS/install/habitat_msgs/include/habitat_msgs/habitat_msgs/msg/detail/habitat_sensor__type_support.hpp
[1.316s] -- Up-to-date symlink: /home/HabitatROS/install/habitat_msgs/include/habitat_msgs/habitat_msgs/msg/habitat_sensor.hpp
[1.317s] -- Up-to-date symlink: /home/HabitatROS/install/habitat_msgs/include/habitat_msgs/habitat_msgs/msg/rosidl_generator_cpp__visibility_control.hpp
[1.319s] -- Up-to-date symlink: /home/HabitatROS/install/habitat_msgs/include/habitat_msgs/habitat_msgs/msg/detail/habitat_sensor__rosidl_typesupport_fastrtps_cpp.hpp
[1.319s] -- Up-to-date symlink: /home/HabitatROS/install/habitat_msgs/include/habitat_msgs/habitat_msgs/msg/rosidl_typesupport_fastrtps_cpp__visibility_control.h
[1.320s] -- Up-to-date symlink: /home/HabitatROS/install/habitat_msgs/include/habitat_msgs/habitat_msgs/msg/detail/habitat_sensor__rosidl_typesupport_introspection_cpp.hpp
[1.321s] -- Up-to-date symlink: /home/HabitatROS/install/habitat_msgs/share/habitat_msgs/environment/pythonpath.sh
[1.321s] -- Up-to-date symlink: /home/HabitatROS/install/habitat_msgs/share/habitat_msgs/environment/pythonpath.dsv
[1.322s] -- Up-to-date symlink: /home/HabitatROS/install/habitat_msgs/local/lib/python3.10/dist-packages/habitat_msgs-0.0.0-py3.10.egg-info/PKG-INFO
[1.323s] -- Up-to-date symlink: /home/HabitatROS/install/habitat_msgs/local/lib/python3.10/dist-packages/habitat_msgs-0.0.0-py3.10.egg-info/SOURCES.txt
[1.323s] -- Up-to-date symlink: /home/HabitatROS/install/habitat_msgs/local/lib/python3.10/dist-packages/habitat_msgs-0.0.0-py3.10.egg-info/dependency_links.txt
[1.324s] -- Up-to-date symlink: /home/HabitatROS/install/habitat_msgs/local/lib/python3.10/dist-packages/habitat_msgs-0.0.0-py3.10.egg-info/top_level.txt
[1.326s] -- Up-to-date symlink: /home/HabitatROS/install/habitat_msgs/local/lib/python3.10/dist-packages/habitat_msgs/__init__.py
[1.326s] -- Up-to-date symlink: /home/HabitatROS/install/habitat_msgs/local/lib/python3.10/dist-packages/habitat_msgs/_habitat_msgs_s.ep.rosidl_typesupport_c.c
[1.327s] -- Up-to-date symlink: /home/HabitatROS/install/habitat_msgs/local/lib/python3.10/dist-packages/habitat_msgs/_habitat_msgs_s.ep.rosidl_typesupport_fastrtps_c.c
[1.327s] -- Up-to-date symlink: /home/HabitatROS/install/habitat_msgs/local/lib/python3.10/dist-packages/habitat_msgs/_habitat_msgs_s.ep.rosidl_typesupport_introspection_c.c
[1.327s] -- Up-to-date symlink: /home/HabitatROS/install/habitat_msgs/local/lib/python3.10/dist-packages/habitat_msgs/habitat_msgs_s__rosidl_typesupport_c.cpython-310-aarch64-linux-gnu.so
[1.328s] -- Up-to-date symlink: /home/HabitatROS/install/habitat_msgs/local/lib/python3.10/dist-packages/habitat_msgs/habitat_msgs_s__rosidl_typesupport_fastrtps_c.cpython-310-aarch64-linux-gnu.so
[1.328s] -- Up-to-date symlink: /home/HabitatROS/install/habitat_msgs/local/lib/python3.10/dist-packages/habitat_msgs/habitat_msgs_s__rosidl_typesupport_introspection_c.cpython-310-aarch64-linux-gnu.so
[1.329s] -- Up-to-date symlink: /home/HabitatROS/install/habitat_msgs/local/lib/python3.10/dist-packages/habitat_msgs/libhabitat_msgs__rosidl_generator_py.so
[1.329s] -- Up-to-date symlink: /home/HabitatROS/install/habitat_msgs/local/lib/python3.10/dist-packages/habitat_msgs/msg/__init__.py
[1.330s] -- Up-to-date symlink: /home/HabitatROS/install/habitat_msgs/local/lib/python3.10/dist-packages/habitat_msgs/msg/_habitat_sensor.py
[1.330s] -- Up-to-date symlink: /home/HabitatROS/install/habitat_msgs/local/lib/python3.10/dist-packages/habitat_msgs/msg/_habitat_sensor_s.c
[1.331s] -- Up-to-date symlink: /home/HabitatROS/install/habitat_msgs/local/lib/python3.10/dist-packages/habitat_msgs/habitat_msgs_s__rosidl_typesupport_fastrtps_c.cpython-310-aarch64-linux-gnu.so
[1.332s] -- Up-to-date symlink: /home/HabitatROS/install/habitat_msgs/local/lib/python3.10/dist-packages/habitat_msgs/habitat_msgs_s__rosidl_typesupport_introspection_c.cpython-310-aarch64-linux-gnu.so
[1.333s] -- Up-to-date symlink: /home/HabitatROS/install/habitat_msgs/local/lib/python3.10/dist-packages/habitat_msgs/habitat_msgs_s__rosidl_typesupport_c.cpython-310-aarch64-linux-gnu.so
[1.334s] -- Up-to-date symlink: /home/HabitatROS/install/habitat_msgs/share/ament_index/resource_index/rust_packages/habitat_msgs
[1.335s] -- Up-to-date symlink: /home/HabitatROS/install/habitat_msgs/share/habitat_msgs/rust/Cargo.toml
[1.335s] -- Up-to-date symlink: /home/HabitatROS/install/habitat_msgs/share/habitat_msgs/rust/build.rs
[1.336s] -- Up-to-date symlink: /home/HabitatROS/install/habitat_msgs/share/habitat_msgs/rust/src/lib.rs
[1.336s] -- Up-to-date symlink: /home/HabitatROS/install/habitat_msgs/share/habitat_msgs/rust/src/msg.rs
[1.337s] -- Up-to-date symlink: /home/HabitatROS/install/habitat_msgs/share/habitat_msgs/rust/src/msg/rmw.rs
[1.337s] -- Up-to-date symlink: /home/HabitatROS/install/habitat_msgs/share/habitat_msgs/msg/HabitatSensor.idl
[1.338s] -- Up-to-date symlink: /home/HabitatROS/install/habitat_msgs/share/habitat_msgs/msg/HabitatSensor.msg
[1.338s] -- Up-to-date symlink: /home/HabitatROS/install/habitat_msgs/share/ament_index/resource_index/package_run_dependencies/habitat_msgs
[1.339s] -- Up-to-date symlink: /home/HabitatROS/install/habitat_msgs/share/ament_index/resource_index/parent_prefix_path/habitat_msgs
[1.340s] -- Up-to-date symlink: /home/HabitatROS/install/habitat_msgs/share/habitat_msgs/environment/ament_prefix_path.sh
[1.340s] -- Up-to-date symlink: /home/HabitatROS/install/habitat_msgs/share/habitat_msgs/environment/ament_prefix_path.dsv
[1.341s] -- Up-to-date symlink: /home/HabitatROS/install/habitat_msgs/share/habitat_msgs/environment/path.sh
[1.341s] -- Up-to-date symlink: /home/HabitatROS/install/habitat_msgs/share/habitat_msgs/environment/path.dsv
[1.342s] -- Up-to-date symlink: /home/HabitatROS/install/habitat_msgs/share/habitat_msgs/local_setup.bash
[1.342s] -- Up-to-date symlink: /home/HabitatROS/install/habitat_msgs/share/habitat_msgs/local_setup.sh
[1.343s] -- Up-to-date symlink: /home/HabitatROS/install/habitat_msgs/share/habitat_msgs/local_setup.zsh
[1.344s] -- Up-to-date symlink: /home/HabitatROS/install/habitat_msgs/share/habitat_msgs/local_setup.dsv
[1.344s] -- Symlinking: /home/HabitatROS/install/habitat_msgs/share/habitat_msgs/package.dsv
[1.371s] -- Up-to-date symlink: /home/HabitatROS/install/habitat_msgs/share/ament_index/resource_index/packages/habitat_msgs
[1.372s] -- Up-to-date symlink: /home/HabitatROS/install/habitat_msgs/share/habitat_msgs/cmake/rosidl_cmake-extras.cmake
[1.372s] -- Up-to-date symlink: /home/HabitatROS/install/habitat_msgs/share/habitat_msgs/cmake/ament_cmake_export_dependencies-extras.cmake
[1.373s] -- Up-to-date symlink: /home/HabitatROS/install/habitat_msgs/share/habitat_msgs/cmake/ament_cmake_export_include_directories-extras.cmake
[1.374s] -- Up-to-date symlink: /home/HabitatROS/install/habitat_msgs/share/habitat_msgs/cmake/ament_cmake_export_libraries-extras.cmake
[1.374s] -- Up-to-date symlink: /home/HabitatROS/install/habitat_msgs/share/habitat_msgs/cmake/ament_cmake_export_targets-extras.cmake
[1.375s] -- Up-to-date symlink: /home/HabitatROS/install/habitat_msgs/share/habitat_msgs/cmake/rosidl_cmake_export_typesupport_targets-extras.cmake
[1.375s] -- Up-to-date symlink: /home/HabitatROS/install/habitat_msgs/share/habitat_msgs/cmake/rosidl_cmake_export_typesupport_libraries-extras.cmake
[1.376s] -- Up-to-date symlink: /home/HabitatROS/install/habitat_msgs/share/habitat_msgs/cmake/habitat_msgsConfig.cmake
[1.376s] -- Up-to-date symlink: /home/HabitatROS/install/habitat_msgs/share/habitat_msgs/cmake/habitat_msgsConfig-version.cmake
[1.377s] -- Up-to-date symlink: /home/HabitatROS/install/habitat_msgs/share/habitat_msgs/package.xml
[1.378s] -- Up-to-date: /home/HabitatROS/install/habitat_msgs/lib/libhabitat_msgs__rosidl_generator_c.so
[1.379s] -- Up-to-date: /home/HabitatROS/install/habitat_msgs/lib/libhabitat_msgs__rosidl_typesupport_fastrtps_c.so
[1.380s] -- Up-to-date: /home/HabitatROS/install/habitat_msgs/lib/libhabitat_msgs__rosidl_typesupport_introspection_c.so
[1.381s] -- Up-to-date: /home/HabitatROS/install/habitat_msgs/lib/libhabitat_msgs__rosidl_typesupport_c.so
[1.382s] -- Up-to-date: /home/HabitatROS/install/habitat_msgs/lib/libhabitat_msgs__rosidl_typesupport_fastrtps_cpp.so
[1.384s] -- Up-to-date: /home/HabitatROS/install/habitat_msgs/lib/libhabitat_msgs__rosidl_typesupport_introspection_cpp.so
[1.385s] -- Up-to-date: /home/HabitatROS/install/habitat_msgs/lib/libhabitat_msgs__rosidl_typesupport_cpp.so
[1.497s] Listing '/home/HabitatROS/install/habitat_msgs/local/lib/python3.10/dist-packages/habitat_msgs'...
[1.498s] Listing '/home/HabitatROS/install/habitat_msgs/local/lib/python3.10/dist-packages/habitat_msgs/msg'...
[1.520s] -- Up-to-date: /home/HabitatROS/install/habitat_msgs/lib/libhabitat_msgs__rosidl_generator_py.so
[1.521s] -- Up-to-date: /home/HabitatROS/install/habitat_msgs/share/habitat_msgs/cmake/export_habitat_msgs__rosidl_generator_cExport.cmake
[1.522s] -- Up-to-date: /home/HabitatROS/install/habitat_msgs/share/habitat_msgs/cmake/export_habitat_msgs__rosidl_generator_cExport-noconfig.cmake
[1.522s] -- Up-to-date: /home/HabitatROS/install/habitat_msgs/share/habitat_msgs/cmake/export_habitat_msgs__rosidl_typesupport_fastrtps_cExport.cmake
[1.523s] -- Up-to-date: /home/HabitatROS/install/habitat_msgs/share/habitat_msgs/cmake/export_habitat_msgs__rosidl_typesupport_fastrtps_cExport-noconfig.cmake
[1.523s] -- Up-to-date: /home/HabitatROS/install/habitat_msgs/share/habitat_msgs/cmake/habitat_msgs__rosidl_typesupport_introspection_cExport.cmake
[1.524s] -- Up-to-date: /home/HabitatROS/install/habitat_msgs/share/habitat_msgs/cmake/habitat_msgs__rosidl_typesupport_introspection_cExport-noconfig.cmake
[1.525s] -- Up-to-date: /home/HabitatROS/install/habitat_msgs/share/habitat_msgs/cmake/habitat_msgs__rosidl_typesupport_cExport.cmake
[1.525s] -- Up-to-date: /home/HabitatROS/install/habitat_msgs/share/habitat_msgs/cmake/habitat_msgs__rosidl_typesupport_cExport-noconfig.cmake
[1.526s] -- Up-to-date: /home/HabitatROS/install/habitat_msgs/share/habitat_msgs/cmake/export_habitat_msgs__rosidl_generator_cppExport.cmake
[1.526s] -- Up-to-date: /home/HabitatROS/install/habitat_msgs/share/habitat_msgs/cmake/export_habitat_msgs__rosidl_typesupport_fastrtps_cppExport.cmake
[1.526s] -- Up-to-date: /home/HabitatROS/install/habitat_msgs/share/habitat_msgs/cmake/export_habitat_msgs__rosidl_typesupport_fastrtps_cppExport-noconfig.cmake
[1.527s] -- Up-to-date: /home/HabitatROS/install/habitat_msgs/share/habitat_msgs/cmake/habitat_msgs__rosidl_typesupport_introspection_cppExport.cmake
[1.527s] -- Up-to-date: /home/HabitatROS/install/habitat_msgs/share/habitat_msgs/cmake/habitat_msgs__rosidl_typesupport_introspection_cppExport-noconfig.cmake
[1.527s] -- Up-to-date: /home/HabitatROS/install/habitat_msgs/share/habitat_msgs/cmake/habitat_msgs__rosidl_typesupport_cppExport.cmake
[1.528s] -- Up-to-date: /home/HabitatROS/install/habitat_msgs/share/habitat_msgs/cmake/habitat_msgs__rosidl_typesupport_cppExport-noconfig.cmake
[1.528s] -- Up-to-date: /home/HabitatROS/install/habitat_msgs/share/habitat_msgs/cmake/export_habitat_msgs__rosidl_generator_pyExport.cmake
[1.529s] -- Up-to-date: /home/HabitatROS/install/habitat_msgs/share/habitat_msgs/cmake/export_habitat_msgs__rosidl_generator_pyExport-noconfig.cmake
[1.532s] Invoked command in '/home/HabitatROS/build/habitat_msgs' returned '0': CMAKE_PREFIX_PATH=${CMAKE_PREFIX_PATH}:/home/HabitatROS/install/habitat_driver:/opt/ros/humble /usr/bin/cmake --install /home/HabitatROS/build/habitat_msgs
