[0.040s] Invoking command in '/home/HabitatROS/build/habitat_msgs': CMAKE_PREFIX_PATH=/opt/ros/humble:${CMAKE_PREFIX_PATH} /usr/bin/cmake --build /home/HabitatROS/build/habitat_msgs -- -j4 -l4
[0.206s] [  6%] Built target habitat_msgs__cpp
[0.207s] [  6%] Built target habitat_msgs__rs
[0.213s] [ 15%] Built target habitat_msgs__rosidl_generator_c
[0.303s] [ 15%] Built target ament_cmake_python_copy_habitat_msgs
[0.379s] [ 25%] Built target habitat_msgs__rosidl_typesupport_introspection_cpp
[0.399s] [ 34%] Built target habitat_msgs__rosidl_typesupport_cpp
[0.412s] [ 43%] Built target habitat_msgs__rosidl_typesupport_fastrtps_cpp
[0.516s] [ 53%] Built target habitat_msgs__rosidl_typesupport_fastrtps_c
[0.603s] [ 62%] Built target habitat_msgs__rosidl_typesupport_introspection_c
[0.605s] [ 71%] Built target habitat_msgs__rosidl_typesupport_c
[0.779s] [ 71%] Built target habitat_msgs
[0.952s] [ 75%] Built target habitat_msgs__py
[1.141s] [ 81%] Built target habitat_msgs__rosidl_generator_py
[1.346s] [ 93%] Built target habitat_msgs__rosidl_typesupport_introspection_c__pyext
[1.348s] [ 93%] Built target habitat_msgs__rosidl_typesupport_c__pyext
[1.353s] [100%] Built target habitat_msgs__rosidl_typesupport_fastrtps_c__pyext
[2.292s] running egg_info
[2.298s] writing habitat_msgs.egg-info/PKG-INFO
[2.300s] writing dependency_links to habitat_msgs.egg-info/dependency_links.txt
[2.301s] writing top-level names to habitat_msgs.egg-info/top_level.txt
[2.320s] reading manifest file 'habitat_msgs.egg-info/SOURCES.txt'
[2.326s] writing manifest file 'habitat_msgs.egg-info/SOURCES.txt'
[2.551s] [100%] Built target ament_cmake_python_build_habitat_msgs_egg
[2.645s] Invoked command in '/home/HabitatROS/build/habitat_msgs' returned '0': CMAKE_PREFIX_PATH=/opt/ros/humble:${CMAKE_PREFIX_PATH} /usr/bin/cmake --build /home/HabitatROS/build/habitat_msgs -- -j4 -l4
[2.724s] Invoking command in '/home/HabitatROS/build/habitat_msgs': CMAKE_PREFIX_PATH=/opt/ros/humble:${CMAKE_PREFIX_PATH} /usr/bin/cmake --install /home/HabitatROS/build/habitat_msgs
[2.788s] -- Install configuration: ""
[2.789s] -- Up-to-date: /home/HabitatROS/install/habitat_msgs/share/ament_index/resource_index/rosidl_interfaces/habitat_msgs
[2.790s] -- Up-to-date: /home/HabitatROS/install/habitat_msgs/include/habitat_msgs/habitat_msgs
[2.791s] -- Up-to-date: /home/HabitatROS/install/habitat_msgs/include/habitat_msgs/habitat_msgs/msg
[2.792s] -- Up-to-date: /home/HabitatROS/install/habitat_msgs/include/habitat_msgs/habitat_msgs/msg/detail
[2.793s] -- Up-to-date: /home/HabitatROS/install/habitat_msgs/include/habitat_msgs/habitat_msgs/msg/detail/habitat_sensor__functions.h
[2.794s] -- Up-to-date: /home/HabitatROS/install/habitat_msgs/include/habitat_msgs/habitat_msgs/msg/detail/habitat_sensor__functions.c
[2.796s] -- Up-to-date: /home/HabitatROS/install/habitat_msgs/include/habitat_msgs/habitat_msgs/msg/detail/habitat_sensor__struct.h
[2.796s] -- Up-to-date: /home/HabitatROS/install/habitat_msgs/include/habitat_msgs/habitat_msgs/msg/detail/habitat_sensor__type_support.h
[2.797s] -- Up-to-date: /home/HabitatROS/install/habitat_msgs/include/habitat_msgs/habitat_msgs/msg/rosidl_generator_c__visibility_control.h
[2.798s] -- Up-to-date: /home/HabitatROS/install/habitat_msgs/include/habitat_msgs/habitat_msgs/msg/habitat_sensor.h
[2.799s] -- Up-to-date: /home/HabitatROS/install/habitat_msgs/share/habitat_msgs/environment/library_path.sh
[2.800s] -- Up-to-date: /home/HabitatROS/install/habitat_msgs/share/habitat_msgs/environment/library_path.dsv
[2.801s] -- Up-to-date: /home/HabitatROS/install/habitat_msgs/lib/libhabitat_msgs__rosidl_generator_c.so
[2.803s] -- Up-to-date: /home/HabitatROS/install/habitat_msgs/include/habitat_msgs/habitat_msgs
[2.804s] -- Up-to-date: /home/HabitatROS/install/habitat_msgs/include/habitat_msgs/habitat_msgs/msg
[2.806s] -- Up-to-date: /home/HabitatROS/install/habitat_msgs/include/habitat_msgs/habitat_msgs/msg/detail
[2.807s] -- Up-to-date: /home/HabitatROS/install/habitat_msgs/include/habitat_msgs/habitat_msgs/msg/detail/habitat_sensor__rosidl_typesupport_fastrtps_c.h
[2.808s] -- Up-to-date: /home/HabitatROS/install/habitat_msgs/include/habitat_msgs/habitat_msgs/msg/rosidl_typesupport_fastrtps_c__visibility_control.h
[2.809s] -- Up-to-date: /home/HabitatROS/install/habitat_msgs/lib/libhabitat_msgs__rosidl_typesupport_fastrtps_c.so
[2.810s] -- Up-to-date: /home/HabitatROS/install/habitat_msgs/include/habitat_msgs/habitat_msgs
[2.811s] -- Up-to-date: /home/HabitatROS/install/habitat_msgs/include/habitat_msgs/habitat_msgs/msg
[2.812s] -- Up-to-date: /home/HabitatROS/install/habitat_msgs/include/habitat_msgs/habitat_msgs/msg/rosidl_typesupport_introspection_c__visibility_control.h
[2.813s] -- Up-to-date: /home/HabitatROS/install/habitat_msgs/include/habitat_msgs/habitat_msgs/msg/detail
[2.814s] -- Up-to-date: /home/HabitatROS/install/habitat_msgs/include/habitat_msgs/habitat_msgs/msg/detail/habitat_sensor__rosidl_typesupport_introspection_c.h
[2.815s] -- Up-to-date: /home/HabitatROS/install/habitat_msgs/include/habitat_msgs/habitat_msgs/msg/detail/habitat_sensor__type_support.c
[2.816s] -- Up-to-date: /home/HabitatROS/install/habitat_msgs/lib/libhabitat_msgs__rosidl_typesupport_introspection_c.so
[2.817s] -- Up-to-date: /home/HabitatROS/install/habitat_msgs/lib/libhabitat_msgs__rosidl_typesupport_c.so
[2.819s] -- Up-to-date: /home/HabitatROS/install/habitat_msgs/include/habitat_msgs/habitat_msgs
[2.820s] -- Up-to-date: /home/HabitatROS/install/habitat_msgs/include/habitat_msgs/habitat_msgs/msg
[2.821s] -- Up-to-date: /home/HabitatROS/install/habitat_msgs/include/habitat_msgs/habitat_msgs/msg/habitat_sensor.hpp
[2.822s] -- Up-to-date: /home/HabitatROS/install/habitat_msgs/include/habitat_msgs/habitat_msgs/msg/detail
[2.823s] -- Up-to-date: /home/HabitatROS/install/habitat_msgs/include/habitat_msgs/habitat_msgs/msg/detail/habitat_sensor__builder.hpp
[2.823s] -- Up-to-date: /home/HabitatROS/install/habitat_msgs/include/habitat_msgs/habitat_msgs/msg/detail/habitat_sensor__type_support.hpp
[2.826s] -- Up-to-date: /home/HabitatROS/install/habitat_msgs/include/habitat_msgs/habitat_msgs/msg/detail/habitat_sensor__traits.hpp
[2.828s] -- Up-to-date: /home/HabitatROS/install/habitat_msgs/include/habitat_msgs/habitat_msgs/msg/detail/habitat_sensor__struct.hpp
[2.829s] -- Up-to-date: /home/HabitatROS/install/habitat_msgs/include/habitat_msgs/habitat_msgs/msg/rosidl_generator_cpp__visibility_control.hpp
[2.830s] -- Up-to-date: /home/HabitatROS/install/habitat_msgs/include/habitat_msgs/habitat_msgs
[2.831s] -- Up-to-date: /home/HabitatROS/install/habitat_msgs/include/habitat_msgs/habitat_msgs/msg
[2.832s] -- Up-to-date: /home/HabitatROS/install/habitat_msgs/include/habitat_msgs/habitat_msgs/msg/rosidl_typesupport_fastrtps_cpp__visibility_control.h
[2.833s] -- Up-to-date: /home/HabitatROS/install/habitat_msgs/include/habitat_msgs/habitat_msgs/msg/detail
[2.834s] -- Up-to-date: /home/HabitatROS/install/habitat_msgs/include/habitat_msgs/habitat_msgs/msg/detail/habitat_sensor__rosidl_typesupport_fastrtps_cpp.hpp
[2.835s] -- Up-to-date: /home/HabitatROS/install/habitat_msgs/include/habitat_msgs/habitat_msgs/msg/detail/dds_fastrtps
[2.836s] -- Up-to-date: /home/HabitatROS/install/habitat_msgs/lib/libhabitat_msgs__rosidl_typesupport_fastrtps_cpp.so
[2.837s] -- Up-to-date: /home/HabitatROS/install/habitat_msgs/include/habitat_msgs/habitat_msgs
[2.838s] -- Up-to-date: /home/HabitatROS/install/habitat_msgs/include/habitat_msgs/habitat_msgs/msg
[2.839s] -- Up-to-date: /home/HabitatROS/install/habitat_msgs/include/habitat_msgs/habitat_msgs/msg/detail
[2.840s] -- Up-to-date: /home/HabitatROS/install/habitat_msgs/include/habitat_msgs/habitat_msgs/msg/detail/habitat_sensor__type_support.cpp
[2.841s] -- Up-to-date: /home/HabitatROS/install/habitat_msgs/include/habitat_msgs/habitat_msgs/msg/detail/habitat_sensor__rosidl_typesupport_introspection_cpp.hpp
[2.842s] -- Up-to-date: /home/HabitatROS/install/habitat_msgs/lib/libhabitat_msgs__rosidl_typesupport_introspection_cpp.so
[2.843s] -- Up-to-date: /home/HabitatROS/install/habitat_msgs/lib/libhabitat_msgs__rosidl_typesupport_cpp.so
[2.845s] -- Up-to-date: /home/HabitatROS/install/habitat_msgs/share/habitat_msgs/environment/pythonpath.sh
[2.846s] -- Up-to-date: /home/HabitatROS/install/habitat_msgs/share/habitat_msgs/environment/pythonpath.dsv
[2.847s] -- Up-to-date: /home/HabitatROS/install/habitat_msgs/local/lib/python3.10/dist-packages/habitat_msgs-0.0.0-py3.10.egg-info
[2.848s] -- Installing: /home/HabitatROS/install/habitat_msgs/local/lib/python3.10/dist-packages/habitat_msgs-0.0.0-py3.10.egg-info/dependency_links.txt
[2.849s] -- Installing: /home/HabitatROS/install/habitat_msgs/local/lib/python3.10/dist-packages/habitat_msgs-0.0.0-py3.10.egg-info/PKG-INFO
[2.850s] -- Installing: /home/HabitatROS/install/habitat_msgs/local/lib/python3.10/dist-packages/habitat_msgs-0.0.0-py3.10.egg-info/top_level.txt
[2.851s] -- Installing: /home/HabitatROS/install/habitat_msgs/local/lib/python3.10/dist-packages/habitat_msgs-0.0.0-py3.10.egg-info/SOURCES.txt
[2.852s] -- Up-to-date: /home/HabitatROS/install/habitat_msgs/local/lib/python3.10/dist-packages/habitat_msgs
[2.853s] -- Up-to-date: /home/HabitatROS/install/habitat_msgs/local/lib/python3.10/dist-packages/habitat_msgs/_habitat_msgs_s.ep.rosidl_typesupport_fastrtps_c.c
[2.853s] -- Up-to-date: /home/HabitatROS/install/habitat_msgs/local/lib/python3.10/dist-packages/habitat_msgs/msg
[2.854s] -- Up-to-date: /home/HabitatROS/install/habitat_msgs/local/lib/python3.10/dist-packages/habitat_msgs/msg/_habitat_sensor.py
[2.855s] -- Up-to-date: /home/HabitatROS/install/habitat_msgs/local/lib/python3.10/dist-packages/habitat_msgs/msg/__init__.py
[2.856s] -- Up-to-date: /home/HabitatROS/install/habitat_msgs/local/lib/python3.10/dist-packages/habitat_msgs/msg/_habitat_sensor_s.c
[2.857s] -- Up-to-date: /home/HabitatROS/install/habitat_msgs/local/lib/python3.10/dist-packages/habitat_msgs/habitat_msgs_s__rosidl_typesupport_introspection_c.cpython-310-aarch64-linux-gnu.so
[2.858s] -- Up-to-date: /home/HabitatROS/install/habitat_msgs/local/lib/python3.10/dist-packages/habitat_msgs/_habitat_msgs_s.ep.rosidl_typesupport_introspection_c.c
[2.859s] -- Up-to-date: /home/HabitatROS/install/habitat_msgs/local/lib/python3.10/dist-packages/habitat_msgs/_habitat_msgs_s.ep.rosidl_typesupport_c.c
[2.860s] -- Up-to-date: /home/HabitatROS/install/habitat_msgs/local/lib/python3.10/dist-packages/habitat_msgs/habitat_msgs_s__rosidl_typesupport_c.cpython-310-aarch64-linux-gnu.so
[2.861s] -- Up-to-date: /home/HabitatROS/install/habitat_msgs/local/lib/python3.10/dist-packages/habitat_msgs/libhabitat_msgs__rosidl_generator_py.so
[2.862s] -- Up-to-date: /home/HabitatROS/install/habitat_msgs/local/lib/python3.10/dist-packages/habitat_msgs/habitat_msgs_s__rosidl_typesupport_fastrtps_c.cpython-310-aarch64-linux-gnu.so
[2.863s] -- Up-to-date: /home/HabitatROS/install/habitat_msgs/local/lib/python3.10/dist-packages/habitat_msgs/__init__.py
[3.128s] Listing '/home/HabitatROS/install/habitat_msgs/local/lib/python3.10/dist-packages/habitat_msgs'...
[3.131s] Listing '/home/HabitatROS/install/habitat_msgs/local/lib/python3.10/dist-packages/habitat_msgs/msg'...
[3.175s] -- Up-to-date: /home/HabitatROS/install/habitat_msgs/local/lib/python3.10/dist-packages/habitat_msgs/habitat_msgs_s__rosidl_typesupport_fastrtps_c.cpython-310-aarch64-linux-gnu.so
[3.178s] -- Up-to-date: /home/HabitatROS/install/habitat_msgs/local/lib/python3.10/dist-packages/habitat_msgs/habitat_msgs_s__rosidl_typesupport_introspection_c.cpython-310-aarch64-linux-gnu.so
[3.181s] -- Up-to-date: /home/HabitatROS/install/habitat_msgs/local/lib/python3.10/dist-packages/habitat_msgs/habitat_msgs_s__rosidl_typesupport_c.cpython-310-aarch64-linux-gnu.so
[3.185s] -- Up-to-date: /home/HabitatROS/install/habitat_msgs/lib/libhabitat_msgs__rosidl_generator_py.so
[3.187s] -- Up-to-date: /home/HabitatROS/install/habitat_msgs/share/ament_index/resource_index/rust_packages/habitat_msgs
[3.189s] -- Up-to-date: /home/HabitatROS/install/habitat_msgs/share/habitat_msgs/rust
[3.190s] -- Up-to-date: /home/HabitatROS/install/habitat_msgs/share/habitat_msgs/rust/build.rs
[3.191s] -- Up-to-date: /home/HabitatROS/install/habitat_msgs/share/habitat_msgs/rust/Cargo.toml
[3.193s] -- Up-to-date: /home/HabitatROS/install/habitat_msgs/share/habitat_msgs/rust/src
[3.194s] -- Up-to-date: /home/HabitatROS/install/habitat_msgs/share/habitat_msgs/rust/src/msg
[3.195s] -- Up-to-date: /home/HabitatROS/install/habitat_msgs/share/habitat_msgs/rust/src/msg/rmw.rs
[3.196s] -- Up-to-date: /home/HabitatROS/install/habitat_msgs/share/habitat_msgs/rust/src/msg.rs
[3.197s] -- Up-to-date: /home/HabitatROS/install/habitat_msgs/share/habitat_msgs/rust/src/lib.rs
[3.198s] -- Up-to-date: /home/HabitatROS/install/habitat_msgs/share/habitat_msgs/msg/HabitatSensor.idl
[3.200s] -- Up-to-date: /home/HabitatROS/install/habitat_msgs/share/habitat_msgs/msg/HabitatSensor.msg
[3.201s] -- Up-to-date: /home/HabitatROS/install/habitat_msgs/share/ament_index/resource_index/package_run_dependencies/habitat_msgs
[3.202s] -- Up-to-date: /home/HabitatROS/install/habitat_msgs/share/ament_index/resource_index/parent_prefix_path/habitat_msgs
[3.203s] -- Up-to-date: /home/HabitatROS/install/habitat_msgs/share/habitat_msgs/environment/ament_prefix_path.sh
[3.205s] -- Up-to-date: /home/HabitatROS/install/habitat_msgs/share/habitat_msgs/environment/ament_prefix_path.dsv
[3.206s] -- Up-to-date: /home/HabitatROS/install/habitat_msgs/share/habitat_msgs/environment/path.sh
[3.207s] -- Up-to-date: /home/HabitatROS/install/habitat_msgs/share/habitat_msgs/environment/path.dsv
[3.208s] -- Up-to-date: /home/HabitatROS/install/habitat_msgs/share/habitat_msgs/local_setup.bash
[3.209s] -- Up-to-date: /home/HabitatROS/install/habitat_msgs/share/habitat_msgs/local_setup.sh
[3.211s] -- Up-to-date: /home/HabitatROS/install/habitat_msgs/share/habitat_msgs/local_setup.zsh
[3.212s] -- Up-to-date: /home/HabitatROS/install/habitat_msgs/share/habitat_msgs/local_setup.dsv
[3.213s] -- Installing: /home/HabitatROS/install/habitat_msgs/share/habitat_msgs/package.dsv
[3.214s] -- Up-to-date: /home/HabitatROS/install/habitat_msgs/share/ament_index/resource_index/packages/habitat_msgs
[3.215s] -- Up-to-date: /home/HabitatROS/install/habitat_msgs/share/habitat_msgs/cmake/export_habitat_msgs__rosidl_generator_cExport.cmake
[3.216s] -- Up-to-date: /home/HabitatROS/install/habitat_msgs/share/habitat_msgs/cmake/export_habitat_msgs__rosidl_generator_cExport-noconfig.cmake
[3.217s] -- Up-to-date: /home/HabitatROS/install/habitat_msgs/share/habitat_msgs/cmake/export_habitat_msgs__rosidl_typesupport_fastrtps_cExport.cmake
[3.218s] -- Up-to-date: /home/HabitatROS/install/habitat_msgs/share/habitat_msgs/cmake/export_habitat_msgs__rosidl_typesupport_fastrtps_cExport-noconfig.cmake
[3.219s] -- Up-to-date: /home/HabitatROS/install/habitat_msgs/share/habitat_msgs/cmake/habitat_msgs__rosidl_typesupport_introspection_cExport.cmake
[3.220s] -- Up-to-date: /home/HabitatROS/install/habitat_msgs/share/habitat_msgs/cmake/habitat_msgs__rosidl_typesupport_introspection_cExport-noconfig.cmake
[3.221s] -- Up-to-date: /home/HabitatROS/install/habitat_msgs/share/habitat_msgs/cmake/habitat_msgs__rosidl_typesupport_cExport.cmake
[3.221s] -- Up-to-date: /home/HabitatROS/install/habitat_msgs/share/habitat_msgs/cmake/habitat_msgs__rosidl_typesupport_cExport-noconfig.cmake
[3.222s] -- Up-to-date: /home/HabitatROS/install/habitat_msgs/share/habitat_msgs/cmake/export_habitat_msgs__rosidl_generator_cppExport.cmake
[3.223s] -- Up-to-date: /home/HabitatROS/install/habitat_msgs/share/habitat_msgs/cmake/export_habitat_msgs__rosidl_typesupport_fastrtps_cppExport.cmake
[3.226s] -- Up-to-date: /home/HabitatROS/install/habitat_msgs/share/habitat_msgs/cmake/export_habitat_msgs__rosidl_typesupport_fastrtps_cppExport-noconfig.cmake
[3.229s] -- Up-to-date: /home/HabitatROS/install/habitat_msgs/share/habitat_msgs/cmake/habitat_msgs__rosidl_typesupport_introspection_cppExport.cmake
[3.235s] -- Up-to-date: /home/HabitatROS/install/habitat_msgs/share/habitat_msgs/cmake/habitat_msgs__rosidl_typesupport_introspection_cppExport-noconfig.cmake
[3.237s] -- Up-to-date: /home/HabitatROS/install/habitat_msgs/share/habitat_msgs/cmake/habitat_msgs__rosidl_typesupport_cppExport.cmake
[3.239s] -- Up-to-date: /home/HabitatROS/install/habitat_msgs/share/habitat_msgs/cmake/habitat_msgs__rosidl_typesupport_cppExport-noconfig.cmake
[3.240s] -- Up-to-date: /home/HabitatROS/install/habitat_msgs/share/habitat_msgs/cmake/export_habitat_msgs__rosidl_generator_pyExport.cmake
[3.241s] -- Up-to-date: /home/HabitatROS/install/habitat_msgs/share/habitat_msgs/cmake/export_habitat_msgs__rosidl_generator_pyExport-noconfig.cmake
[3.244s] -- Up-to-date: /home/HabitatROS/install/habitat_msgs/share/habitat_msgs/cmake/rosidl_cmake-extras.cmake
[3.245s] -- Up-to-date: /home/HabitatROS/install/habitat_msgs/share/habitat_msgs/cmake/ament_cmake_export_include_directories-extras.cmake
[3.247s] -- Up-to-date: /home/HabitatROS/install/habitat_msgs/share/habitat_msgs/cmake/ament_cmake_export_libraries-extras.cmake
[3.249s] -- Up-to-date: /home/HabitatROS/install/habitat_msgs/share/habitat_msgs/cmake/ament_cmake_export_targets-extras.cmake
[3.250s] -- Up-to-date: /home/HabitatROS/install/habitat_msgs/share/habitat_msgs/cmake/rosidl_cmake_export_typesupport_targets-extras.cmake
[3.251s] -- Up-to-date: /home/HabitatROS/install/habitat_msgs/share/habitat_msgs/cmake/ament_cmake_export_dependencies-extras.cmake
[3.253s] -- Up-to-date: /home/HabitatROS/install/habitat_msgs/share/habitat_msgs/cmake/rosidl_cmake_export_typesupport_libraries-extras.cmake
[3.255s] -- Up-to-date: /home/HabitatROS/install/habitat_msgs/share/habitat_msgs/cmake/habitat_msgsConfig.cmake
[3.256s] -- Up-to-date: /home/HabitatROS/install/habitat_msgs/share/habitat_msgs/cmake/habitat_msgsConfig-version.cmake
[3.257s] -- Up-to-date: /home/HabitatROS/install/habitat_msgs/share/habitat_msgs/package.xml
[3.258s] Invoked command in '/home/HabitatROS/build/habitat_msgs' returned '0': CMAKE_PREFIX_PATH=/opt/ros/humble:${CMAKE_PREFIX_PATH} /usr/bin/cmake --install /home/HabitatROS/build/habitat_msgs
