[0.426s] DEBUG:colcon:Command line arguments: ['/usr/bin/colcon', 'build']
[0.427s] DEBUG:colcon:Parsed command line arguments: Namespace(log_base=None, log_level=None, verb_name='build', build_base='build', install_base='install', merge_install=False, symlink_install=False, test_result_base=None, continue_on_error=False, executor='parallel', parallel_workers=4, event_handlers=None, ignore_user_meta=False, metas=['./colcon.meta'], base_paths=['.'], packages_ignore=None, packages_ignore_regex=None, paths=None, packages_up_to=None, packages_up_to_regex=None, packages_above=None, packages_above_and_dependencies=None, packages_above_depth=None, packages_select_by_dep=None, packages_skip_by_dep=None, packages_skip_up_to=None, packages_select_build_failed=False, packages_skip_build_finished=False, packages_select_test_failures=False, packages_skip_test_passed=False, packages_select=None, packages_skip=None, packages_select_regex=None, packages_skip_regex=None, packages_start=None, packages_end=None, cmake_args=None, cmake_target=None, cmake_target_skip_unavailable=False, cmake_clean_cache=False, cmake_clean_first=False, cmake_force_configure=False, ament_cmake_args=None, catkin_cmake_args=None, catkin_skip_building_tests=False, mixin_files=None, mixin=None, verb_parser=<colcon_mixin.mixin.mixin_argument.MixinArgumentDecorator object at 0x7f9236a740>, verb_extension=<colcon_core.verb.build.BuildVerb object at 0x7f9248f910>, main=<bound method BuildVerb.main of <colcon_core.verb.build.BuildVerb object at 0x7f9248f910>>, mixin_verb=('build',))
[0.852s] Level 1:colcon.colcon_core.package_discovery:discover_packages(colcon_meta) check parameters
[0.855s] INFO:colcon.colcon_metadata.package_discovery.colcon_meta:Using configuration from '/root/.colcon/metadata/default/Gazebo.meta'
[0.857s] INFO:colcon.colcon_metadata.package_discovery.colcon_meta:Using configuration from '/root/.colcon/metadata/default/fastdds.meta'
[0.859s] INFO:colcon.colcon_metadata.package_discovery.colcon_meta:Using configuration from '/root/.colcon/metadata/default/fastrtps.meta'
[0.859s] Level 1:colcon.colcon_core.package_discovery:discover_packages(recursive) check parameters
[0.859s] Level 1:colcon.colcon_core.package_discovery:discover_packages(ignore) check parameters
[0.859s] Level 1:colcon.colcon_core.package_discovery:discover_packages(path) check parameters
[0.859s] Level 1:colcon.colcon_core.package_discovery:discover_packages(colcon_meta) discover
[0.859s] Level 1:colcon.colcon_core.package_discovery:discover_packages(recursive) discover
[0.860s] INFO:colcon.colcon_core.package_discovery:Crawling recursively for packages in '/home/HabitatROS'
[0.860s] Level 1:colcon.colcon_core.package_identification:_identify(.) by extensions ['ignore', 'ignore_ament_install']
[0.860s] Level 1:colcon.colcon_core.package_identification:_identify(.) by extension 'ignore'
[0.860s] Level 1:colcon.colcon_core.package_identification:_identify(.) by extension 'ignore_ament_install'
[0.861s] Level 1:colcon.colcon_core.package_identification:_identify(.) by extensions ['colcon_pkg']
[0.861s] Level 1:colcon.colcon_core.package_identification:_identify(.) by extension 'colcon_pkg'
[0.861s] Level 1:colcon.colcon_core.package_identification:_identify(.) by extensions ['colcon_meta']
[0.861s] Level 1:colcon.colcon_core.package_identification:_identify(.) by extension 'colcon_meta'
[0.861s] Level 1:colcon.colcon_core.package_identification:_identify(.) by extensions ['ros']
[0.861s] Level 1:colcon.colcon_core.package_identification:_identify(.) by extension 'ros'
[0.902s] Level 1:colcon.colcon_core.package_identification:_identify(.) by extensions ['cmake', 'python']
[0.902s] Level 1:colcon.colcon_core.package_identification:_identify(.) by extension 'cmake'
[0.902s] Level 1:colcon.colcon_core.package_identification:_identify(.) by extension 'python'
[0.902s] Level 1:colcon.colcon_core.package_identification:_identify(.) by extensions ['python_setup_py']
[0.902s] Level 1:colcon.colcon_core.package_identification:_identify(.) by extension 'python_setup_py'
[0.903s] Level 1:colcon.colcon_core.package_identification:_identify(build) by extensions ['ignore', 'ignore_ament_install']
[0.903s] Level 1:colcon.colcon_core.package_identification:_identify(build) by extension 'ignore'
[0.903s] Level 1:colcon.colcon_core.package_identification:_identify(build) ignored
[0.904s] Level 1:colcon.colcon_core.package_identification:_identify(install) by extensions ['ignore', 'ignore_ament_install']
[0.904s] Level 1:colcon.colcon_core.package_identification:_identify(install) by extension 'ignore'
[0.904s] Level 1:colcon.colcon_core.package_identification:_identify(install) ignored
[0.905s] Level 1:colcon.colcon_core.package_identification:_identify(log) by extensions ['ignore', 'ignore_ament_install']
[0.905s] Level 1:colcon.colcon_core.package_identification:_identify(log) by extension 'ignore'
[0.905s] Level 1:colcon.colcon_core.package_identification:_identify(log) ignored
[0.906s] Level 1:colcon.colcon_core.package_identification:_identify(src) by extensions ['ignore', 'ignore_ament_install']
[0.906s] Level 1:colcon.colcon_core.package_identification:_identify(src) by extension 'ignore'
[0.906s] Level 1:colcon.colcon_core.package_identification:_identify(src) by extension 'ignore_ament_install'
[0.906s] Level 1:colcon.colcon_core.package_identification:_identify(src) by extensions ['colcon_pkg']
[0.906s] Level 1:colcon.colcon_core.package_identification:_identify(src) by extension 'colcon_pkg'
[0.906s] Level 1:colcon.colcon_core.package_identification:_identify(src) by extensions ['colcon_meta']
[0.907s] Level 1:colcon.colcon_core.package_identification:_identify(src) by extension 'colcon_meta'
[0.907s] Level 1:colcon.colcon_core.package_identification:_identify(src) by extensions ['ros']
[0.907s] Level 1:colcon.colcon_core.package_identification:_identify(src) by extension 'ros'
[0.907s] Level 1:colcon.colcon_core.package_identification:_identify(src) by extensions ['cmake', 'python']
[0.907s] Level 1:colcon.colcon_core.package_identification:_identify(src) by extension 'cmake'
[0.907s] Level 1:colcon.colcon_core.package_identification:_identify(src) by extension 'python'
[0.908s] Level 1:colcon.colcon_core.package_identification:_identify(src) by extensions ['python_setup_py']
[0.908s] Level 1:colcon.colcon_core.package_identification:_identify(src) by extension 'python_setup_py'
[0.908s] Level 1:colcon.colcon_core.package_identification:_identify(src/habitat_driver) by extensions ['ignore', 'ignore_ament_install']
[0.908s] Level 1:colcon.colcon_core.package_identification:_identify(src/habitat_driver) by extension 'ignore'
[0.909s] Level 1:colcon.colcon_core.package_identification:_identify(src/habitat_driver) by extension 'ignore_ament_install'
[0.909s] Level 1:colcon.colcon_core.package_identification:_identify(src/habitat_driver) by extensions ['colcon_pkg']
[0.909s] Level 1:colcon.colcon_core.package_identification:_identify(src/habitat_driver) by extension 'colcon_pkg'
[0.909s] Level 1:colcon.colcon_core.package_identification:_identify(src/habitat_driver) by extensions ['colcon_meta']
[0.909s] Level 1:colcon.colcon_core.package_identification:_identify(src/habitat_driver) by extension 'colcon_meta'
[0.909s] Level 1:colcon.colcon_core.package_identification:_identify(src/habitat_driver) by extensions ['ros']
[0.909s] Level 1:colcon.colcon_core.package_identification:_identify(src/habitat_driver) by extension 'ros'
[0.918s] DEBUG:colcon.colcon_core.package_identification:Package 'src/habitat_driver' with type 'ros.ament_python' and name 'habitat_driver'
[0.919s] Level 1:colcon.colcon_core.package_identification:_identify(src/habitat_msgs) by extensions ['ignore', 'ignore_ament_install']
[0.919s] Level 1:colcon.colcon_core.package_identification:_identify(src/habitat_msgs) by extension 'ignore'
[0.919s] Level 1:colcon.colcon_core.package_identification:_identify(src/habitat_msgs) by extension 'ignore_ament_install'
[0.920s] Level 1:colcon.colcon_core.package_identification:_identify(src/habitat_msgs) by extensions ['colcon_pkg']
[0.920s] Level 1:colcon.colcon_core.package_identification:_identify(src/habitat_msgs) by extension 'colcon_pkg'
[0.920s] Level 1:colcon.colcon_core.package_identification:_identify(src/habitat_msgs) by extensions ['colcon_meta']
[0.920s] Level 1:colcon.colcon_core.package_identification:_identify(src/habitat_msgs) by extension 'colcon_meta'
[0.920s] Level 1:colcon.colcon_core.package_identification:_identify(src/habitat_msgs) by extensions ['ros']
[0.920s] Level 1:colcon.colcon_core.package_identification:_identify(src/habitat_msgs) by extension 'ros'
[0.923s] DEBUG:colcon.colcon_core.package_identification:Package 'src/habitat_msgs' with type 'ros.ament_cmake' and name 'habitat_msgs'
[0.923s] Level 1:colcon.colcon_core.package_discovery:discover_packages(recursive) using defaults
[0.923s] Level 1:colcon.colcon_core.package_discovery:discover_packages(ignore) discover
[0.923s] Level 1:colcon.colcon_core.package_discovery:discover_packages(ignore) using defaults
[0.923s] Level 1:colcon.colcon_core.package_discovery:discover_packages(path) discover
[0.923s] Level 1:colcon.colcon_core.package_discovery:discover_packages(path) using defaults
[0.997s] Level 5:colcon.colcon_core.verb:set package 'habitat_msgs' build argument 'cmake_args' from command line to 'None'
[0.998s] Level 5:colcon.colcon_core.verb:set package 'habitat_msgs' build argument 'cmake_target' from command line to 'None'
[0.998s] Level 5:colcon.colcon_core.verb:set package 'habitat_msgs' build argument 'cmake_target_skip_unavailable' from command line to 'False'
[0.998s] Level 5:colcon.colcon_core.verb:set package 'habitat_msgs' build argument 'cmake_clean_cache' from command line to 'False'
[0.998s] Level 5:colcon.colcon_core.verb:set package 'habitat_msgs' build argument 'cmake_clean_first' from command line to 'False'
[0.998s] Level 5:colcon.colcon_core.verb:set package 'habitat_msgs' build argument 'cmake_force_configure' from command line to 'False'
[0.998s] Level 5:colcon.colcon_core.verb:set package 'habitat_msgs' build argument 'ament_cmake_args' from command line to 'None'
[0.998s] Level 5:colcon.colcon_core.verb:set package 'habitat_msgs' build argument 'catkin_cmake_args' from command line to 'None'
[0.998s] Level 5:colcon.colcon_core.verb:set package 'habitat_msgs' build argument 'catkin_skip_building_tests' from command line to 'False'
[0.999s] DEBUG:colcon.colcon_core.verb:Building package 'habitat_msgs' with the following arguments: {'ament_cmake_args': None, 'build_base': '/home/HabitatROS/build/habitat_msgs', 'catkin_cmake_args': None, 'catkin_skip_building_tests': False, 'cmake_args': None, 'cmake_clean_cache': False, 'cmake_clean_first': False, 'cmake_force_configure': False, 'cmake_target': None, 'cmake_target_skip_unavailable': False, 'install_base': '/home/HabitatROS/install/habitat_msgs', 'merge_install': False, 'path': '/home/HabitatROS/src/habitat_msgs', 'symlink_install': False, 'test_result_base': None}
[1.000s] Level 5:colcon.colcon_core.verb:set package 'habitat_driver' build argument 'cmake_args' from command line to 'None'
[1.000s] Level 5:colcon.colcon_core.verb:set package 'habitat_driver' build argument 'cmake_target' from command line to 'None'
[1.000s] Level 5:colcon.colcon_core.verb:set package 'habitat_driver' build argument 'cmake_target_skip_unavailable' from command line to 'False'
[1.000s] Level 5:colcon.colcon_core.verb:set package 'habitat_driver' build argument 'cmake_clean_cache' from command line to 'False'
[1.001s] Level 5:colcon.colcon_core.verb:set package 'habitat_driver' build argument 'cmake_clean_first' from command line to 'False'
[1.001s] Level 5:colcon.colcon_core.verb:set package 'habitat_driver' build argument 'cmake_force_configure' from command line to 'False'
[1.001s] Level 5:colcon.colcon_core.verb:set package 'habitat_driver' build argument 'ament_cmake_args' from command line to 'None'
[1.001s] Level 5:colcon.colcon_core.verb:set package 'habitat_driver' build argument 'catkin_cmake_args' from command line to 'None'
[1.001s] Level 5:colcon.colcon_core.verb:set package 'habitat_driver' build argument 'catkin_skip_building_tests' from command line to 'False'
[1.001s] DEBUG:colcon.colcon_core.verb:Building package 'habitat_driver' with the following arguments: {'ament_cmake_args': None, 'build_base': '/home/HabitatROS/build/habitat_driver', 'catkin_cmake_args': None, 'catkin_skip_building_tests': False, 'cmake_args': None, 'cmake_clean_cache': False, 'cmake_clean_first': False, 'cmake_force_configure': False, 'cmake_target': None, 'cmake_target_skip_unavailable': False, 'install_base': '/home/HabitatROS/install/habitat_driver', 'merge_install': False, 'path': '/home/HabitatROS/src/habitat_driver', 'symlink_install': False, 'test_result_base': None}
[1.001s] INFO:colcon.colcon_core.executor:Executing jobs using 'parallel' executor
[1.005s] DEBUG:colcon.colcon_parallel_executor.executor.parallel:run_until_complete
[1.007s] INFO:colcon.colcon_ros.task.ament_cmake.build:Building ROS package in '/home/HabitatROS/src/habitat_msgs' with build type 'ament_cmake'
[1.007s] INFO:colcon.colcon_cmake.task.cmake.build:Building CMake package in '/home/HabitatROS/src/habitat_msgs'
[1.017s] INFO:colcon.colcon_core.plugin_system:Skipping extension 'colcon_core.shell.bat': Not used on non-Windows systems
[1.017s] INFO:colcon.colcon_core.shell:Skip shell extension 'powershell' for command environment: Not usable outside of PowerShell
[1.018s] DEBUG:colcon.colcon_core.shell:Skip shell extension 'dsv' for command environment
[1.047s] DEBUG:colcon.colcon_core.event_handler.log_command:Invoking command in '/home/HabitatROS/build/habitat_msgs': CMAKE_PREFIX_PATH=${CMAKE_PREFIX_PATH}:/home/HabitatROS/install/habitat_driver:/opt/ros/humble /usr/bin/cmake --build /home/HabitatROS/build/habitat_msgs -- -j4 -l4
[2.275s] DEBUG:colcon.colcon_core.event_handler.log_command:Invoked command in '/home/HabitatROS/build/habitat_msgs' returned '0': CMAKE_PREFIX_PATH=${CMAKE_PREFIX_PATH}:/home/HabitatROS/install/habitat_driver:/opt/ros/humble /usr/bin/cmake --build /home/HabitatROS/build/habitat_msgs -- -j4 -l4
[2.309s] DEBUG:colcon.colcon_core.event_handler.log_command:Invoking command in '/home/HabitatROS/build/habitat_msgs': CMAKE_PREFIX_PATH=${CMAKE_PREFIX_PATH}:/home/HabitatROS/install/habitat_driver:/opt/ros/humble /usr/bin/cmake --install /home/HabitatROS/build/habitat_msgs
[2.567s] Level 1:colcon.colcon_core.environment:create_environment_scripts_only(habitat_msgs)
[2.568s] DEBUG:colcon.colcon_core.event_handler.log_command:Invoked command in '/home/HabitatROS/build/habitat_msgs' returned '0': CMAKE_PREFIX_PATH=${CMAKE_PREFIX_PATH}:/home/HabitatROS/install/habitat_driver:/opt/ros/humble /usr/bin/cmake --install /home/HabitatROS/build/habitat_msgs
[2.576s] Level 1:colcon.colcon_core.environment:checking '/home/HabitatROS/install/habitat_msgs' for CMake module files
[2.579s] Level 1:colcon.colcon_core.environment:checking '/home/HabitatROS/install/habitat_msgs' for CMake config files
[2.583s] Level 1:colcon.colcon_core.shell:create_environment_hook('habitat_msgs', 'cmake_prefix_path')
[2.583s] INFO:colcon.colcon_core.shell:Creating environment hook '/home/HabitatROS/install/habitat_msgs/share/habitat_msgs/hook/cmake_prefix_path.ps1'
[2.586s] INFO:colcon.colcon_core.shell:Creating environment descriptor '/home/HabitatROS/install/habitat_msgs/share/habitat_msgs/hook/cmake_prefix_path.dsv'
[2.588s] INFO:colcon.colcon_core.shell:Creating environment hook '/home/HabitatROS/install/habitat_msgs/share/habitat_msgs/hook/cmake_prefix_path.sh'
[2.591s] Level 1:colcon.colcon_core.environment:checking '/home/HabitatROS/install/habitat_msgs/lib'
[2.592s] Level 1:colcon.colcon_core.shell:create_environment_hook('habitat_msgs', 'ld_library_path_lib')
[2.593s] INFO:colcon.colcon_core.shell:Creating environment hook '/home/HabitatROS/install/habitat_msgs/share/habitat_msgs/hook/ld_library_path_lib.ps1'
[2.595s] INFO:colcon.colcon_core.shell:Creating environment descriptor '/home/HabitatROS/install/habitat_msgs/share/habitat_msgs/hook/ld_library_path_lib.dsv'
[2.596s] INFO:colcon.colcon_core.shell:Creating environment hook '/home/HabitatROS/install/habitat_msgs/share/habitat_msgs/hook/ld_library_path_lib.sh'
[2.598s] Level 1:colcon.colcon_core.environment:checking '/home/HabitatROS/install/habitat_msgs/bin'
[2.598s] Level 1:colcon.colcon_core.environment:checking '/home/HabitatROS/install/habitat_msgs/lib/pkgconfig/habitat_msgs.pc'
[2.605s] Level 1:colcon.colcon_core.environment:checking '/home/HabitatROS/install/habitat_msgs/lib/python3.10/site-packages'
[2.607s] Level 1:colcon.colcon_core.environment:checking '/home/HabitatROS/install/habitat_msgs/bin'
[2.608s] INFO:colcon.colcon_core.shell:Creating package script '/home/HabitatROS/install/habitat_msgs/share/habitat_msgs/package.ps1'
[2.613s] INFO:colcon.colcon_core.shell:Creating package descriptor '/home/HabitatROS/install/habitat_msgs/share/habitat_msgs/package.dsv'
[2.616s] INFO:colcon.colcon_core.shell:Creating package script '/home/HabitatROS/install/habitat_msgs/share/habitat_msgs/package.sh'
[2.619s] INFO:colcon.colcon_core.shell:Creating package script '/home/HabitatROS/install/habitat_msgs/share/habitat_msgs/package.bash'
[2.622s] INFO:colcon.colcon_core.shell:Creating package script '/home/HabitatROS/install/habitat_msgs/share/habitat_msgs/package.zsh'
[2.625s] Level 1:colcon.colcon_core.environment:create_file_with_runtime_dependencies(/home/HabitatROS/install/habitat_msgs/share/colcon-core/packages/habitat_msgs)
[2.628s] Level 1:colcon.colcon_core.environment:create_environment_scripts_only(habitat_msgs)
[2.629s] Level 1:colcon.colcon_core.environment:checking '/home/HabitatROS/install/habitat_msgs' for CMake module files
[2.631s] Level 1:colcon.colcon_core.environment:checking '/home/HabitatROS/install/habitat_msgs' for CMake config files
[2.635s] Level 1:colcon.colcon_core.shell:create_environment_hook('habitat_msgs', 'cmake_prefix_path')
[2.636s] INFO:colcon.colcon_core.shell:Creating environment hook '/home/HabitatROS/install/habitat_msgs/share/habitat_msgs/hook/cmake_prefix_path.ps1'
[2.638s] INFO:colcon.colcon_core.shell:Creating environment descriptor '/home/HabitatROS/install/habitat_msgs/share/habitat_msgs/hook/cmake_prefix_path.dsv'
[2.639s] INFO:colcon.colcon_core.shell:Creating environment hook '/home/HabitatROS/install/habitat_msgs/share/habitat_msgs/hook/cmake_prefix_path.sh'
[2.642s] Level 1:colcon.colcon_core.environment:checking '/home/HabitatROS/install/habitat_msgs/lib'
[2.642s] Level 1:colcon.colcon_core.shell:create_environment_hook('habitat_msgs', 'ld_library_path_lib')
[2.643s] INFO:colcon.colcon_core.shell:Creating environment hook '/home/HabitatROS/install/habitat_msgs/share/habitat_msgs/hook/ld_library_path_lib.ps1'
[2.645s] INFO:colcon.colcon_core.shell:Creating environment descriptor '/home/HabitatROS/install/habitat_msgs/share/habitat_msgs/hook/ld_library_path_lib.dsv'
[2.646s] INFO:colcon.colcon_core.shell:Creating environment hook '/home/HabitatROS/install/habitat_msgs/share/habitat_msgs/hook/ld_library_path_lib.sh'
[2.648s] Level 1:colcon.colcon_core.environment:checking '/home/HabitatROS/install/habitat_msgs/bin'
[2.648s] Level 1:colcon.colcon_core.environment:checking '/home/HabitatROS/install/habitat_msgs/lib/pkgconfig/habitat_msgs.pc'
[2.649s] Level 1:colcon.colcon_core.environment:checking '/home/HabitatROS/install/habitat_msgs/lib/python3.10/site-packages'
[2.651s] Level 1:colcon.colcon_core.environment:checking '/home/HabitatROS/install/habitat_msgs/bin'
[2.652s] INFO:colcon.colcon_core.shell:Creating package script '/home/HabitatROS/install/habitat_msgs/share/habitat_msgs/package.ps1'
[2.655s] INFO:colcon.colcon_core.shell:Creating package descriptor '/home/HabitatROS/install/habitat_msgs/share/habitat_msgs/package.dsv'
[2.657s] INFO:colcon.colcon_core.shell:Creating package script '/home/HabitatROS/install/habitat_msgs/share/habitat_msgs/package.sh'
[2.659s] INFO:colcon.colcon_core.shell:Creating package script '/home/HabitatROS/install/habitat_msgs/share/habitat_msgs/package.bash'
[2.661s] INFO:colcon.colcon_core.shell:Creating package script '/home/HabitatROS/install/habitat_msgs/share/habitat_msgs/package.zsh'
[2.663s] Level 1:colcon.colcon_core.environment:create_file_with_runtime_dependencies(/home/HabitatROS/install/habitat_msgs/share/colcon-core/packages/habitat_msgs)
[2.664s] INFO:colcon.colcon_ros.task.ament_python.build:Building ROS package in '/home/HabitatROS/src/habitat_driver' with build type 'ament_python'
[2.665s] Level 1:colcon.colcon_core.shell:create_environment_hook('habitat_driver', 'ament_prefix_path')
[2.666s] INFO:colcon.colcon_core.shell:Creating environment hook '/home/HabitatROS/install/habitat_driver/share/habitat_driver/hook/ament_prefix_path.ps1'
[2.670s] INFO:colcon.colcon_core.shell:Creating environment descriptor '/home/HabitatROS/install/habitat_driver/share/habitat_driver/hook/ament_prefix_path.dsv'
[2.672s] INFO:colcon.colcon_core.shell:Creating environment hook '/home/HabitatROS/install/habitat_driver/share/habitat_driver/hook/ament_prefix_path.sh'
[2.675s] INFO:colcon.colcon_core.shell:Skip shell extension 'powershell' for command environment: Not usable outside of PowerShell
[2.675s] DEBUG:colcon.colcon_core.shell:Skip shell extension 'dsv' for command environment
[3.450s] INFO:colcon.colcon_core.task.python.build:Building Python package in '/home/HabitatROS/src/habitat_driver'
[3.451s] INFO:colcon.colcon_core.shell:Skip shell extension 'powershell' for command environment: Not usable outside of PowerShell
[3.452s] DEBUG:colcon.colcon_core.shell:Skip shell extension 'dsv' for command environment
[4.495s] DEBUG:colcon.colcon_core.task.python.build:Available setuptools commands: install, bdist_egg, install_egg_info, upload_docs, setopt, build_ext, install_lib, upload, bdist_wheel, build_py, rotate, install_scripts, build_clib, bdist, saveopts, register, clean, check, bdist_rpm, install_headers, easy_install, symlink_data, egg_info, alias, develop, sdist, test, build, dist_info, bdist_dumb, install_data, build_scripts
[4.503s] DEBUG:colcon.colcon_core.event_handler.log_command:Invoking command in '/home/HabitatROS/src/habitat_driver': PYTHONPATH=/home/HabitatROS/build/habitat_driver/prefix_override:/usr/lib/python3/dist-packages/colcon_core/task/python/colcon_distutils_commands:/home/HabitatROS/install/habitat_driver/lib/python3.10/site-packages:${PYTHONPATH} /usr/bin/python3 -W ignore:setup.py install is deprecated -W ignore:easy_install command is deprecated setup.py egg_info --egg-base ../../build/habitat_driver build --build-base /home/HabitatROS/build/habitat_driver/build install --record /home/HabitatROS/build/habitat_driver/install.log --install-scripts $base/lib/habitat_driver --single-version-externally-managed install_data
[5.450s] Level 1:colcon.colcon_core.environment:checking '/home/HabitatROS/install/habitat_driver' for CMake module files
[5.452s] DEBUG:colcon.colcon_core.event_handler.log_command:Invoked command in '/home/HabitatROS/src/habitat_driver' returned '0': PYTHONPATH=/home/HabitatROS/build/habitat_driver/prefix_override:/usr/lib/python3/dist-packages/colcon_core/task/python/colcon_distutils_commands:/home/HabitatROS/install/habitat_driver/lib/python3.10/site-packages:${PYTHONPATH} /usr/bin/python3 -W ignore:setup.py install is deprecated -W ignore:easy_install command is deprecated setup.py egg_info --egg-base ../../build/habitat_driver build --build-base /home/HabitatROS/build/habitat_driver/build install --record /home/HabitatROS/build/habitat_driver/install.log --install-scripts $base/lib/habitat_driver --single-version-externally-managed install_data
[5.452s] Level 1:colcon.colcon_core.environment:checking '/home/HabitatROS/install/habitat_driver' for CMake config files
[5.455s] Level 1:colcon.colcon_core.environment:checking '/home/HabitatROS/install/habitat_driver/lib'
[5.455s] Level 1:colcon.colcon_core.environment:checking '/home/HabitatROS/install/habitat_driver/bin'
[5.455s] Level 1:colcon.colcon_core.environment:checking '/home/HabitatROS/install/habitat_driver/lib/pkgconfig/habitat_driver.pc'
[5.456s] Level 1:colcon.colcon_core.environment:checking '/home/HabitatROS/install/habitat_driver/lib/python3.10/site-packages'
[5.456s] Level 1:colcon.colcon_core.shell:create_environment_hook('habitat_driver', 'pythonpath')
[5.457s] INFO:colcon.colcon_core.shell:Creating environment hook '/home/HabitatROS/install/habitat_driver/share/habitat_driver/hook/pythonpath.ps1'
[5.459s] INFO:colcon.colcon_core.shell:Creating environment descriptor '/home/HabitatROS/install/habitat_driver/share/habitat_driver/hook/pythonpath.dsv'
[5.460s] INFO:colcon.colcon_core.shell:Creating environment hook '/home/HabitatROS/install/habitat_driver/share/habitat_driver/hook/pythonpath.sh'
[5.463s] Level 1:colcon.colcon_core.environment:checking '/home/HabitatROS/install/habitat_driver/bin'
[5.464s] Level 1:colcon.colcon_core.environment:create_environment_scripts_only(habitat_driver)
[5.465s] INFO:colcon.colcon_core.shell:Creating package script '/home/HabitatROS/install/habitat_driver/share/habitat_driver/package.ps1'
[5.468s] INFO:colcon.colcon_core.shell:Creating package descriptor '/home/HabitatROS/install/habitat_driver/share/habitat_driver/package.dsv'
[5.470s] INFO:colcon.colcon_core.shell:Creating package script '/home/HabitatROS/install/habitat_driver/share/habitat_driver/package.sh'
[5.472s] INFO:colcon.colcon_core.shell:Creating package script '/home/HabitatROS/install/habitat_driver/share/habitat_driver/package.bash'
[5.474s] INFO:colcon.colcon_core.shell:Creating package script '/home/HabitatROS/install/habitat_driver/share/habitat_driver/package.zsh'
[5.476s] Level 1:colcon.colcon_core.environment:create_file_with_runtime_dependencies(/home/HabitatROS/install/habitat_driver/share/colcon-core/packages/habitat_driver)
[5.477s] DEBUG:colcon.colcon_parallel_executor.executor.parallel:closing loop
[5.478s] DEBUG:colcon.colcon_parallel_executor.executor.parallel:loop closed
[5.478s] DEBUG:colcon.colcon_parallel_executor.executor.parallel:run_until_complete finished with '0'
[5.479s] DEBUG:colcon.colcon_core.event_reactor:joining thread
[5.500s] INFO:colcon.colcon_core.plugin_system:Skipping extension 'colcon_notification.desktop_notification.notify_send': Could not find 'notify-send'
[5.500s] INFO:colcon.colcon_core.plugin_system:Skipping extension 'colcon_notification.desktop_notification.terminal_notifier': Not used on non-Darwin systems
[5.501s] INFO:colcon.colcon_core.plugin_system:Skipping extension 'colcon_notification.desktop_notification.win32': Not used on non-Windows systems
[5.501s] INFO:colcon.colcon_notification.desktop_notification:Sending desktop notification using 'notify2'
[5.501s] DEBUG:colcon.colcon_notification.desktop_notification.notify2:Failed to initialize notify2: org.freedesktop.DBus.Error.NotSupported: Unable to autolaunch a dbus-daemon without a $DISPLAY for X11
[5.501s] DEBUG:colcon.colcon_core.event_reactor:joined thread
[5.502s] INFO:colcon.colcon_core.shell:Creating prefix script '/home/HabitatROS/install/local_setup.ps1'
[5.506s] INFO:colcon.colcon_core.shell:Creating prefix util module '/home/HabitatROS/install/_local_setup_util_ps1.py'
[5.511s] INFO:colcon.colcon_core.shell:Creating prefix chain script '/home/HabitatROS/install/setup.ps1'
[5.515s] INFO:colcon.colcon_core.shell:Creating prefix script '/home/HabitatROS/install/local_setup.sh'
[5.518s] INFO:colcon.colcon_core.shell:Creating prefix util module '/home/HabitatROS/install/_local_setup_util_sh.py'
[5.521s] INFO:colcon.colcon_core.shell:Creating prefix chain script '/home/HabitatROS/install/setup.sh'
[5.525s] INFO:colcon.colcon_core.shell:Creating prefix script '/home/HabitatROS/install/local_setup.bash'
[5.527s] INFO:colcon.colcon_core.shell:Creating prefix chain script '/home/HabitatROS/install/setup.bash'
[5.531s] INFO:colcon.colcon_core.shell:Creating prefix script '/home/HabitatROS/install/local_setup.zsh'
[5.533s] INFO:colcon.colcon_core.shell:Creating prefix chain script '/home/HabitatROS/install/setup.zsh'
