[0.414s] DEBUG:colcon:Command line arguments: ['/usr/bin/colcon', 'build']
[0.414s] DEBUG:colcon:Parsed command line arguments: Namespace(log_base=None, log_level=None, verb_name='build', build_base='build', install_base='install', merge_install=False, symlink_install=False, test_result_base=None, continue_on_error=False, executor='parallel', parallel_workers=4, event_handlers=None, ignore_user_meta=False, metas=['./colcon.meta'], base_paths=['.'], packages_ignore=None, packages_ignore_regex=None, paths=None, packages_up_to=None, packages_up_to_regex=None, packages_above=None, packages_above_and_dependencies=None, packages_above_depth=None, packages_select_by_dep=None, packages_skip_by_dep=None, packages_skip_up_to=None, packages_select_build_failed=False, packages_skip_build_finished=False, packages_select_test_failures=False, packages_skip_test_passed=False, packages_select=None, packages_skip=None, packages_select_regex=None, packages_skip_regex=None, packages_start=None, packages_end=None, cmake_args=None, cmake_target=None, cmake_target_skip_unavailable=False, cmake_clean_cache=False, cmake_clean_first=False, cmake_force_configure=False, ament_cmake_args=None, catkin_cmake_args=None, catkin_skip_building_tests=False, mixin_files=None, mixin=None, verb_parser=<colcon_mixin.mixin.mixin_argument.MixinArgumentDecorator object at 0x7f83192050>, verb_extension=<colcon_core.verb.build.BuildVerb object at 0x7f832af220>, main=<bound method BuildVerb.main of <colcon_core.verb.build.BuildVerb object at 0x7f832af220>>, mixin_verb=('build',))
[0.831s] Level 1:colcon.colcon_core.package_discovery:discover_packages(colcon_meta) check parameters
[0.833s] INFO:colcon.colcon_metadata.package_discovery.colcon_meta:Using configuration from '/root/.colcon/metadata/default/Gazebo.meta'
[0.835s] INFO:colcon.colcon_metadata.package_discovery.colcon_meta:Using configuration from '/root/.colcon/metadata/default/fastdds.meta'
[0.837s] INFO:colcon.colcon_metadata.package_discovery.colcon_meta:Using configuration from '/root/.colcon/metadata/default/fastrtps.meta'
[0.837s] Level 1:colcon.colcon_core.package_discovery:discover_packages(recursive) check parameters
[0.837s] Level 1:colcon.colcon_core.package_discovery:discover_packages(ignore) check parameters
[0.838s] Level 1:colcon.colcon_core.package_discovery:discover_packages(path) check parameters
[0.838s] Level 1:colcon.colcon_core.package_discovery:discover_packages(colcon_meta) discover
[0.838s] Level 1:colcon.colcon_core.package_discovery:discover_packages(recursive) discover
[0.838s] INFO:colcon.colcon_core.package_discovery:Crawling recursively for packages in '/home/HabitatROS'
[0.838s] Level 1:colcon.colcon_core.package_identification:_identify(.) by extensions ['ignore', 'ignore_ament_install']
[0.839s] Level 1:colcon.colcon_core.package_identification:_identify(.) by extension 'ignore'
[0.839s] Level 1:colcon.colcon_core.package_identification:_identify(.) by extension 'ignore_ament_install'
[0.839s] Level 1:colcon.colcon_core.package_identification:_identify(.) by extensions ['colcon_pkg']
[0.839s] Level 1:colcon.colcon_core.package_identification:_identify(.) by extension 'colcon_pkg'
[0.839s] Level 1:colcon.colcon_core.package_identification:_identify(.) by extensions ['colcon_meta']
[0.839s] Level 1:colcon.colcon_core.package_identification:_identify(.) by extension 'colcon_meta'
[0.840s] Level 1:colcon.colcon_core.package_identification:_identify(.) by extensions ['ros']
[0.840s] Level 1:colcon.colcon_core.package_identification:_identify(.) by extension 'ros'
[0.883s] Level 1:colcon.colcon_core.package_identification:_identify(.) by extensions ['cmake', 'python']
[0.884s] Level 1:colcon.colcon_core.package_identification:_identify(.) by extension 'cmake'
[0.884s] Level 1:colcon.colcon_core.package_identification:_identify(.) by extension 'python'
[0.884s] Level 1:colcon.colcon_core.package_identification:_identify(.) by extensions ['python_setup_py']
[0.884s] Level 1:colcon.colcon_core.package_identification:_identify(.) by extension 'python_setup_py'
[0.884s] Level 1:colcon.colcon_core.package_identification:_identify(build) by extensions ['ignore', 'ignore_ament_install']
[0.885s] Level 1:colcon.colcon_core.package_identification:_identify(build) by extension 'ignore'
[0.885s] Level 1:colcon.colcon_core.package_identification:_identify(build) ignored
[0.885s] Level 1:colcon.colcon_core.package_identification:_identify(install) by extensions ['ignore', 'ignore_ament_install']
[0.886s] Level 1:colcon.colcon_core.package_identification:_identify(install) by extension 'ignore'
[0.886s] Level 1:colcon.colcon_core.package_identification:_identify(install) ignored
[0.886s] Level 1:colcon.colcon_core.package_identification:_identify(log) by extensions ['ignore', 'ignore_ament_install']
[0.886s] Level 1:colcon.colcon_core.package_identification:_identify(log) by extension 'ignore'
[0.887s] Level 1:colcon.colcon_core.package_identification:_identify(log) ignored
[0.887s] Level 1:colcon.colcon_core.package_identification:_identify(src) by extensions ['ignore', 'ignore_ament_install']
[0.887s] Level 1:colcon.colcon_core.package_identification:_identify(src) by extension 'ignore'
[0.887s] Level 1:colcon.colcon_core.package_identification:_identify(src) by extension 'ignore_ament_install'
[0.888s] Level 1:colcon.colcon_core.package_identification:_identify(src) by extensions ['colcon_pkg']
[0.888s] Level 1:colcon.colcon_core.package_identification:_identify(src) by extension 'colcon_pkg'
[0.888s] Level 1:colcon.colcon_core.package_identification:_identify(src) by extensions ['colcon_meta']
[0.888s] Level 1:colcon.colcon_core.package_identification:_identify(src) by extension 'colcon_meta'
[0.888s] Level 1:colcon.colcon_core.package_identification:_identify(src) by extensions ['ros']
[0.888s] Level 1:colcon.colcon_core.package_identification:_identify(src) by extension 'ros'
[0.889s] Level 1:colcon.colcon_core.package_identification:_identify(src) by extensions ['cmake', 'python']
[0.889s] Level 1:colcon.colcon_core.package_identification:_identify(src) by extension 'cmake'
[0.889s] Level 1:colcon.colcon_core.package_identification:_identify(src) by extension 'python'
[0.889s] Level 1:colcon.colcon_core.package_identification:_identify(src) by extensions ['python_setup_py']
[0.889s] Level 1:colcon.colcon_core.package_identification:_identify(src) by extension 'python_setup_py'
[0.889s] Level 1:colcon.colcon_core.package_identification:_identify(src/habitat_msgs) by extensions ['ignore', 'ignore_ament_install']
[0.890s] Level 1:colcon.colcon_core.package_identification:_identify(src/habitat_msgs) by extension 'ignore'
[0.890s] Level 1:colcon.colcon_core.package_identification:_identify(src/habitat_msgs) by extension 'ignore_ament_install'
[0.890s] Level 1:colcon.colcon_core.package_identification:_identify(src/habitat_msgs) by extensions ['colcon_pkg']
[0.890s] Level 1:colcon.colcon_core.package_identification:_identify(src/habitat_msgs) by extension 'colcon_pkg'
[0.890s] Level 1:colcon.colcon_core.package_identification:_identify(src/habitat_msgs) by extensions ['colcon_meta']
[0.890s] Level 1:colcon.colcon_core.package_identification:_identify(src/habitat_msgs) by extension 'colcon_meta'
[0.891s] Level 1:colcon.colcon_core.package_identification:_identify(src/habitat_msgs) by extensions ['ros']
[0.891s] Level 1:colcon.colcon_core.package_identification:_identify(src/habitat_msgs) by extension 'ros'
[0.898s] DEBUG:colcon.colcon_core.package_identification:Package 'src/habitat_msgs' with type 'ros.ament_cmake' and name 'habitat_msgs'
[0.899s] Level 1:colcon.colcon_core.package_discovery:discover_packages(recursive) using defaults
[0.899s] Level 1:colcon.colcon_core.package_discovery:discover_packages(ignore) discover
[0.899s] Level 1:colcon.colcon_core.package_discovery:discover_packages(ignore) using defaults
[0.899s] Level 1:colcon.colcon_core.package_discovery:discover_packages(path) discover
[0.899s] Level 1:colcon.colcon_core.package_discovery:discover_packages(path) using defaults
[0.971s] Level 5:colcon.colcon_core.verb:set package 'habitat_msgs' build argument 'cmake_args' from command line to 'None'
[0.971s] Level 5:colcon.colcon_core.verb:set package 'habitat_msgs' build argument 'cmake_target' from command line to 'None'
[0.971s] Level 5:colcon.colcon_core.verb:set package 'habitat_msgs' build argument 'cmake_target_skip_unavailable' from command line to 'False'
[0.972s] Level 5:colcon.colcon_core.verb:set package 'habitat_msgs' build argument 'cmake_clean_cache' from command line to 'False'
[0.972s] Level 5:colcon.colcon_core.verb:set package 'habitat_msgs' build argument 'cmake_clean_first' from command line to 'False'
[0.972s] Level 5:colcon.colcon_core.verb:set package 'habitat_msgs' build argument 'cmake_force_configure' from command line to 'False'
[0.972s] Level 5:colcon.colcon_core.verb:set package 'habitat_msgs' build argument 'ament_cmake_args' from command line to 'None'
[0.972s] Level 5:colcon.colcon_core.verb:set package 'habitat_msgs' build argument 'catkin_cmake_args' from command line to 'None'
[0.972s] Level 5:colcon.colcon_core.verb:set package 'habitat_msgs' build argument 'catkin_skip_building_tests' from command line to 'False'
[0.972s] DEBUG:colcon.colcon_core.verb:Building package 'habitat_msgs' with the following arguments: {'ament_cmake_args': None, 'build_base': '/home/HabitatROS/build/habitat_msgs', 'catkin_cmake_args': None, 'catkin_skip_building_tests': False, 'cmake_args': None, 'cmake_clean_cache': False, 'cmake_clean_first': False, 'cmake_force_configure': False, 'cmake_target': None, 'cmake_target_skip_unavailable': False, 'install_base': '/home/HabitatROS/install/habitat_msgs', 'merge_install': False, 'path': '/home/HabitatROS/src/habitat_msgs', 'symlink_install': False, 'test_result_base': None}
[0.973s] INFO:colcon.colcon_core.executor:Executing jobs using 'parallel' executor
[0.977s] DEBUG:colcon.colcon_parallel_executor.executor.parallel:run_until_complete
[0.978s] INFO:colcon.colcon_ros.task.ament_cmake.build:Building ROS package in '/home/HabitatROS/src/habitat_msgs' with build type 'ament_cmake'
[0.979s] INFO:colcon.colcon_cmake.task.cmake.build:Building CMake package in '/home/HabitatROS/src/habitat_msgs'
[0.987s] INFO:colcon.colcon_core.plugin_system:Skipping extension 'colcon_core.shell.bat': Not used on non-Windows systems
[0.988s] INFO:colcon.colcon_core.shell:Skip shell extension 'powershell' for command environment: Not usable outside of PowerShell
[0.988s] DEBUG:colcon.colcon_core.shell:Skip shell extension 'dsv' for command environment
[1.019s] DEBUG:colcon.colcon_core.event_handler.log_command:Invoking command in '/home/HabitatROS/build/habitat_msgs': CMAKE_PREFIX_PATH=/opt/ros/humble:${CMAKE_PREFIX_PATH} /usr/bin/cmake /home/HabitatROS/src/habitat_msgs -DCMAKE_INSTALL_PREFIX=/home/HabitatROS/install/habitat_msgs
[4.158s] DEBUG:colcon.colcon_core.event_handler.log_command:Invoked command in '/home/HabitatROS/build/habitat_msgs' returned '0': CMAKE_PREFIX_PATH=/opt/ros/humble:${CMAKE_PREFIX_PATH} /usr/bin/cmake /home/HabitatROS/src/habitat_msgs -DCMAKE_INSTALL_PREFIX=/home/HabitatROS/install/habitat_msgs
[4.164s] DEBUG:colcon.colcon_core.event_handler.log_command:Invoking command in '/home/HabitatROS/build/habitat_msgs': CMAKE_PREFIX_PATH=/opt/ros/humble:${CMAKE_PREFIX_PATH} /usr/bin/cmake --build /home/HabitatROS/build/habitat_msgs -- -j4 -l4
[5.337s] DEBUG:colcon.colcon_core.event_handler.log_command:Invoked command in '/home/HabitatROS/build/habitat_msgs' returned '0': CMAKE_PREFIX_PATH=/opt/ros/humble:${CMAKE_PREFIX_PATH} /usr/bin/cmake --build /home/HabitatROS/build/habitat_msgs -- -j4 -l4
[5.368s] DEBUG:colcon.colcon_core.event_handler.log_command:Invoking command in '/home/HabitatROS/build/habitat_msgs': CMAKE_PREFIX_PATH=/opt/ros/humble:${CMAKE_PREFIX_PATH} /usr/bin/cmake --install /home/HabitatROS/build/habitat_msgs
[5.595s] Level 1:colcon.colcon_core.environment:create_environment_scripts_only(habitat_msgs)
[5.603s] DEBUG:colcon.colcon_core.event_handler.log_command:Invoked command in '/home/HabitatROS/build/habitat_msgs' returned '0': CMAKE_PREFIX_PATH=/opt/ros/humble:${CMAKE_PREFIX_PATH} /usr/bin/cmake --install /home/HabitatROS/build/habitat_msgs
[5.610s] Level 1:colcon.colcon_core.environment:checking '/home/HabitatROS/install/habitat_msgs' for CMake module files
[5.613s] Level 1:colcon.colcon_core.environment:checking '/home/HabitatROS/install/habitat_msgs' for CMake config files
[5.615s] Level 1:colcon.colcon_core.shell:create_environment_hook('habitat_msgs', 'cmake_prefix_path')
[5.616s] INFO:colcon.colcon_core.shell:Creating environment hook '/home/HabitatROS/install/habitat_msgs/share/habitat_msgs/hook/cmake_prefix_path.ps1'
[5.618s] INFO:colcon.colcon_core.shell:Creating environment descriptor '/home/HabitatROS/install/habitat_msgs/share/habitat_msgs/hook/cmake_prefix_path.dsv'
[5.620s] INFO:colcon.colcon_core.shell:Creating environment hook '/home/HabitatROS/install/habitat_msgs/share/habitat_msgs/hook/cmake_prefix_path.sh'
[5.624s] Level 1:colcon.colcon_core.environment:checking '/home/HabitatROS/install/habitat_msgs/lib'
[5.625s] Level 1:colcon.colcon_core.shell:create_environment_hook('habitat_msgs', 'ld_library_path_lib')
[5.626s] INFO:colcon.colcon_core.shell:Creating environment hook '/home/HabitatROS/install/habitat_msgs/share/habitat_msgs/hook/ld_library_path_lib.ps1'
[5.627s] INFO:colcon.colcon_core.shell:Creating environment descriptor '/home/HabitatROS/install/habitat_msgs/share/habitat_msgs/hook/ld_library_path_lib.dsv'
[5.629s] INFO:colcon.colcon_core.shell:Creating environment hook '/home/HabitatROS/install/habitat_msgs/share/habitat_msgs/hook/ld_library_path_lib.sh'
[5.631s] Level 1:colcon.colcon_core.environment:checking '/home/HabitatROS/install/habitat_msgs/bin'
[5.631s] Level 1:colcon.colcon_core.environment:checking '/home/HabitatROS/install/habitat_msgs/lib/pkgconfig/habitat_msgs.pc'
[5.638s] Level 1:colcon.colcon_core.environment:checking '/home/HabitatROS/install/habitat_msgs/lib/python3.10/site-packages'
[5.639s] Level 1:colcon.colcon_core.environment:checking '/home/HabitatROS/install/habitat_msgs/bin'
[5.640s] INFO:colcon.colcon_core.shell:Creating package script '/home/HabitatROS/install/habitat_msgs/share/habitat_msgs/package.ps1'
[5.645s] INFO:colcon.colcon_core.shell:Creating package descriptor '/home/HabitatROS/install/habitat_msgs/share/habitat_msgs/package.dsv'
[5.648s] INFO:colcon.colcon_core.shell:Creating package script '/home/HabitatROS/install/habitat_msgs/share/habitat_msgs/package.sh'
[5.651s] INFO:colcon.colcon_core.shell:Creating package script '/home/HabitatROS/install/habitat_msgs/share/habitat_msgs/package.bash'
[5.654s] INFO:colcon.colcon_core.shell:Creating package script '/home/HabitatROS/install/habitat_msgs/share/habitat_msgs/package.zsh'
[5.657s] Level 1:colcon.colcon_core.environment:create_file_with_runtime_dependencies(/home/HabitatROS/install/habitat_msgs/share/colcon-core/packages/habitat_msgs)
[5.660s] Level 1:colcon.colcon_core.environment:create_environment_scripts_only(habitat_msgs)
[5.661s] Level 1:colcon.colcon_core.environment:checking '/home/HabitatROS/install/habitat_msgs' for CMake module files
[5.663s] Level 1:colcon.colcon_core.environment:checking '/home/HabitatROS/install/habitat_msgs' for CMake config files
[5.666s] Level 1:colcon.colcon_core.shell:create_environment_hook('habitat_msgs', 'cmake_prefix_path')
[5.666s] INFO:colcon.colcon_core.shell:Creating environment hook '/home/HabitatROS/install/habitat_msgs/share/habitat_msgs/hook/cmake_prefix_path.ps1'
[5.668s] INFO:colcon.colcon_core.shell:Creating environment descriptor '/home/HabitatROS/install/habitat_msgs/share/habitat_msgs/hook/cmake_prefix_path.dsv'
[5.670s] INFO:colcon.colcon_core.shell:Creating environment hook '/home/HabitatROS/install/habitat_msgs/share/habitat_msgs/hook/cmake_prefix_path.sh'
[5.672s] Level 1:colcon.colcon_core.environment:checking '/home/HabitatROS/install/habitat_msgs/lib'
[5.673s] Level 1:colcon.colcon_core.shell:create_environment_hook('habitat_msgs', 'ld_library_path_lib')
[5.674s] INFO:colcon.colcon_core.shell:Creating environment hook '/home/HabitatROS/install/habitat_msgs/share/habitat_msgs/hook/ld_library_path_lib.ps1'
[5.675s] INFO:colcon.colcon_core.shell:Creating environment descriptor '/home/HabitatROS/install/habitat_msgs/share/habitat_msgs/hook/ld_library_path_lib.dsv'
[5.677s] INFO:colcon.colcon_core.shell:Creating environment hook '/home/HabitatROS/install/habitat_msgs/share/habitat_msgs/hook/ld_library_path_lib.sh'
[5.679s] Level 1:colcon.colcon_core.environment:checking '/home/HabitatROS/install/habitat_msgs/bin'
[5.679s] Level 1:colcon.colcon_core.environment:checking '/home/HabitatROS/install/habitat_msgs/lib/pkgconfig/habitat_msgs.pc'
[5.680s] Level 1:colcon.colcon_core.environment:checking '/home/HabitatROS/install/habitat_msgs/lib/python3.10/site-packages'
[5.681s] Level 1:colcon.colcon_core.environment:checking '/home/HabitatROS/install/habitat_msgs/bin'
[5.682s] INFO:colcon.colcon_core.shell:Creating package script '/home/HabitatROS/install/habitat_msgs/share/habitat_msgs/package.ps1'
[5.685s] INFO:colcon.colcon_core.shell:Creating package descriptor '/home/HabitatROS/install/habitat_msgs/share/habitat_msgs/package.dsv'
[5.688s] INFO:colcon.colcon_core.shell:Creating package script '/home/HabitatROS/install/habitat_msgs/share/habitat_msgs/package.sh'
[5.690s] INFO:colcon.colcon_core.shell:Creating package script '/home/HabitatROS/install/habitat_msgs/share/habitat_msgs/package.bash'
[5.692s] INFO:colcon.colcon_core.shell:Creating package script '/home/HabitatROS/install/habitat_msgs/share/habitat_msgs/package.zsh'
[5.694s] Level 1:colcon.colcon_core.environment:create_file_with_runtime_dependencies(/home/HabitatROS/install/habitat_msgs/share/colcon-core/packages/habitat_msgs)
[5.695s] DEBUG:colcon.colcon_parallel_executor.executor.parallel:closing loop
[5.696s] DEBUG:colcon.colcon_parallel_executor.executor.parallel:loop closed
[5.696s] DEBUG:colcon.colcon_parallel_executor.executor.parallel:run_until_complete finished with '0'
[5.697s] DEBUG:colcon.colcon_core.event_reactor:joining thread
[5.715s] INFO:colcon.colcon_core.plugin_system:Skipping extension 'colcon_notification.desktop_notification.notify_send': Could not find 'notify-send'
[5.716s] INFO:colcon.colcon_core.plugin_system:Skipping extension 'colcon_notification.desktop_notification.terminal_notifier': Not used on non-Darwin systems
[5.716s] INFO:colcon.colcon_core.plugin_system:Skipping extension 'colcon_notification.desktop_notification.win32': Not used on non-Windows systems
[5.716s] INFO:colcon.colcon_notification.desktop_notification:Sending desktop notification using 'notify2'
[5.717s] DEBUG:colcon.colcon_notification.desktop_notification.notify2:Failed to initialize notify2: org.freedesktop.DBus.Error.NotSupported: Unable to autolaunch a dbus-daemon without a $DISPLAY for X11
[5.717s] DEBUG:colcon.colcon_core.event_reactor:joined thread
[5.718s] INFO:colcon.colcon_core.shell:Creating prefix script '/home/HabitatROS/install/local_setup.ps1'
[5.721s] INFO:colcon.colcon_core.shell:Creating prefix util module '/home/HabitatROS/install/_local_setup_util_ps1.py'
[5.727s] INFO:colcon.colcon_core.shell:Creating prefix chain script '/home/HabitatROS/install/setup.ps1'
[5.732s] INFO:colcon.colcon_core.shell:Creating prefix script '/home/HabitatROS/install/local_setup.sh'
[5.734s] INFO:colcon.colcon_core.shell:Creating prefix util module '/home/HabitatROS/install/_local_setup_util_sh.py'
[5.737s] INFO:colcon.colcon_core.shell:Creating prefix chain script '/home/HabitatROS/install/setup.sh'
[5.741s] INFO:colcon.colcon_core.shell:Creating prefix script '/home/HabitatROS/install/local_setup.bash'
[5.743s] INFO:colcon.colcon_core.shell:Creating prefix chain script '/home/HabitatROS/install/setup.bash'
[5.747s] INFO:colcon.colcon_core.shell:Creating prefix script '/home/HabitatROS/install/local_setup.zsh'
[5.749s] INFO:colcon.colcon_core.shell:Creating prefix chain script '/home/HabitatROS/install/setup.zsh'
