running develop
Removing /home/HabitatROS/install/habitat_driver/lib/python3.10/site-packages/habitat-driver.egg-link (link to .)
running egg_info
writing ../../build/habitat_driver/habitat_driver.egg-info/PKG-INFO
writing dependency_links to ../../build/habitat_driver/habitat_driver.egg-info/dependency_links.txt
writing entry points to ../../build/habitat_driver/habitat_driver.egg-info/entry_points.txt
writing requirements to ../../build/habitat_driver/habitat_driver.egg-info/requires.txt
writing top-level names to ../../build/habitat_driver/habitat_driver.egg-info/top_level.txt
reading manifest file '../../build/habitat_driver/habitat_driver.egg-info/SOURCES.txt'
writing manifest file '../../build/habitat_driver/habitat_driver.egg-info/SOURCES.txt'
running build
running build_py
creating /home/HabitatROS/build/habitat_driver/build
creating /home/HabitatROS/build/habitat_driver/build/lib
creating /home/HabitatROS/build/habitat_driver/build/lib/habitat_driver
copying habitat_driver/sht41_node.py -> /home/HabitatROS/build/habitat_driver/build/lib/habitat_driver
copying habitat_driver/sub.py -> /home/HabitatROS/build/habitat_driver/build/lib/habitat_driver
copying habitat_driver/sht41_node1.py -> /home/HabitatROS/build/habitat_driver/build/lib/habitat_driver
copying habitat_driver/ema.py -> /home/HabitatROS/build/habitat_driver/build/lib/habitat_driver
copying habitat_driver/__init__.py -> /home/HabitatROS/build/habitat_driver/build/lib/habitat_driver
running install
running install_lib
creating /home/HabitatROS/install/habitat_driver/lib/python3.10/site-packages/habitat_driver
copying /home/HabitatROS/build/habitat_driver/build/lib/habitat_driver/sht41_node.py -> /home/HabitatROS/install/habitat_driver/lib/python3.10/site-packages/habitat_driver
copying /home/HabitatROS/build/habitat_driver/build/lib/habitat_driver/sub.py -> /home/HabitatROS/install/habitat_driver/lib/python3.10/site-packages/habitat_driver
copying /home/HabitatROS/build/habitat_driver/build/lib/habitat_driver/sht41_node1.py -> /home/HabitatROS/install/habitat_driver/lib/python3.10/site-packages/habitat_driver
copying /home/HabitatROS/build/habitat_driver/build/lib/habitat_driver/ema.py -> /home/HabitatROS/install/habitat_driver/lib/python3.10/site-packages/habitat_driver
copying /home/HabitatROS/build/habitat_driver/build/lib/habitat_driver/__init__.py -> /home/HabitatROS/install/habitat_driver/lib/python3.10/site-packages/habitat_driver
byte-compiling /home/HabitatROS/install/habitat_driver/lib/python3.10/site-packages/habitat_driver/sht41_node.py to sht41_node.cpython-310.pyc
byte-compiling /home/HabitatROS/install/habitat_driver/lib/python3.10/site-packages/habitat_driver/sub.py to sub.cpython-310.pyc
byte-compiling /home/HabitatROS/install/habitat_driver/lib/python3.10/site-packages/habitat_driver/sht41_node1.py to sht41_node1.cpython-310.pyc
byte-compiling /home/HabitatROS/install/habitat_driver/lib/python3.10/site-packages/habitat_driver/ema.py to ema.cpython-310.pyc
byte-compiling /home/HabitatROS/install/habitat_driver/lib/python3.10/site-packages/habitat_driver/__init__.py to __init__.cpython-310.pyc
running install_data
copying resource/habitat_driver -> /home/HabitatROS/install/habitat_driver/share/ament_index/resource_index/packages
copying package.xml -> /home/HabitatROS/install/habitat_driver/share/habitat_driver
running install_egg_info
Copying ../../build/habitat_driver/habitat_driver.egg-info to /home/HabitatROS/install/habitat_driver/lib/python3.10/site-packages/habitat_driver-0.0.0-py3.10.egg-info
running install_scripts
Installing sht41_node script to /home/HabitatROS/install/habitat_driver/lib/habitat_driver
writing list of installed files to '/home/HabitatROS/build/habitat_driver/install.log'
