[1.978s] Invoking command in '/home/HabitatROS/build/habitat_driver': PYTHONPATH=/home/HabitatROS/build/habitat_driver/prefix_override:/usr/lib/python3/dist-packages/colcon_core/task/python/colcon_distutils_commands:/home/HabitatROS/install/habitat_driver/lib/python3.10/site-packages:${PYTHONPATH} /usr/bin/python3 -W ignore:setup.py install is deprecated -W ignore:easy_install command is deprecated setup.py develop --uninstall --editable --build-directory /home/HabitatROS/build/habitat_driver/build
[2.732s] running develop
[3.058s] Removing /home/HabitatROS/install/habitat_driver/lib/python3.10/site-packages/habitat-driver.egg-link (link to .)
[3.176s] Invoked command in '/home/HabitatROS/build/habitat_driver' returned '0': PYTHONPATH=/home/HabitatROS/build/habitat_driver/prefix_override:/usr/lib/python3/dist-packages/colcon_core/task/python/colcon_distutils_commands:/home/HabitatROS/install/habitat_driver/lib/python3.10/site-packages:${PYTHONPATH} /usr/bin/python3 -W ignore:setup.py install is deprecated -W ignore:easy_install command is deprecated setup.py develop --uninstall --editable --build-directory /home/HabitatROS/build/habitat_driver/build
[3.182s] Invoking command in '/home/HabitatROS/src/habitat_driver': PYTHONPATH=/home/HabitatROS/build/habitat_driver/prefix_override:/usr/lib/python3/dist-packages/colcon_core/task/python/colcon_distutils_commands:/home/HabitatROS/install/habitat_driver/lib/python3.10/site-packages:${PYTHONPATH} /usr/bin/python3 -W ignore:setup.py install is deprecated -W ignore:easy_install command is deprecated setup.py egg_info --egg-base ../../build/habitat_driver build --build-base /home/HabitatROS/build/habitat_driver/build install --record /home/HabitatROS/build/habitat_driver/install.log --install-scripts $base/lib/habitat_driver --single-version-externally-managed install_data --force
[3.864s] running egg_info
[3.866s] writing ../../build/habitat_driver/habitat_driver.egg-info/PKG-INFO
[3.868s] writing dependency_links to ../../build/habitat_driver/habitat_driver.egg-info/dependency_links.txt
[3.868s] writing entry points to ../../build/habitat_driver/habitat_driver.egg-info/entry_points.txt
[3.869s] writing requirements to ../../build/habitat_driver/habitat_driver.egg-info/requires.txt
[3.870s] writing top-level names to ../../build/habitat_driver/habitat_driver.egg-info/top_level.txt
[3.876s] reading manifest file '../../build/habitat_driver/habitat_driver.egg-info/SOURCES.txt'
[3.881s] writing manifest file '../../build/habitat_driver/habitat_driver.egg-info/SOURCES.txt'
[3.881s] running build
[3.882s] running build_py
[3.882s] creating /home/HabitatROS/build/habitat_driver/build
[3.883s] creating /home/HabitatROS/build/habitat_driver/build/lib
[3.883s] creating /home/HabitatROS/build/habitat_driver/build/lib/habitat_driver
[3.884s] copying habitat_driver/sht41_node.py -> /home/HabitatROS/build/habitat_driver/build/lib/habitat_driver
[3.884s] copying habitat_driver/sub.py -> /home/HabitatROS/build/habitat_driver/build/lib/habitat_driver
[3.884s] copying habitat_driver/sht41_node1.py -> /home/HabitatROS/build/habitat_driver/build/lib/habitat_driver
[3.886s] copying habitat_driver/ema.py -> /home/HabitatROS/build/habitat_driver/build/lib/habitat_driver
[3.886s] copying habitat_driver/__init__.py -> /home/HabitatROS/build/habitat_driver/build/lib/habitat_driver
[3.889s] running install
[3.889s] running install_lib
[3.892s] creating /home/HabitatROS/install/habitat_driver/lib/python3.10/site-packages/habitat_driver
[3.892s] copying /home/HabitatROS/build/habitat_driver/build/lib/habitat_driver/sht41_node.py -> /home/HabitatROS/install/habitat_driver/lib/python3.10/site-packages/habitat_driver
[3.892s] copying /home/HabitatROS/build/habitat_driver/build/lib/habitat_driver/sub.py -> /home/HabitatROS/install/habitat_driver/lib/python3.10/site-packages/habitat_driver
[3.893s] copying /home/HabitatROS/build/habitat_driver/build/lib/habitat_driver/sht41_node1.py -> /home/HabitatROS/install/habitat_driver/lib/python3.10/site-packages/habitat_driver
[3.894s] copying /home/HabitatROS/build/habitat_driver/build/lib/habitat_driver/ema.py -> /home/HabitatROS/install/habitat_driver/lib/python3.10/site-packages/habitat_driver
[3.894s] copying /home/HabitatROS/build/habitat_driver/build/lib/habitat_driver/__init__.py -> /home/HabitatROS/install/habitat_driver/lib/python3.10/site-packages/habitat_driver
[3.896s] byte-compiling /home/HabitatROS/install/habitat_driver/lib/python3.10/site-packages/habitat_driver/sht41_node.py to sht41_node.cpython-310.pyc
[3.899s] byte-compiling /home/HabitatROS/install/habitat_driver/lib/python3.10/site-packages/habitat_driver/sub.py to sub.cpython-310.pyc
[3.900s] Sorry: TabError: inconsistent use of tabs and spaces in indentation (sub.py, line 19)
[3.900s] byte-compiling /home/HabitatROS/install/habitat_driver/lib/python3.10/site-packages/habitat_driver/sht41_node1.py to sht41_node1.cpython-310.pyc
[3.901s] byte-compiling /home/HabitatROS/install/habitat_driver/lib/python3.10/site-packages/habitat_driver/ema.py to ema.cpython-310.pyc
[3.903s] byte-compiling /home/HabitatROS/install/habitat_driver/lib/python3.10/site-packages/habitat_driver/__init__.py to __init__.cpython-310.pyc
[3.903s] running install_data
[3.904s] copying resource/habitat_driver -> /home/HabitatROS/install/habitat_driver/share/ament_index/resource_index/packages
[3.904s] copying package.xml -> /home/HabitatROS/install/habitat_driver/share/habitat_driver
[3.905s] running install_egg_info
[3.915s] Copying ../../build/habitat_driver/habitat_driver.egg-info to /home/HabitatROS/install/habitat_driver/lib/python3.10/site-packages/habitat_driver-0.0.0-py3.10.egg-info
[3.920s] running install_scripts
[3.990s] Installing sht41_node script to /home/HabitatROS/install/habitat_driver/lib/habitat_driver
[3.992s] writing list of installed files to '/home/HabitatROS/build/habitat_driver/install.log'
[4.105s] Invoked command in '/home/HabitatROS/src/habitat_driver' returned '0': PYTHONPATH=/home/HabitatROS/build/habitat_driver/prefix_override:/usr/lib/python3/dist-packages/colcon_core/task/python/colcon_distutils_commands:/home/HabitatROS/install/habitat_driver/lib/python3.10/site-packages:${PYTHONPATH} /usr/bin/python3 -W ignore:setup.py install is deprecated -W ignore:easy_install command is deprecated setup.py egg_info --egg-base ../../build/habitat_driver build --build-base /home/HabitatROS/build/habitat_driver/build install --record /home/HabitatROS/build/habitat_driver/install.log --install-scripts $base/lib/habitat_driver --single-version-externally-managed install_data --force
